Archive member included because of file (symbol)

build/sky/contiki-ng-sky.a(uart1-putchar.o)
                              coord.o (putchar)
build/sky/contiki-ng-sky.a(platform.o)
                              build/sky/obj/contiki-main.o (platform_init_stage_one)
build/sky/contiki-ng-sky.a(msp430.o)
                              build/sky/contiki-ng-sky.a(platform.o) (msp430_dco_required)
build/sky/contiki-ng-sky.a(clock.o)
                              build/sky/obj/contiki-main.o (clock_init)
build/sky/contiki-ng-sky.a(leds.o)
                              build/sky/contiki-ng-sky.a(platform.o) (leds_init)
build/sky/contiki-ng-sky.a(leds-arch.o)
                              build/sky/contiki-ng-sky.a(leds.o) (leds_arch_init)
build/sky/contiki-ng-sky.a(watchdog.o)
                              build/sky/obj/contiki-main.o (watchdog_start)
build/sky/contiki-ng-sky.a(autostart.o)
                              build/sky/obj/contiki-main.o (autostart_start)
build/sky/contiki-ng-sky.a(log.o)
                              coord.o (log_lladdr)
build/sky/contiki-ng-sky.a(energest.o)
                              build/sky/obj/contiki-main.o (energest_init)
build/sky/contiki-ng-sky.a(etimer.o)
                              build/sky/contiki-ng-sky.a(clock.o) (etimer_request_poll)
build/sky/contiki-ng-sky.a(node-id.o)
                              build/sky/obj/contiki-main.o (node_id_init)
build/sky/contiki-ng-sky.a(ctimer.o)
                              build/sky/obj/contiki-main.o (ctimer_init)
build/sky/contiki-ng-sky.a(process.o)
                              build/sky/contiki-ng-sky.a(etimer.o) (process_current)
build/sky/contiki-ng-sky.a(rtimer.o)
                              build/sky/obj/contiki-main.o (rtimer_init)
build/sky/contiki-ng-sky.a(timer.o)
                              build/sky/contiki-ng-sky.a(platform.o) (timer_set)
build/sky/contiki-ng-sky.a(stack-check.o)
                              build/sky/obj/contiki-main.o (stack_check_init)
build/sky/contiki-ng-sky.a(list.o)
                              build/sky/contiki-ng-sky.a(ctimer.o) (list_init)
build/sky/contiki-ng-sky.a(random.o)
                              build/sky/contiki-ng-sky.a(platform.o) (random_init)
build/sky/contiki-ng-sky.a(serial-line.o)
                              build/sky/contiki-ng-sky.a(platform.o) (serial_line_input_byte)
build/sky/contiki-ng-sky.a(queuebuf.o)
                              build/sky/obj/contiki-main.o (queuebuf_init)
build/sky/contiki-ng-sky.a(packetbuf.o)
                              build/sky/contiki-ng-sky.a(queuebuf.o) (packetbuf_copyto)
build/sky/contiki-ng-sky.a(netstack.o)
                              build/sky/obj/contiki-main.o (netstack_init)
build/sky/contiki-ng-sky.a(linkaddr.o)
                              coord.o (linkaddr_copy)
build/sky/contiki-ng-sky.a(csma.o)
                              build/sky/obj/contiki-main.o (csma_driver)
build/sky/contiki-ng-sky.a(csma-output.o)
                              build/sky/contiki-ng-sky.a(csma.o) (csma_output_packet)
build/sky/contiki-ng-sky.a(nullnet.o)
                              coord.o (nullnet_len)
build/sky/contiki-ng-sky.a(nullrouting.o)
                              build/sky/obj/contiki-main.o (nullrouting_driver)
build/sky/contiki-ng-sky.a(contiki-sky-pla)
                              build/sky/contiki-ng-sky.a(platform.o) (init_platform)
build/sky/contiki-ng-sky.a(button-sensor.o)
                              build/sky/contiki-ng-sky.a(contiki-sky-pla) (button_sensor)
build/sky/contiki-ng-sky.a(ds2411.o)
                              build/sky/contiki-ng-sky.a(platform.o) (ds2411_init)
build/sky/contiki-ng-sky.a(xmem.o)
                              build/sky/contiki-ng-sky.a(platform.o) (xmem_init)
build/sky/contiki-ng-sky.a(sensors.o)
                              build/sky/contiki-ng-sky.a(button-sensor.o) (sensors_changed)
build/sky/contiki-ng-sky.a(cc2420.o)
                              build/sky/contiki-ng-sky.a(platform.o) (cc2420_set_pan_addr)
build/sky/contiki-ng-sky.a(cc2420-arch.o)
                              build/sky/contiki-ng-sky.a(cc2420.o) (cc2420_arch_init)
build/sky/contiki-ng-sky.a(uart1.o)
                              build/sky/contiki-ng-sky.a(platform.o) (uart1_active)
build/sky/contiki-ng-sky.a(rtimer-arch.o)
                              build/sky/contiki-ng-sky.a(rtimer.o) (rtimer_arch_init)
build/sky/contiki-ng-sky.a(memb.o)
                              build/sky/contiki-ng-sky.a(queuebuf.o) (memb_init)
build/sky/contiki-ng-sky.a(ringbuf.o)
                              build/sky/contiki-ng-sky.a(serial-line.o) (ringbuf_init)
build/sky/contiki-ng-sky.a(mac-sequence.o)
                              build/sky/contiki-ng-sky.a(csma.o) (mac_sequence_is_duplicate)
build/sky/contiki-ng-sky.a(mac.o)
                              build/sky/contiki-ng-sky.a(csma-output.o) (mac_call_sent_callback)
build/sky/contiki-ng-sky.a(framer-802154.o)
[...]
Memory Configuration

Name             Origin             Length             Attributes
sfr              0x0000000000000000 0x0000000000000010
peripheral_8bit  0x0000000000000010 0x00000000000000f0
peripheral_16bit 0x0000000000000100 0x0000000000000100
ram_mirror       0x0000000000000200 0x0000000000000800 xw
infomem          0x0000000000001000 0x0000000000000100
infob            0x0000000000001000 0x0000000000000080
infoa            0x0000000000001080 0x0000000000000080
ram              0x0000000000001100 0x0000000000002800 xw
rom              0x0000000000004000 0x000000000000bfe0 xr
vectors          0x000000000000ffe0 0x0000000000000020
bsl              0x0000000000000000 0x0000000000000000
infoc            0x0000000000000000 0x0000000000000000
infod            0x0000000000000000 0x0000000000000000
ram2             0x0000000000000000 0x0000000000000000 xw
usbram           0x0000000000000000 0x0000000000000000 xw
far_rom          0x0000000000000000 0x0000000000000000
*default*        0x0000000000000000 0xffffffffffffffff

Linker script and memory map

LOAD /usr/lib/gcc/msp430/4.6.3/mmpy-16/crt0ivtbl16.o
                0x0000000000001cfc                _stack = _end
LOAD coord.o
LOAD build/sky/obj/contiki-main.o
LOAD build/sky/contiki-ng-sky.a
LOAD /usr/lib/gcc/msp430/4.6.3/mmpy-16/libgcc.a
LOAD /usr/lib/gcc/msp430/4.6.3/../../../../msp430/lib/mmpy-16/libc.a
LOAD /usr/lib/gcc/msp430/4.6.3/mmpy-16/libgcc.a
LOAD /usr/lib/gcc/msp430/4.6.3/mmpy-16/libcrt0.a
                0x0000000000000080                PROVIDE (__info_segment_size, 0x80)
                0x0000000000001000                PROVIDE (__infob, 0x1000)
                0x0000000000001080                PROVIDE (__infoa, 0x1080)
                0x0000000000000000                __IE1 = 0x0
                0x0000000000000002                __IFG1 = 0x2
                0x0000000000000004                __ME1 = 0x4
                0x0000000000000001                __IE2 = 0x1
                0x0000000000000003                __IFG2 = 0x3
                0x0000000000000005                __ME2 = 0x5
                0x0000000000000120                __WDTCTL = 0x120
                0x0000000000000130                __MPY = 0x130
                0x0000000000000132                __MPYS = 0x132
                0x0000000000000134                __MAC = 0x134
                0x0000000000000136                __MACS = 0x136
                0x0000000000000138                __OP2 = 0x138
                0x000000000000013a                __RESLO = 0x13a
                0x000000000000013c                __RESHI = 0x13c
                0x000000000000013e                __SUMEXT = 0x13e
                0x0000000000000020                __P1IN = 0x20
                0x0000000000000021                __P1OUT = 0x21
                0x0000000000000022                __P1DIR = 0x22
                0x0000000000000023                __P1IFG = 0x23
                0x0000000000000024                __P1IES = 0x24
                0x0000000000000025                __P1IE = 0x25
                0x0000000000000026                __P1SEL = 0x26
                0x0000000000000028                __P2IN = 0x28
                0x0000000000000029                __P2OUT = 0x29
                0x000000000000002a                __P2DIR = 0x2a
                0x000000000000002b                __P2IFG = 0x2b
                0x000000000000002c                __P2IES = 0x2c
                0x000000000000002d                __P2IE = 0x2d
                0x000000000000002e                __P2SEL = 0x2e
                0x0000000000000018                __P3IN = 0x18
                0x0000000000000019                __P3OUT = 0x19
                0x000000000000001a                __P3DIR = 0x1a
                0x000000000000001b                __P3SEL = 0x1b
                0x000000000000001c                __P4IN = 0x1c
                0x000000000000001d                __P4OUT = 0x1d
                0x000000000000001e                __P4DIR = 0x1e
                0x000000000000001f                __P4SEL = 0x1f
                0x0000000000000030                __P5IN = 0x30
                0x0000000000000031                __P5OUT = 0x31
                0x0000000000000032                __P5DIR = 0x32
                0x0000000000000033                __P5SEL = 0x33
                0x0000000000000034                __P6IN = 0x34
                0x0000000000000035                __P6OUT = 0x35
                0x0000000000000036                __P6DIR = 0x36
                0x0000000000000037                __P6SEL = 0x37
                0x0000000000000070                __U0CTL = 0x70
                0x0000000000000071                __U0TCTL = 0x71
                0x0000000000000072                __U0RCTL = 0x72
                0x0000000000000073                __U0MCTL = 0x73
                0x0000000000000074                __U0BR0 = 0x74
                0x0000000000000075                __U0BR1 = 0x75
                0x0000000000000076                __U0RXBUF = 0x76
                0x0000000000000077                __U0TXBUF = 0x77
                0x0000000000000078                __U1CTL = 0x78
                0x0000000000000079                __U1TCTL = 0x79
                0x000000000000007a                __U1RCTL = 0x7a
                0x000000000000007b                __U1MCTL = 0x7b
                0x000000000000007c                __U1BR0 = 0x7c
                0x000000000000007d                __U1BR1 = 0x7d
                0x000000000000007e                __U1RXBUF = 0x7e
                0x000000000000007f                __U1TXBUF = 0x7f
                0x0000000000000050                __I2CIE = 0x50
                0x0000000000000051                __I2CIFG = 0x51
                0x0000000000000052                __I2CNDAT = 0x52
                0x0000000000000071                __I2CTCTL = 0x71
                0x0000000000000072                __I2CDCTL = 0x72
                0x0000000000000073                __I2CPSC = 0x73
                0x0000000000000074                __I2CSCLH = 0x74
                0x0000000000000075                __I2CSCLL = 0x75
                0x0000000000000076                __I2CDRB = 0x76
                0x0000000000000076                __I2CDRW = 0x76
                0x0000000000000118                __I2COA = 0x118
                0x000000000000011a                __I2CSA = 0x11a
                0x000000000000011c                __I2CIV = 0x11c
                0x000000000000012e                __TAIV = 0x12e
                0x0000000000000160                __TACTL = 0x160
                0x0000000000000162                __TACCTL0 = 0x162
                0x0000000000000164                __TACCTL1 = 0x164
                0x0000000000000166                __TACCTL2 = 0x166
                0x0000000000000170                __TAR = 0x170
                0x0000000000000172                __TACCR0 = 0x172
                0x0000000000000174                __TACCR1 = 0x174
                0x0000000000000176                __TACCR2 = 0x176
                0x000000000000011e                __TBIV = 0x11e
                0x0000000000000180                __TBCTL = 0x180
                0x0000000000000182                __TBCCTL0 = 0x182
                0x0000000000000184                __TBCCTL1 = 0x184
                0x0000000000000186                __TBCCTL2 = 0x186
                0x0000000000000188                __TBCCTL3 = 0x188
                0x000000000000018a                __TBCCTL4 = 0x18a
                0x000000000000018c                __TBCCTL5 = 0x18c
                0x000000000000018e                __TBCCTL6 = 0x18e
                0x0000000000000190                __TBR = 0x190
                0x0000000000000192                __TBCCR0 = 0x192
                0x0000000000000194                __TBCCR1 = 0x194
                0x0000000000000196                __TBCCR2 = 0x196
                0x0000000000000198                __TBCCR3 = 0x198
                0x000000000000019a                __TBCCR4 = 0x19a
                0x000000000000019c                __TBCCR5 = 0x19c
                0x000000000000019e                __TBCCR6 = 0x19e
                0x0000000000000056                __DCOCTL = 0x56
                0x0000000000000057                __BCSCTL1 = 0x57
                0x0000000000000058                __BCSCTL2 = 0x58
                0x0000000000000055                __SVSCTL = 0x55
                0x0000000000000128                __FCTL1 = 0x128
                0x000000000000012a                __FCTL2 = 0x12a
                0x000000000000012c                __FCTL3 = 0x12c
                0x0000000000000059                __CACTL1 = 0x59
                0x000000000000005a                __CACTL2 = 0x5a
                0x000000000000005b                __CAPD = 0x5b
                0x00000000000001a0                __ADC12CTL0 = 0x1a0
                0x00000000000001a2                __ADC12CTL1 = 0x1a2
                0x00000000000001a4                __ADC12IFG = 0x1a4
                0x00000000000001a6                __ADC12IE = 0x1a6
                0x00000000000001a8                __ADC12IV = 0x1a8
                0x0000000000000140                __ADC12MEM0 = 0x140
                0x0000000000000142                __ADC12MEM1 = 0x142
                0x0000000000000144                __ADC12MEM2 = 0x144
                0x0000000000000146                __ADC12MEM3 = 0x146
                0x0000000000000148                __ADC12MEM4 = 0x148
                0x000000000000014a                __ADC12MEM5 = 0x14a
                0x000000000000014c                __ADC12MEM6 = 0x14c
                0x000000000000014e                __ADC12MEM7 = 0x14e
                0x0000000000000150                __ADC12MEM8 = 0x150
                0x0000000000000152                __ADC12MEM9 = 0x152
                0x0000000000000154                __ADC12MEM10 = 0x154
                0x0000000000000156                __ADC12MEM11 = 0x156
                0x0000000000000158                __ADC12MEM12 = 0x158
                0x000000000000015a                __ADC12MEM13 = 0x15a
                0x000000000000015c                __ADC12MEM14 = 0x15c
                0x000000000000015e                __ADC12MEM15 = 0x15e
                0x0000000000000080                __ADC12MCTL0 = 0x80
                0x0000000000000081                __ADC12MCTL1 = 0x81
                0x0000000000000082                __ADC12MCTL2 = 0x82
                0x0000000000000083                __ADC12MCTL3 = 0x83
                0x0000000000000084                __ADC12MCTL4 = 0x84
                0x0000000000000085                __ADC12MCTL5 = 0x85
                0x0000000000000086                __ADC12MCTL6 = 0x86
                0x0000000000000087                __ADC12MCTL7 = 0x87
                0x0000000000000088                __ADC12MCTL8 = 0x88
                0x0000000000000089                __ADC12MCTL9 = 0x89
                0x000000000000008a                __ADC12MCTL10 = 0x8a
                0x000000000000008b                __ADC12MCTL11 = 0x8b
                0x000000000000008c                __ADC12MCTL12 = 0x8c
                0x000000000000008d                __ADC12MCTL13 = 0x8d
                0x000000000000008e                __ADC12MCTL14 = 0x8e
                0x000000000000008f                __ADC12MCTL15 = 0x8f
                0x00000000000001c0                __DAC12_0CTL = 0x1c0
                0x00000000000001c2                __DAC12_1CTL = 0x1c2
                0x00000000000001c8                __DAC12_0DAT = 0x1c8
                0x00000000000001ca                __DAC12_1DAT = 0x1ca
                0x0000000000000122                __DMACTL0 = 0x122
                0x0000000000000124                __DMACTL1 = 0x124
                0x00000000000001e0                __DMA0CTL = 0x1e0
                0x00000000000001e8                __DMA1CTL = 0x1e8
                0x00000000000001f0                __DMA2CTL = 0x1f0
                0x00000000000001e2                __DMA0SA = 0x1e2
                0x00000000000001e4                __DMA0DA = 0x1e4
                0x00000000000001e6                __DMA0SZ = 0x1e6
                0x00000000000001ea                __DMA1SA = 0x1ea
                0x00000000000001ec                __DMA1DA = 0x1ec
                0x00000000000001ee                __DMA1SZ = 0x1ee
                0x00000000000001f2                __DMA2SA = 0x1f2
                0x00000000000001f4                __DMA2DA = 0x1f4
                0x00000000000001f6                __DMA2SZ = 0x1f6

.hash
 *(.hash)

.dynsym
 *(.dynsym)

.dynstr
 *(.dynstr)

.gnu.version
 *(.gnu.version)

.gnu.version_d
 *(.gnu.version_d)

.gnu.version_r
 *(.gnu.version_r)

.rel.init
 *(.rel.init)

.rela.init
 *(.rela.init)

.rel.fini
 *(.rel.fini)

.rela.fini
 *(.rela.fini)

.rel.text
 *(.rel.text .rel.text.* .rel.gnu.linkonce.t.*)

.rela.text
 *(.rela.text .rela.text.* .rela.gnu.linkonce.t.*)

.rel.rodata
 *(.rel.rodata .rel.rodata.* .rel.gnu.linkonce.r.*)

.rela.rodata
 *(.rela.rodata .rela.rodata.* .rela.gnu.linkonce.r.*)

.rel.data
 *(.rel.data .rel.data.* .rel.gnu.linkonce.d.*)

.rela.data
 *(.rela.data .rela.data.* .rela.gnu.linkonce.d.*)

.rel.bss
 *(.rel.bss .rel.bss.* .rel.gnu.linkonce.b.*)

.rela.bss
 *(.rela.bss .rela.bss.* .rela.gnu.linkonce.b.*)

.rel.ctors
 *(.rel.ctors)

.rela.ctors
 *(.rela.ctors)

.rel.dtors
 *(.rel.dtors)

.rela.dtors
 *(.rela.dtors)

.rel.got
 *(.rel.got)

.rela.got
 *(.rela.got)

.rel.plt
 *(.rel.plt)

.rela.plt
 *(.rela.plt)

.text           0x0000000000004000     0x4344
                0x0000000000004000                . = ALIGN (0x2)
 *(.init .init.*)
 *(.init0)
 .init0         0x0000000000004000        0x0 /usr/lib/gcc/msp430/4.6.3/mmpy-16/libcrt0.a(_reset_vector__.o)
                0x0000000000004000                _reset_vector__
 *(.init1)
 .init1         0x0000000000004000        0xc /usr/lib/gcc/msp430/4.6.3/mmpy-16/libcrt0.a(__watchdog_support.o)
                0x0000000000004000                __watchdog_support
 *(.init2)
 .init2         0x000000000000400c        0x4 /usr/lib/gcc/msp430/4.6.3/mmpy-16/libcrt0.a(__init_stack.o)
                0x000000000000400c                __init_stack
 *(.init3)
 .init3         0x0000000000004010        0x0 /usr/lib/gcc/msp430/4.6.3/mmpy-16/libcrt0.a(__low_level_init.o)
                0x0000000000004010                __low_level_init
 *(.init4)
 .init4         0x0000000000004010       0x18 /usr/lib/gcc/msp430/4.6.3/mmpy-16/libcrt0.a(_copy_data.o)
                0x0000000000004010                __do_copy_data
 .init4         0x0000000000004028       0x16 /usr/lib/gcc/msp430/4.6.3/mmpy-16/libcrt0.a(_clear_bss.o)
                0x0000000000004028                __do_clear_bss
 *(.init5)
 *(.init6)
 *(.init7)
 *(.init8)
 *(.init9)
 .init9         0x000000000000403e      0x1c4 build/sky/obj/contiki-main.o
                0x000000000000403e                main
 *(.fini9)
 .fini9         0x0000000000004202        0x0 /usr/lib/gcc/msp430/4.6.3/mmpy-16/libcrt0.a(__stop_progExec__.o)
                0x0000000000004202                __stop_progExec__
 *(.fini8)
 *(.fini7)
 *(.fini6)
 *(.fini5)
 *(.fini4)
 *(.fini3)
 *(.fini2)
 *(.fini1)
 *(.fini0)
 .fini0         0x0000000000004202        0x6 /usr/lib/gcc/msp430/4.6.3/mmpy-16/libcrt0.a(_endless_loop__.o)
                0x0000000000004202                _endless_loop__
 *(.fini .fini.*)
                0x0000000000004208                . = ALIGN (0x2)
                0x0000000000004208                __ctors_start = .
 *(.ctors)
                0x0000000000004208                __ctors_end = .
                0x0000000000004208                __dtors_start = .
 *(.dtors)
                0x0000000000004208                __dtors_end = .
                0x0000000000004208                . = ALIGN (0x2)
 *(.text .text.* .gnu.linkonce.t.*)
 .text          0x0000000000004208        0x4 /usr/lib/gcc/msp430/4.6.3/mmpy-16/crt0ivtbl16.o
                0x0000000000004208                __isr_14
                0x0000000000004208                __isr_11
                0x0000000000004208                __isr_2
                0x0000000000004208                __isr_7
                0x0000000000004208                __isr_0
                0x0000000000004208                __isr_8
                0x0000000000004208                __isr_3
                0x0000000000004208                __isr_12
                0x0000000000004208                __isr_13
                0x0000000000004208                __isr_9
 .text.process_thread_associator_process
                0x000000000000420c       0xfe coord.o
 .text.process_thread_nullnet_example_process
                0x000000000000430a       0xd8 coord.o
 .text.input_callback
                0x00000000000043e2       0x44 coord.o
                0x00000000000043e2                input_callback
 .text.putchar  0x0000000000004426       0x10 build/sky/contiki-ng-sky.a(uart1-putchar.o)
                0x0000000000004426                putchar
 .text.platform_init_stage_one
                0x0000000000004436       0x12 build/sky/contiki-ng-sky.a(platform.o)
                0x0000000000004436                platform_init_stage_one
 .text.platform_init_stage_two
                0x0000000000004448       0x6c build/sky/contiki-ng-sky.a(platform.o)
                0x0000000000004448                platform_init_stage_two
 .text.platform_init_stage_three
                0x00000000000044b4       0x86 build/sky/contiki-ng-sky.a(platform.o)
                0x00000000000044b4                platform_init_stage_three
 .text.platform_idle
                0x000000000000453a       0x54 build/sky/contiki-ng-sky.a(platform.o)
                0x000000000000453a                platform_idle
 .text.msp430_init_dco
                0x000000000000458e       0x84 build/sky/contiki-ng-sky.a(msp430.o)
                0x000000000000458e                msp430_init_dco
 .text.msp430_add_lpm_req
                0x0000000000004612        0xc build/sky/contiki-ng-sky.a(msp430.o)
                0x0000000000004612                msp430_add_lpm_req
 .text.msp430_cpu_init
                0x000000000000461e       0x2a build/sky/contiki-ng-sky.a(msp430.o)
                0x000000000000461e                msp430_cpu_init
 .text.splhigh_
                0x0000000000004648        0x8 build/sky/contiki-ng-sky.a(msp430.o)
                0x0000000000004648                splhigh_
 .text.msp430_sync_dco
                0x0000000000004650       0x68 build/sky/contiki-ng-sky.a(msp430.o)
                0x0000000000004650                msp430_sync_dco
 .text.timera1  0x00000000000046b8       0xdc build/sky/contiki-ng-sky.a(clock.o)
                0x00000000000046b8                __isr_5
                0x00000000000046b8                timera1
 .text.clock_time
                0x0000000000004794       0x1a build/sky/contiki-ng-sky.a(clock.o)
                0x0000000000004794                clock_time
 .text.clock_init
                0x00000000000047ae       0x28 build/sky/contiki-ng-sky.a(clock.o)
                0x00000000000047ae                clock_init
 .text.clock_delay
                0x00000000000047d6        0xc build/sky/contiki-ng-sky.a(clock.o)
                0x00000000000047d6                clock_delay
 .text.leds_init
                0x00000000000047e2        0x6 build/sky/contiki-ng-sky.a(leds.o)
                0x00000000000047e2                leds_init
 .text.leds_on  0x00000000000047e8       0x12 build/sky/contiki-ng-sky.a(leds.o)
                0x00000000000047e8                leds_on
 .text.leds_off
                0x00000000000047fa       0x12 build/sky/contiki-ng-sky.a(leds.o)
                0x00000000000047fa                leds_off
 .text.leds_arch_init
                0x000000000000480c        0xe build/sky/contiki-ng-sky.a(leds-arch.o)
                0x000000000000480c                leds_arch_init
 .text.leds_arch_get
                0x000000000000481a       0x36 build/sky/contiki-ng-sky.a(leds-arch.o)
                0x000000000000481a                leds_arch_get
 .text.leds_arch_set
                0x0000000000004850       0x40 build/sky/contiki-ng-sky.a(leds-arch.o)
                0x0000000000004850                leds_arch_set
 .text.watchdog_interrupt
                0x0000000000004890        0x6 build/sky/contiki-ng-sky.a(watchdog.o)
                0x0000000000004890                __isr_10
                0x0000000000004890                watchdog_interrupt
 .text.watchdog_start
                0x0000000000004896       0x14 build/sky/contiki-ng-sky.a(watchdog.o)
                0x0000000000004896                watchdog_start
 .text.watchdog_periodic
                0x00000000000048aa       0x12 build/sky/contiki-ng-sky.a(watchdog.o)
                0x00000000000048aa                watchdog_periodic
 .text.watchdog_stop
                0x00000000000048bc       0x16 build/sky/contiki-ng-sky.a(watchdog.o)
                0x00000000000048bc                watchdog_stop
 .text.watchdog_init
                0x00000000000048d2       0x14 build/sky/contiki-ng-sky.a(watchdog.o)
                0x00000000000048d2                watchdog_init
 .text.autostart_start
                0x00000000000048e6       0x16 build/sky/contiki-ng-sky.a(autostart.o)
                0x00000000000048e6                autostart_start
 .text.log_lladdr
                0x00000000000048fc       0x44 build/sky/contiki-ng-sky.a(log.o)
                0x00000000000048fc                log_lladdr
 .text.energest_init
                0x0000000000004940        0x2 build/sky/contiki-ng-sky.a(energest.o)
                0x0000000000004940                energest_init
 .text.energest_flush
                0x0000000000004942        0x2 build/sky/contiki-ng-sky.a(energest.o)
                0x0000000000004942                energest_flush
 .text.update_time
                0x0000000000004944       0x78 build/sky/contiki-ng-sky.a(etimer.o)
 .text.etimer_request_poll
                0x00000000000049bc        0xa build/sky/contiki-ng-sky.a(etimer.o)
                0x00000000000049bc                etimer_request_poll
 .text.process_thread_etimer_process
                0x00000000000049c6       0xc8 build/sky/contiki-ng-sky.a(etimer.o)
 .text.add_timer
                0x0000000000004a8e       0x40 build/sky/contiki-ng-sky.a(etimer.o)
 .text.etimer_set
                0x0000000000004ace       0x12 build/sky/contiki-ng-sky.a(etimer.o)
                0x0000000000004ace                etimer_set
 .text.etimer_reset
                0x0000000000004ae0       0x12 build/sky/contiki-ng-sky.a(etimer.o)
                0x0000000000004ae0                etimer_reset
 .text.etimer_expired
                0x0000000000004af2        0xe build/sky/contiki-ng-sky.a(etimer.o)
                0x0000000000004af2                etimer_expired
 .text.etimer_pending
                0x0000000000004b00        0xc build/sky/contiki-ng-sky.a(etimer.o)
                0x0000000000004b00                etimer_pending
 .text.etimer_next_expiration_time
                0x0000000000004b0c       0x16 build/sky/contiki-ng-sky.a(etimer.o)
                0x0000000000004b0c                etimer_next_expiration_time
 .text.etimer_stop
                0x0000000000004b22       0x3c build/sky/contiki-ng-sky.a(etimer.o)
                0x0000000000004b22                etimer_stop
 .text.node_id_init
                0x0000000000004b5e       0x14 build/sky/contiki-ng-sky.a(node-id.o)
                0x0000000000004b5e                node_id_init
 .text.process_thread_ctimer_process
                0x0000000000004b72       0xa4 build/sky/contiki-ng-sky.a(ctimer.o)
 .text.ctimer_init
                0x0000000000004c16       0x18 build/sky/contiki-ng-sky.a(ctimer.o)
                0x0000000000004c16                ctimer_init
 .text.ctimer_set_with_process
                0x0000000000004c2e       0x4e build/sky/contiki-ng-sky.a(ctimer.o)
                0x0000000000004c2e                ctimer_set_with_process
 .text.ctimer_set
                0x0000000000004c7c       0x10 build/sky/contiki-ng-sky.a(ctimer.o)
                0x0000000000004c7c                ctimer_set
 .text.ctimer_reset
                0x0000000000004c8c       0x30 build/sky/contiki-ng-sky.a(ctimer.o)
                0x0000000000004c8c                ctimer_reset
 .text.ctimer_stop
                0x0000000000004cbc       0x28 build/sky/contiki-ng-sky.a(ctimer.o)
                0x0000000000004cbc                ctimer_stop
 .text.call_process
                0x0000000000004ce4       0x4a build/sky/contiki-ng-sky.a(process.o)
 .text.exit_process
                0x0000000000004d2e       0x96 build/sky/contiki-ng-sky.a(process.o)
 .text.do_poll  0x0000000000004dc4       0x30 build/sky/contiki-ng-sky.a(process.o)
 .text.process_alloc_event
                0x0000000000004df4        0xe build/sky/contiki-ng-sky.a(process.o)
                0x0000000000004df4                process_alloc_event
 .text.process_init
                0x0000000000004e02       0x18 build/sky/contiki-ng-sky.a(process.o)
                0x0000000000004e02                process_init
 .text.process_run
                0x0000000000004e1a       0x92 build/sky/contiki-ng-sky.a(process.o)
                0x0000000000004e1a                process_run
 .text.process_nevents
                0x0000000000004eac        0xe build/sky/contiki-ng-sky.a(process.o)
                0x0000000000004eac                process_nevents
 .text.process_post
                0x0000000000004eba       0x42 build/sky/contiki-ng-sky.a(process.o)
                0x0000000000004eba                process_post
 .text.process_post_synch
                0x0000000000004efc       0x12 build/sky/contiki-ng-sky.a(process.o)
                0x0000000000004efc                process_post_synch
 .text.process_start
                0x0000000000004f0e       0x32 build/sky/contiki-ng-sky.a(process.o)
                0x0000000000004f0e                process_start
 .text.process_poll
                0x0000000000004f40       0x18 build/sky/contiki-ng-sky.a(process.o)
                0x0000000000004f40                process_poll
 .text.rtimer_init
                0x0000000000004f58        0x6 build/sky/contiki-ng-sky.a(rtimer.o)
                0x0000000000004f58                rtimer_init
 .text.rtimer_run_next
                0x0000000000004f5e       0x26 build/sky/contiki-ng-sky.a(rtimer.o)
                0x0000000000004f5e                rtimer_run_next
 .text.timer_set
                0x0000000000004f84       0x1c build/sky/contiki-ng-sky.a(timer.o)
                0x0000000000004f84                timer_set
 .text.timer_expired
                0x0000000000004fa0       0x2a build/sky/contiki-ng-sky.a(timer.o)
                0x0000000000004fa0                timer_expired
 .text.timer_reset
                0x0000000000004fca       0x1c build/sky/contiki-ng-sky.a(timer.o)
                0x0000000000004fca                timer_reset
 .text.stack_check_init
                0x0000000000004fe6       0x2e build/sky/contiki-ng-sky.a(stack-check.o)
                0x0000000000004fe6                stack_check_init
 .text.stack_check_get_usage
                0x0000000000005014       0x5a build/sky/contiki-ng-sky.a(stack-check.o)
                0x0000000000005014                stack_check_get_usage
 .text.process_thread_stack_check_process
                0x000000000000506e       0xec build/sky/contiki-ng-sky.a(stack-check.o)
 .text.list_init
                0x000000000000515a        0x6 build/sky/contiki-ng-sky.a(list.o)
                0x000000000000515a                list_init
 .text.list_head
                0x0000000000005160        0x4 build/sky/contiki-ng-sky.a(list.o)
                0x0000000000005160                list_head
 .text.list_tail
                0x0000000000005164       0x12 build/sky/contiki-ng-sky.a(list.o)
                0x0000000000005164                list_tail
 .text.list_remove
                0x0000000000005176       0x34 build/sky/contiki-ng-sky.a(list.o)
                0x0000000000005176                list_remove
 .text.list_add
                0x00000000000051aa       0x2a build/sky/contiki-ng-sky.a(list.o)
                0x00000000000051aa                list_add
 .text.list_length
                0x00000000000051d4       0x10 build/sky/contiki-ng-sky.a(list.o)
                0x00000000000051d4                list_length
 .text.list_item_next
                0x00000000000051e4        0xc build/sky/contiki-ng-sky.a(list.o)
                0x00000000000051e4                list_item_next
 .text.random_init
                0x00000000000051f0        0x6 build/sky/contiki-ng-sky.a(random.o)
                0x00000000000051f0                random_init
 .text.random_rand
                0x00000000000051f6        0x6 build/sky/contiki-ng-sky.a(random.o)
                0x00000000000051f6                random_rand
 .text.process_thread_serial_line_process
                0x00000000000051fc       0xa2 build/sky/contiki-ng-sky.a(serial-line.o)
 .text.serial_line_input_byte
                0x000000000000529e       0x42 build/sky/contiki-ng-sky.a(serial-line.o)
                0x000000000000529e                serial_line_input_byte
 .text.serial_line_init
                0x00000000000052e0       0x1c build/sky/contiki-ng-sky.a(serial-line.o)
                0x00000000000052e0                serial_line_init
 .text.queuebuf_init
                0x00000000000052fc       0x12 build/sky/contiki-ng-sky.a(queuebuf.o)
                0x00000000000052fc                queuebuf_init
 .text.queuebuf_new_from_packetbuf
                0x000000000000530e       0x52 build/sky/contiki-ng-sky.a(queuebuf.o)
                0x000000000000530e                queuebuf_new_from_packetbuf
 .text.queuebuf_update_attr_from_packetbuf
                0x0000000000005360       0x12 build/sky/contiki-ng-sky.a(queuebuf.o)
                0x0000000000005360                queuebuf_update_attr_from_packetbuf
 .text.queuebuf_free
                0x0000000000005372       0x2a build/sky/contiki-ng-sky.a(queuebuf.o)
                0x0000000000005372                queuebuf_free
 .text.queuebuf_to_packetbuf
                0x000000000000539c       0x32 build/sky/contiki-ng-sky.a(queuebuf.o)
                0x000000000000539c                queuebuf_to_packetbuf
 .text.packetbuf_hdrreduce
                0x00000000000053ce       0x1a build/sky/contiki-ng-sky.a(packetbuf.o)
                0x00000000000053ce                packetbuf_hdrreduce
 .text.packetbuf_set_datalen
                0x00000000000053e8        0x6 build/sky/contiki-ng-sky.a(packetbuf.o)
                0x00000000000053e8                packetbuf_set_datalen
 .text.packetbuf_hdrptr
                0x00000000000053ee        0x6 build/sky/contiki-ng-sky.a(packetbuf.o)
                0x00000000000053ee                packetbuf_hdrptr
 .text.packetbuf_datalen
                0x00000000000053f4        0x6 build/sky/contiki-ng-sky.a(packetbuf.o)
                0x00000000000053f4                packetbuf_datalen
 .text.packetbuf_hdrlen
                0x00000000000053fa        0xa build/sky/contiki-ng-sky.a(packetbuf.o)
                0x00000000000053fa                packetbuf_hdrlen
 .text.packetbuf_dataptr
                0x0000000000005404        0xc build/sky/contiki-ng-sky.a(packetbuf.o)
                0x0000000000005404                packetbuf_dataptr
 .text.packetbuf_copyto
                0x0000000000005410       0x46 build/sky/contiki-ng-sky.a(packetbuf.o)
                0x0000000000005410                packetbuf_copyto
 .text.packetbuf_totlen
                0x0000000000005456        0xc build/sky/contiki-ng-sky.a(packetbuf.o)
                0x0000000000005456                packetbuf_totlen
 .text.packetbuf_hdralloc
                0x0000000000005462       0x3a build/sky/contiki-ng-sky.a(packetbuf.o)
                0x0000000000005462                packetbuf_hdralloc
 .text.packetbuf_attr_clear
                0x000000000000549c       0x28 build/sky/contiki-ng-sky.a(packetbuf.o)
                0x000000000000549c                packetbuf_attr_clear
 .text.packetbuf_clear
                0x00000000000054c4       0x12 build/sky/contiki-ng-sky.a(packetbuf.o)
                0x00000000000054c4                packetbuf_clear
 .text.packetbuf_copyfrom
                0x00000000000054d6       0x2e build/sky/contiki-ng-sky.a(packetbuf.o)
                0x00000000000054d6                packetbuf_copyfrom
 .text.packetbuf_attr_copyto
                0x0000000000005504       0x22 build/sky/contiki-ng-sky.a(packetbuf.o)
                0x0000000000005504                packetbuf_attr_copyto
 .text.packetbuf_attr_copyfrom
                0x0000000000005526       0x24 build/sky/contiki-ng-sky.a(packetbuf.o)
                0x0000000000005526                packetbuf_attr_copyfrom
 .text.packetbuf_set_attr
                0x000000000000554a        0xc build/sky/contiki-ng-sky.a(packetbuf.o)
                0x000000000000554a                packetbuf_set_attr
 .text.packetbuf_attr
                0x0000000000005556        0xa build/sky/contiki-ng-sky.a(packetbuf.o)
                0x0000000000005556                packetbuf_attr
 .text.packetbuf_set_addr
                0x0000000000005560       0x18 build/sky/contiki-ng-sky.a(packetbuf.o)
                0x0000000000005560                packetbuf_set_addr
 .text.packetbuf_addr
                0x0000000000005578       0x12 build/sky/contiki-ng-sky.a(packetbuf.o)
                0x0000000000005578                packetbuf_addr
 .text.packetbuf_holds_broadcast
                0x000000000000558a        0xe build/sky/contiki-ng-sky.a(packetbuf.o)
                0x000000000000558a                packetbuf_holds_broadcast
 .text.netstack_init
                0x0000000000005598        0xe build/sky/contiki-ng-sky.a(netstack.o)
                0x0000000000005598                netstack_init
 .text.linkaddr_copy
                0x00000000000055a6        0x8 build/sky/contiki-ng-sky.a(linkaddr.o)
                0x00000000000055a6                linkaddr_copy
 .text.linkaddr_cmp
                0x00000000000055ae       0x12 build/sky/contiki-ng-sky.a(linkaddr.o)
                0x00000000000055ae                linkaddr_cmp
 .text.linkaddr_set_node_addr
                0x00000000000055c0        0xc build/sky/contiki-ng-sky.a(linkaddr.o)
                0x00000000000055c0                linkaddr_set_node_addr
 .text.on       0x00000000000055cc        0x6 build/sky/contiki-ng-sky.a(csma.o)
 .text.off      0x00000000000055d2        0x6 build/sky/contiki-ng-sky.a(csma.o)
 .text.max_payload
                0x00000000000055d8       0x38 build/sky/contiki-ng-sky.a(csma.o)
 .text.send_packet
                0x0000000000005610        0x6 build/sky/contiki-ng-sky.a(csma.o)
 .text.input_packet
                0x0000000000005616       0x54 build/sky/contiki-ng-sky.a(csma.o)
 .text.init     0x000000000000566a       0x1c build/sky/contiki-ng-sky.a(csma.o)
 .text.schedule_transmission
                0x0000000000005686       0x72 build/sky/contiki-ng-sky.a(csma-output.o)
 .text.tx_done  0x00000000000056f8       0x9a build/sky/contiki-ng-sky.a(csma-output.o)
 .text.transmit_from_queue
                0x0000000000005792      0x1c8 build/sky/contiki-ng-sky.a(csma-output.o)
 .text.csma_output_packet
                0x000000000000595a      0x182 build/sky/contiki-ng-sky.a(csma-output.o)
                0x000000000000595a                csma_output_packet
 .text.csma_output_init
                0x0000000000005adc       0x1a build/sky/contiki-ng-sky.a(csma-output.o)
                0x0000000000005adc                csma_output_init
 .text.init     0x0000000000005af6        0x6 build/sky/contiki-ng-sky.a(nullnet.o)
 .text.output   0x0000000000005afc       0x42 build/sky/contiki-ng-sky.a(nullnet.o)
 .text.input    0x0000000000005b3e       0x40 build/sky/contiki-ng-sky.a(nullnet.o)
 .text.nullnet_set_input_callback
                0x0000000000005b7e        0x6 build/sky/contiki-ng-sky.a(nullnet.o)
                0x0000000000005b7e                nullnet_set_input_callback
 .text.init     0x0000000000005b84        0x2 build/sky/contiki-ng-sky.a(nullrouting.o)
 .text.root_set_prefix
                0x0000000000005b86        0x2 build/sky/contiki-ng-sky.a(nullrouting.o)
 .text.root_start
                0x0000000000005b88        0x4 build/sky/contiki-ng-sky.a(nullrouting.o)
 .text.node_is_root
                0x0000000000005b8c        0x4 build/sky/contiki-ng-sky.a(nullrouting.o)
 .text.get_root_ipaddr
                0x0000000000005b90        0x4 build/sky/contiki-ng-sky.a(nullrouting.o)
 .text.get_sr_node_ipaddr
                0x0000000000005b94        0x4 build/sky/contiki-ng-sky.a(nullrouting.o)
 .text.leave_network
                0x0000000000005b98        0x2 build/sky/contiki-ng-sky.a(nullrouting.o)
 .text.node_has_joined
                0x0000000000005b9a        0x4 build/sky/contiki-ng-sky.a(nullrouting.o)
 .text.node_is_reachable
                0x0000000000005b9e        0x4 build/sky/contiki-ng-sky.a(nullrouting.o)
 .text.global_repair
                0x0000000000005ba2        0x2 build/sky/contiki-ng-sky.a(nullrouting.o)
 .text.local_repair
                0x0000000000005ba4        0x2 build/sky/contiki-ng-sky.a(nullrouting.o)
 .text.ext_header_remove
                0x0000000000005ba6        0x4 build/sky/contiki-ng-sky.a(nullrouting.o)
 .text.ext_header_update
                0x0000000000005baa        0x4 build/sky/contiki-ng-sky.a(nullrouting.o)
 .text.ext_header_hbh_update
                0x0000000000005bae        0x4 build/sky/contiki-ng-sky.a(nullrouting.o)
 .text.ext_header_srh_update
                0x0000000000005bb2        0x4 build/sky/contiki-ng-sky.a(nullrouting.o)
 .text.ext_header_srh_get_next_hop
                0x0000000000005bb6        0x4 build/sky/contiki-ng-sky.a(nullrouting.o)
 .text.link_callback
                0x0000000000005bba        0x2 build/sky/contiki-ng-sky.a(nullrouting.o)
 .text.neighbor_state_changed
                0x0000000000005bbc        0x2 build/sky/contiki-ng-sky.a(nullrouting.o)
 .text.drop_route
                0x0000000000005bbe        0x2 build/sky/contiki-ng-sky.a(nullrouting.o)
 .text.is_in_leaf_mode
                0x0000000000005bc0        0x4 build/sky/contiki-ng-sky.a(nullrouting.o)
 .text.init_platform
                0x0000000000005bc4        0xc build/sky/contiki-ng-sky.a(contiki-sky-pla)
                0x0000000000005bc4                init_platform
 .text.status   0x0000000000005bd0       0x16 build/sky/contiki-ng-sky.a(button-sensor.o)
 .text.configure
                0x0000000000005be6       0x52 build/sky/contiki-ng-sky.a(button-sensor.o)
 .text.value    0x0000000000005c38       0x22 build/sky/contiki-ng-sky.a(button-sensor.o)
 .text.irq_p2   0x0000000000005c5a       0x48 build/sky/contiki-ng-sky.a(button-sensor.o)
                0x0000000000005c5a                irq_p2
                0x0000000000005c5a                __isr_1
 .text.owreadb  0x0000000000005ca2       0x52 build/sky/contiki-ng-sky.a(ds2411.o)
 .text.ds2411_init
                0x0000000000005cf4      0x122 build/sky/contiki-ng-sky.a(ds2411.o)
                0x0000000000005cf4                ds2411_init
 .text.xmem_init
                0x0000000000005e16       0x3e build/sky/contiki-ng-sky.a(xmem.o)
                0x0000000000005e16                xmem_init
 .text.process_thread_sensors_process
                0x0000000000005e54       0xbe build/sky/contiki-ng-sky.a(sensors.o)
 .text.sensors_changed
                0x0000000000005f12       0x2a build/sky/contiki-ng-sky.a(sensors.o)
                0x0000000000005f12                sensors_changed
 .text.get_object
                0x0000000000005f3c        0x4 build/sky/contiki-ng-sky.a(cc2420.o)
 .text.set_object
                0x0000000000005f40        0x4 build/sky/contiki-ng-sky.a(cc2420.o)
 .text.strobe   0x0000000000005f44       0x20 build/sky/contiki-ng-sky.a(cc2420.o)
 .text.getreg   0x0000000000005f64       0x54 build/sky/contiki-ng-sky.a(cc2420.o)
 .text.setreg   0x0000000000005fb8       0x52 build/sky/contiki-ng-sky.a(cc2420.o)
 .text.write_ram
                0x000000000000600a       0x80 build/sky/contiki-ng-sky.a(cc2420.o)
 .text.write_fifo_buf
                0x000000000000608a       0x40 build/sky/contiki-ng-sky.a(cc2420.o)
 .text.get_status
                0x00000000000060ca       0x24 build/sky/contiki-ng-sky.a(cc2420.o)
 .text.on       0x00000000000060ee       0x1a build/sky/contiki-ng-sky.a(cc2420.o)
 .text.cc2420_receiving_packet
                0x0000000000006108        0xe build/sky/contiki-ng-sky.a(cc2420.o)
 .text.pending_packet
                0x0000000000006116        0x8 build/sky/contiki-ng-sky.a(cc2420.o)
 .text.wait_for_transmission
                0x000000000000611e       0x22 build/sky/contiki-ng-sky.a(cc2420.o)
 .text.wait_for_status
                0x0000000000006140       0x2a build/sky/contiki-ng-sky.a(cc2420.o)
 .text.getrxdata
                0x000000000000616a       0x56 build/sky/contiki-ng-sky.a(cc2420.o)
 .text.flushrx  0x00000000000061c0       0x1a build/sky/contiki-ng-sky.a(cc2420.o)
 .text.off      0x00000000000061da       0x2c build/sky/contiki-ng-sky.a(cc2420.o)
 .text.RELEASE_LOCK
                0x0000000000006206       0x28 build/sky/contiki-ng-sky.a(cc2420.o)
 .text.set_key  0x000000000000622e       0x18 build/sky/contiki-ng-sky.a(cc2420.o)
 .text.set_frame_filtering
                0x0000000000006246       0x30 build/sky/contiki-ng-sky.a(cc2420.o)
 .text.set_auto_ack
                0x0000000000006276       0x30 build/sky/contiki-ng-sky.a(cc2420.o)
 .text.set_poll_mode
                0x00000000000062a6       0x36 build/sky/contiki-ng-sky.a(cc2420.o)
 .text.cc2420_prepare
                0x00000000000062dc       0x46 build/sky/contiki-ng-sky.a(cc2420.o)
 .text.cc2420_on
                0x0000000000006322       0x22 build/sky/contiki-ng-sky.a(cc2420.o)
                0x0000000000006322                cc2420_on
 .text.cc2420_transmit
                0x0000000000006344       0x66 build/sky/contiki-ng-sky.a(cc2420.o)
 .text.cc2420_send
                0x00000000000063aa       0x12 build/sky/contiki-ng-sky.a(cc2420.o)
 .text.cc2420_off
                0x00000000000063bc       0x30 build/sky/contiki-ng-sky.a(cc2420.o)
                0x00000000000063bc                cc2420_off
 .text.cc2420_cca
                0x00000000000063ec       0x5e build/sky/contiki-ng-sky.a(cc2420.o)
 .text.cc2420_read
                0x000000000000644a       0xc2 build/sky/contiki-ng-sky.a(cc2420.o)
 .text.process_thread_cc2420_process
                0x000000000000650c       0x5e build/sky/contiki-ng-sky.a(cc2420.o)
 .text.encrypt  0x000000000000656a       0x8e build/sky/contiki-ng-sky.a(cc2420.o)
 .text.cc2420_set_channel
                0x00000000000065f8       0x3c build/sky/contiki-ng-sky.a(cc2420.o)
                0x00000000000065f8                cc2420_set_channel
 .text.cc2420_set_pan_addr
                0x0000000000006634       0x4c build/sky/contiki-ng-sky.a(cc2420.o)
                0x0000000000006634                cc2420_set_pan_addr
 .text.cc2420_interrupt
                0x0000000000006680       0x18 build/sky/contiki-ng-sky.a(cc2420.o)
                0x0000000000006680                cc2420_interrupt
 .text.cc2420_set_txpower
                0x0000000000006698       0x2e build/sky/contiki-ng-sky.a(cc2420.o)
                0x0000000000006698                cc2420_set_txpower
 .text.cc2420_get_txpower
                0x00000000000066c6       0x1e build/sky/contiki-ng-sky.a(cc2420.o)
                0x00000000000066c6                cc2420_get_txpower
 .text.cc2420_rssi
                0x00000000000066e4       0x4c build/sky/contiki-ng-sky.a(cc2420.o)
                0x00000000000066e4                cc2420_rssi
 .text.get_value
                0x0000000000006730      0x122 build/sky/contiki-ng-sky.a(cc2420.o)
 .text.cc2420_set_cca_threshold
                0x0000000000006852       0x16 build/sky/contiki-ng-sky.a(cc2420.o)
                0x0000000000006852                cc2420_set_cca_threshold
 .text.set_value
                0x0000000000006868      0x152 build/sky/contiki-ng-sky.a(cc2420.o)
 .text.cc2420_init
                0x00000000000069ba       0xf0 build/sky/contiki-ng-sky.a(cc2420.o)
                0x00000000000069ba                cc2420_init
 .text.cc2420_port1_interrupt
                0x0000000000006aaa       0x20 build/sky/contiki-ng-sky.a(cc2420-arch.o)
                0x0000000000006aaa                __isr_4
                0x0000000000006aaa                cc2420_port1_interrupt
 .text.cc2420_arch_init
                0x0000000000006aca       0x1a build/sky/contiki-ng-sky.a(cc2420-arch.o)
                0x0000000000006aca                cc2420_arch_init
 .text.handle_rxdma_timer
                0x0000000000006ae4       0x3a build/sky/contiki-ng-sky.a(uart1.o)
 .text.uart1_active
                0x0000000000006b1e       0x1a build/sky/contiki-ng-sky.a(uart1.o)
                0x0000000000006b1e                uart1_active
 .text.uart1_set_input
                0x0000000000006b38       0x20 build/sky/contiki-ng-sky.a(uart1.o)
                0x0000000000006b38                uart1_set_input
 .text.uart1_writeb
                0x0000000000006b58       0x1a build/sky/contiki-ng-sky.a(uart1.o)
                0x0000000000006b58                uart1_writeb
 .text.uart1_init
                0x0000000000006b72       0xf6 build/sky/contiki-ng-sky.a(uart1.o)
                0x0000000000006b72                uart1_init
 .text.timera0  0x0000000000006c68       0x2e build/sky/contiki-ng-sky.a(rtimer-arch.o)
                0x0000000000006c68                __isr_6
                0x0000000000006c68                timera0
 .text.rtimer_arch_init
                0x0000000000006c96        0xe build/sky/contiki-ng-sky.a(rtimer-arch.o)
                0x0000000000006c96                rtimer_arch_init
 .text.rtimer_arch_now
                0x0000000000006ca4        0xe build/sky/contiki-ng-sky.a(rtimer-arch.o)
                0x0000000000006ca4                rtimer_arch_now
 .text.rtimer_arch_schedule
                0x0000000000006cb2        0x6 build/sky/contiki-ng-sky.a(rtimer-arch.o)
                0x0000000000006cb2                rtimer_arch_schedule
 .text.memb_init
                0x0000000000006cb8       0x36 build/sky/contiki-ng-sky.a(memb.o)
                0x0000000000006cb8                memb_init
 .text.memb_alloc
                0x0000000000006cee       0x3e build/sky/contiki-ng-sky.a(memb.o)
                0x0000000000006cee                memb_alloc
 .text.memb_free
                0x0000000000006d2c       0x32 build/sky/contiki-ng-sky.a(memb.o)
                0x0000000000006d2c                memb_free
 .text.memb_inmemb
                0x0000000000006d5e       0x2e build/sky/contiki-ng-sky.a(memb.o)
                0x0000000000006d5e                memb_inmemb
 .text.ringbuf_init
                0x0000000000006d8c       0x14 build/sky/contiki-ng-sky.a(ringbuf.o)
                0x0000000000006d8c                ringbuf_init
 .text.ringbuf_put
                0x0000000000006da0       0x38 build/sky/contiki-ng-sky.a(ringbuf.o)
                0x0000000000006da0                ringbuf_put
 .text.ringbuf_get
                0x0000000000006dd8       0x34 build/sky/contiki-ng-sky.a(ringbuf.o)
                0x0000000000006dd8                ringbuf_get
 .text.mac_sequence_is_duplicate
                0x0000000000006e0c       0x78 build/sky/contiki-ng-sky.a(mac-sequence.o)
                0x0000000000006e0c                mac_sequence_is_duplicate
 .text.mac_sequence_register_seqno
                0x0000000000006e84       0x98 build/sky/contiki-ng-sky.a(mac-sequence.o)
                0x0000000000006e84                mac_sequence_register_seqno
 .text.mac_call_sent_callback
                0x0000000000006f1c       0x14 build/sky/contiki-ng-sky.a(mac.o)
                0x0000000000006f1c                mac_call_sent_callback
 .text.parse    0x0000000000006f30       0xa0 build/sky/contiki-ng-sky.a(framer-802154.o)
 .text.framer_802154_setup_params
                0x0000000000006fd0       0xb8 build/sky/contiki-ng-sky.a(framer-802154.o)
                0x0000000000006fd0                framer_802154_setup_params
 .text.create_frame
                0x0000000000007088       0xde build/sky/contiki-ng-sky.a(framer-802154.o)
 .text.create   0x0000000000007166        0x8 build/sky/contiki-ng-sky.a(framer-802154.o)
 .text.hdr_length
                0x000000000000716e        0x8 build/sky/contiki-ng-sky.a(framer-802154.o)
 .text.frame802154_get_pan_id
                0x0000000000007176        0x6 build/sky/contiki-ng-sky.a(frame802154.o)
                0x0000000000007176                frame802154_get_pan_id
 .text.frame802154_has_panid
                0x000000000000717c       0xdc build/sky/contiki-ng-sky.a(frame802154.o)
                0x000000000000717c                frame802154_has_panid
 .text.field_len
                0x0000000000007258       0xb2 build/sky/contiki-ng-sky.a(frame802154.o)
 .text.frame802154_is_broadcast_addr
                0x000000000000730a       0x24 build/sky/contiki-ng-sky.a(frame802154.o)
                0x000000000000730a                frame802154_is_broadcast_addr
 .text.frame802154_hdrlen
                0x000000000000732e       0x32 build/sky/contiki-ng-sky.a(frame802154.o)
                0x000000000000732e                frame802154_hdrlen
 .text.frame802154_create_fcf
                0x0000000000007360       0x96 build/sky/contiki-ng-sky.a(frame802154.o)
                0x0000000000007360                frame802154_create_fcf
 .text.frame802154_create
                0x00000000000073f6       0xe4 build/sky/contiki-ng-sky.a(frame802154.o)
                0x00000000000073f6                frame802154_create
 .text.frame802154_parse_fcf
                0x00000000000074da       0xbe build/sky/contiki-ng-sky.a(frame802154.o)
                0x00000000000074da                frame802154_parse_fcf
 .text.frame802154_parse
                0x0000000000007598      0x18c build/sky/contiki-ng-sky.a(frame802154.o)
                0x0000000000007598                frame802154_parse
 .text.csma_security_create_frame
                0x0000000000007724       0x10 build/sky/contiki-ng-sky.a(csma-security.o)
                0x0000000000007724                csma_security_create_frame
 .text.csma_security_parse_frame
                0x0000000000007734        0x6 build/sky/contiki-ng-sky.a(csma-security.o)
                0x0000000000007734                csma_security_parse_frame
 .text.spi_init
                0x000000000000773a       0x32 build/sky/contiki-ng-sky.a(spi-legacy.o)
                0x000000000000773a                spi_init
 .text.libgcc   0x000000000000776c       0x40 /usr/lib/gcc/msp430/4.6.3/mmpy-16/libgcc.a(_udivmod32.o)
                0x000000000000776c                __udivsi3
                0x000000000000776c                __ext_udivmod32
                0x00000000000077a2                __umodsi3
 .text          0x00000000000077ac       0x20 /usr/lib/gcc/msp430/4.6.3/../../../../msp430/lib/mmpy-16/libc.a(memcmp.o)
                0x00000000000077ac                memcmp
 .text          0x00000000000077cc       0xfa /usr/lib/gcc/msp430/4.6.3/../../../../msp430/lib/mmpy-16/libc.a(memcpy.o)
                0x00000000000077cc                memcpy
 .text          0x00000000000078c6       0x6a /usr/lib/gcc/msp430/4.6.3/../../../../msp430/lib/mmpy-16/libc.a(memset.o)
                0x00000000000078c6                memset
 .text          0x0000000000007930       0x1e /usr/lib/gcc/msp430/4.6.3/../../../../msp430/lib/mmpy-16/libc.a(printf.o)
                0x0000000000007930                printf
                0x0000000000007940                vprintf
 .text          0x000000000000794e      0x836 /usr/lib/gcc/msp430/4.6.3/../../../../msp430/lib/mmpy-16/libc.a(vuprintf.o)
                0x0000000000007ae6                vuprintf
 .text          0x0000000000008184       0x2c /usr/lib/gcc/msp430/4.6.3/../../../../msp430/lib/mmpy-16/libc.a(puts.o)
                0x0000000000008184                puts
 .text          0x00000000000081b0       0x54 /usr/lib/gcc/msp430/4.6.3/../../../../msp430/lib/mmpy-16/libc.a(rand.o)
                0x00000000000081b0                rand_r
                0x00000000000081d4                rand
                0x00000000000081fa                srand
 .text.libgcc   0x0000000000008204       0x2c /usr/lib/gcc/msp430/4.6.3/mmpy-16/libgcc.a(_mulsi3.o)
                0x0000000000008204                __mulsi3
 .text.libgcc   0x0000000000008230       0x22 /usr/lib/gcc/msp430/4.6.3/mmpy-16/libgcc.a(_udivmod16.o)
                0x0000000000008230                __udivhi3
                0x0000000000008230                __ext_udivmod16
                0x000000000000824a                __umodhi3
 .text.libgcc   0x0000000000008252       0xf0 /usr/lib/gcc/msp430/4.6.3/mmpy-16/libgcc.a(_udivmod64.o)
                0x0000000000008252                __xabi_udivmod64
                0x00000000000082b0                __udivdi3
                0x00000000000082d6                __umoddi3
                0x0000000000008304                __udivmoddi4
 .text.crt0     0x0000000000008342        0x2 /usr/lib/gcc/msp430/4.6.3/mmpy-16/libcrt0.a(_unexpected_.o)
                0x0000000000008342                _unexpected_
                0x0000000000008344                . = ALIGN (0x2)

.rodata         0x0000000000008344      0x420
                0x0000000000008344                . = ALIGN (0x2)
 *(.rodata .rodata.* .gnu.linkonce.r.*)
 .rodata        0x0000000000008344       0xe8 coord.o
                0x00000000000083f2                autostart_processes
                0x000000000000841b                ass_response
                0x000000000000841e                ass_req
                0x0000000000008421                beacon_
                0x0000000000008424                addr_empty
 .rodata        0x000000000000842c       0xcf build/sky/obj/contiki-main.o
 .rodata        0x00000000000084fb       0x31 build/sky/contiki-ng-sky.a(platform.o)
 .rodata        0x000000000000852c       0x9a build/sky/contiki-ng-sky.a(log.o)
 .rodata        0x00000000000085c6        0xc build/sky/contiki-ng-sky.a(etimer.o)
 .rodata        0x00000000000085d2        0xf build/sky/contiki-ng-sky.a(ctimer.o)
 .rodata        0x00000000000085e1       0x6a build/sky/contiki-ng-sky.a(stack-check.o)
 .rodata        0x000000000000864b        0xe build/sky/contiki-ng-sky.a(serial-line.o)
 *fill*         0x0000000000008659        0x1 00
 .rodata        0x000000000000865a        0x8 build/sky/contiki-ng-sky.a(linkaddr.o)
                0x000000000000865a                linkaddr_null
 .rodata        0x0000000000008662       0x14 build/sky/contiki-ng-sky.a(csma.o)
                0x0000000000008668                csma_driver
 .rodata        0x0000000000008676       0x10 build/sky/contiki-ng-sky.a(nullnet.o)
                0x000000000000867e                nullnet_driver
 .rodata        0x0000000000008686       0x36 build/sky/contiki-ng-sky.a(nullrouting.o)
                0x0000000000008692                nullrouting_driver
 .rodata        0x00000000000086bc       0x10 build/sky/contiki-ng-sky.a(button-sensor.o)
                0x00000000000086c4                button_sensor
 .rodata        0x00000000000086cc        0x8 build/sky/contiki-ng-sky.a(sensors.o)
 .rodata        0x00000000000086d4       0x80 build/sky/contiki-ng-sky.a(cc2420.o)
                0x0000000000008716                cc2420_aes_128_driver
                0x000000000000871a                cc2420_driver
 .rodata        0x0000000000008754        0x6 build/sky/contiki-ng-sky.a(framer-802154.o)
                0x0000000000008754                framer_802154
 .rodata        0x000000000000875a        0x2 build/sky/contiki-ng-sky.a(frame802154.o)
 .rodata        0x000000000000875c        0x7 /usr/lib/gcc/msp430/4.6.3/../../../../msp430/lib/mmpy-16/libc.a(vuprintf.o)
                0x0000000000008764                . = ALIGN (0x2)
 *fill*         0x0000000000008763        0x1 00
                0x0000000000008764                _etext = .

.data           0x0000000000001100       0xdc load address 0x0000000000008764
                0x0000000000001100                . = ALIGN (0x2)
                0x0000000000001100                PROVIDE (__data_start, .)
 *(.data .data.* .gnu.linkonce.d.*)
 .data          0x0000000000001100       0x1a coord.o
                0x0000000000001106                associator_process
                0x0000000000001110                nullnet_example_process
 .data          0x000000000000111a        0x2 build/sky/contiki-ng-sky.a(msp430.o)
 .data          0x000000000000111c       0x50 build/sky/contiki-ng-sky.a(log.o)
                0x000000000000111c                all_modules
                0x000000000000116a                curr_log_level_main
 .data          0x000000000000116c        0xa build/sky/contiki-ng-sky.a(etimer.o)
                0x000000000000116c                etimer_process
 .data          0x0000000000001176        0xa build/sky/contiki-ng-sky.a(ctimer.o)
                0x0000000000001176                ctimer_process
 .data          0x0000000000001180        0xa build/sky/contiki-ng-sky.a(stack-check.o)
                0x0000000000001180                stack_check_process
 .data          0x000000000000118a        0xa build/sky/contiki-ng-sky.a(serial-line.o)
                0x000000000000118a                serial_line_process
 .data          0x0000000000001194       0x10 build/sky/contiki-ng-sky.a(queuebuf.o)
 .data          0x00000000000011a4       0x18 build/sky/contiki-ng-sky.a(csma-output.o)
 .data          0x00000000000011bc        0x4 build/sky/contiki-ng-sky.a(contiki-sky-pla)
                0x00000000000011bc                sensors
 .data          0x00000000000011c0        0xa build/sky/contiki-ng-sky.a(sensors.o)
                0x00000000000011c0                sensors_process
 .data          0x00000000000011ca        0xc build/sky/contiki-ng-sky.a(cc2420.o)
                0x00000000000011ca                cc2420_process
 .data          0x00000000000011d6        0x2 build/sky/contiki-ng-sky.a(frame802154.o)
 .data          0x00000000000011d8        0x4 /usr/lib/gcc/msp430/4.6.3/../../../../msp430/lib/mmpy-16/libc.a(rand.o)
                0x00000000000011dc                . = ALIGN (0x2)
                0x00000000000011dc                _edata = .
                0x0000000000008764                PROVIDE (__data_load_start, LOADADDR (.data))
                0x00000000000000dc                PROVIDE (__data_size, SIZEOF (.data))

.bss            0x00000000000011dc      0xb1e load address 0x0000000000008840
                0x00000000000011dc                PROVIDE (__bss_start, .)
 *(.bss .bss.*)
 .bss           0x00000000000011dc       0x54 coord.o
 .bss           0x0000000000001230        0x8 build/sky/contiki-ng-sky.a(platform.o)
 .bss           0x0000000000001238        0xa build/sky/contiki-ng-sky.a(clock.o)
 .bss           0x0000000000001242        0x2 build/sky/contiki-ng-sky.a(watchdog.o)
 .bss           0x0000000000001244       0x16 build/sky/contiki-ng-sky.a(log.o)
                0x0000000000001244                curr_log_level_lwm2m
                0x0000000000001246                curr_log_level_snmp
                0x0000000000001248                curr_log_level_coap
                0x000000000000124a                curr_log_level_6top
                0x000000000000124c                curr_log_level_framer
                0x000000000000124e                curr_log_level_mac
                0x0000000000001250                curr_log_level_nullnet
                0x0000000000001252                curr_log_level_6lowpan
                0x0000000000001254                curr_log_level_ipv6
                0x0000000000001256                curr_log_level_tcpip
                0x0000000000001258                curr_log_level_rpl
 .bss           0x000000000000125a        0x6 build/sky/contiki-ng-sky.a(etimer.o)
 .bss           0x0000000000001260        0x2 build/sky/contiki-ng-sky.a(node-id.o)
                0x0000000000001260                node_id
 .bss           0x0000000000001262        0x4 build/sky/contiki-ng-sky.a(ctimer.o)
 .bss           0x0000000000001266       0xc8 build/sky/contiki-ng-sky.a(process.o)
                0x0000000000001266                process_current
                0x0000000000001268                process_list
 .bss           0x000000000000132e        0x2 build/sky/contiki-ng-sky.a(rtimer.o)
 .bss           0x0000000000001330        0xe build/sky/contiki-ng-sky.a(stack-check.o)
 .bss           0x000000000000133e      0x10a build/sky/contiki-ng-sky.a(serial-line.o)
 .bss           0x0000000000001448      0x580 build/sky/contiki-ng-sky.a(queuebuf.o)
 .bss           0x00000000000019c8       0x86 build/sky/contiki-ng-sky.a(packetbuf.o)
 .bss           0x0000000000001a4e       0xbe build/sky/contiki-ng-sky.a(csma-output.o)
 .bss           0x0000000000001b0c        0x2 build/sky/contiki-ng-sky.a(nullnet.o)
 .bss           0x0000000000001b0e        0x8 build/sky/contiki-ng-sky.a(button-sensor.o)
 .bss           0x0000000000001b16        0x6 build/sky/contiki-ng-sky.a(sensors.o)
 .bss           0x0000000000001b1c       0x10 build/sky/contiki-ng-sky.a(cc2420.o)
 .bss           0x0000000000001b2c       0x9a build/sky/contiki-ng-sky.a(uart1.o)
 .bss           0x0000000000001bc6       0xe0 build/sky/contiki-ng-sky.a(mac-sequence.o)
 .bss           0x0000000000001ca6        0x2 build/sky/contiki-ng-sky.a(framer-802154.o)
 *(COMMON)
 COMMON         0x0000000000001ca8        0x2 build/sky/contiki-ng-sky.a(msp430.o)
                0x0000000000001ca8                msp430_dco_required
 COMMON         0x0000000000001caa        0x1 build/sky/contiki-ng-sky.a(serial-line.o)
                0x0000000000001caa                serial_line_event_message
 *fill*         0x0000000000001cab        0x1 00
 COMMON         0x0000000000001cac       0x2a build/sky/contiki-ng-sky.a(packetbuf.o)
                0x0000000000001cac                packetbuf_addrs
                0x0000000000001cbc                packetbuf_attrs
 COMMON         0x0000000000001cd6        0x8 build/sky/contiki-ng-sky.a(linkaddr.o)
                0x0000000000001cd6                linkaddr_node_addr
 COMMON         0x0000000000001cde        0x4 build/sky/contiki-ng-sky.a(nullnet.o)
                0x0000000000001cde                nullnet_buf
                0x0000000000001ce0                nullnet_len
 COMMON         0x0000000000001ce2        0x2 build/sky/contiki-ng-sky.a(contiki-sky-pla)
                0x0000000000001ce2                sensors_flags
 COMMON         0x0000000000001ce4        0x8 build/sky/contiki-ng-sky.a(ds2411.o)
                0x0000000000001ce4                ds2411_id
 COMMON         0x0000000000001cec        0x1 build/sky/contiki-ng-sky.a(sensors.o)
                0x0000000000001cec                sensors_event
 *fill*         0x0000000000001ced        0x1 00
 COMMON         0x0000000000001cee        0xc build/sky/contiki-ng-sky.a(cc2420.o)
                0x0000000000001cee                cc2420_last_rssi
                0x0000000000001cf0                cc2420_sfd_start_time
                0x0000000000001cf2                cc2420_last_correlation
                0x0000000000001cf4                cc2420_authority_level_of_sender
                0x0000000000001cf6                cc2420_sfd_counter
                0x0000000000001cf8                cc2420_sfd_end_time
                0x0000000000001cfa                . = ALIGN (0x2)
                0x0000000000001cfa                PROVIDE (__bss_end, .)
                0x0000000000000b1e                PROVIDE (__bss_size, SIZEOF (.bss))

.noinit         0x0000000000001cfa        0x2 load address 0x0000000000008840
                0x0000000000001cfa                PROVIDE (__noinit_start, .)
 *(.noinit .noinit.*)
 .noinit.crt0   0x0000000000001cfa        0x2 /usr/lib/gcc/msp430/4.6.3/mmpy-16/libcrt0.a(__watchdog_support.o)
                0x0000000000001cfa                __wdt_clear_value
                0x0000000000001cfc                . = ALIGN (0x2)
                0x0000000000001cfc                PROVIDE (__noinit_end, .)
                0x0000000000001cfc                . = ALIGN (0x2)
                0x0000000000001cfc                _end = .

.infomem        0x0000000000001000        0x0
 *(.infomem)
                0x0000000000001000                . = ALIGN (0x2)
 *(.infomem.*)

.infomemnobits  0x0000000000001000        0x0
 *(.infomemnobits)
                0x0000000000001000                . = ALIGN (0x2)
 *(.infomemnobits.*)

.infoa
 *(.infoa .infoa.*)

.infob
 *(.infob .infob.*)

.infoc
 *(.infoc .infoc.*)

.infod
 *(.infod .infod.*)

.vectors        0x000000000000ffe0       0x20
                0x000000000000ffe0                PROVIDE (__vectors_start, .)
 *(.vectors*)
 .vectors       0x000000000000ffe0       0x20 /usr/lib/gcc/msp430/4.6.3/mmpy-16/crt0ivtbl16.o
                0x000000000000ffe0                __ivtbl_16
                0x0000000000010000                _vectors_end = .

.fartext        0x0000000000000000        0x0
                0x0000000000000000                . = ALIGN (0x2)
 *(.fartext)
                0x0000000000000000                . = ALIGN (0x2)
 *(.fartext.*)
                0x0000000000000000                _efartext = .

.profiler
 *(.profiler)

.stab           0x0000000000000000    0x16074
 *(.stab)
 .stab          0x0000000000000000     0x10a4 coord.o
 .stab          0x00000000000010a4     0x1524 build/sky/obj/contiki-main.o
                                       0x19b0 (size before relaxing)
 .stab          0x00000000000025c8      0x228 build/sky/contiki-ng-sky.a(uart1-putchar.o)
                                        0x6fc (size before relaxing)
 .stab          0x00000000000027f0      0xd8c build/sky/contiki-ng-sky.a(platform.o)
                                       0x13bc (size before relaxing)
 .stab          0x000000000000357c      0x72c build/sky/contiki-ng-sky.a(msp430.o)
                                        0xa50 (size before relaxing)
 .stab          0x0000000000003ca8      0x918 build/sky/contiki-ng-sky.a(clock.o)
                                        0xc60 (size before relaxing)
 .stab          0x00000000000045c0      0x480 build/sky/contiki-ng-sky.a(leds.o)
                                        0x840 (size before relaxing)
 .stab          0x0000000000004a40      0x3b4 build/sky/contiki-ng-sky.a(leds-arch.o)
                                        0x774 (size before relaxing)
 .stab          0x0000000000004df4      0x3e4 build/sky/contiki-ng-sky.a(watchdog.o)
                                        0x708 (size before relaxing)
 .stab          0x00000000000051d8      0x2ac build/sky/contiki-ng-sky.a(autostart.o)
                                        0x5d0 (size before relaxing)
 .stab          0x0000000000005484      0x720 build/sky/contiki-ng-sky.a(log.o)
                                        0xeb8 (size before relaxing)
 .stab          0x0000000000005ba4      0x288 build/sky/contiki-ng-sky.a(energest.o)
                                        0x5d0 (size before relaxing)
 .stab          0x0000000000005e2c      0xad4 build/sky/contiki-ng-sky.a(etimer.o)
                                        0xdf8 (size before relaxing)
 .stab          0x0000000000006900      0x270 build/sky/contiki-ng-sky.a(node-id.o)
                                        0x9cc (size before relaxing)
 .stab          0x0000000000006b70      0x828 build/sky/contiki-ng-sky.a(ctimer.o)
                                        0xb64 (size before relaxing)
 .stab          0x0000000000007398      0xb94 build/sky/contiki-ng-sky.a(process.o)
                                       0x10a4 (size before relaxing)
 .stab          0x0000000000007f2c      0x354 build/sky/contiki-ng-sky.a(rtimer.o)
                                        0x678 (size before relaxing)
 .stab          0x0000000000008280      0x3b4 build/sky/contiki-ng-sky.a(timer.o)
                                        0x6d8 (size before relaxing)
 .stab          0x0000000000008634      0x5dc build/sky/contiki-ng-sky.a(stack-check.o)
                                        0xb10 (size before relaxing)
 .stab          0x0000000000008c10      0x990 build/sky/contiki-ng-sky.a(list.o)
                                        0xe7c (size before relaxing)
 .stab          0x00000000000095a0      0x1e0 build/sky/contiki-ng-sky.a(random.o)
                                        0x528 (size before relaxing)
 .stab          0x0000000000009780      0x528 build/sky/contiki-ng-sky.a(serial-line.o)
                                        0x9fc (size before relaxing)
 .stab          0x0000000000009ca8      0x990 build/sky/contiki-ng-sky.a(queuebuf.o)
                                       0x1794 (size before relaxing)
 .stab          0x000000000000a638      0xc30 build/sky/contiki-ng-sky.a(packetbuf.o)
                                       0x1a40 (size before relaxing)
 .stab          0x000000000000b268      0x444 build/sky/contiki-ng-sky.a(netstack.o)
                                        0x8d0 (size before relaxing)
 .stab          0x000000000000b6ac      0x324 build/sky/contiki-ng-sky.a(linkaddr.o)
                                        0x810 (size before relaxing)
 .stab          0x000000000000b9d0      0x5b8 build/sky/contiki-ng-sky.a(csma.o)
                                        0xef4 (size before relaxing)
 .stab          0x000000000000bf88      0xcd8 build/sky/contiki-ng-sky.a(csma-output.o)
                                       0x1638 (size before relaxing)
 .stab          0x000000000000cc60      0x774 build/sky/contiki-ng-sky.a(nullnet.o)
                                        0xdbc (size before relaxing)
 .stab          0x000000000000d3d4      0x8e8 build/sky/contiki-ng-sky.a(nullrouting.o)
                                       0x13b0 (size before relaxing)
 .stab          0x000000000000dcbc      0x24c build/sky/contiki-ng-sky.a(contiki-sky-pla)
                                        0x570 (size before relaxing)
 .stab          0x000000000000df08      0x42c build/sky/contiki-ng-sky.a(button-sensor.o)
                                        0x768 (size before relaxing)
 .stab          0x000000000000e334      0x60c build/sky/contiki-ng-sky.a(ds2411.o)
                                        0xaf8 (size before relaxing)
 .stab          0x000000000000e940      0x9d8 build/sky/contiki-ng-sky.a(xmem.o)
                                        0xed0 (size before relaxing)
 .stab          0x000000000000f318      0x63c build/sky/contiki-ng-sky.a(sensors.o)
                                        0xb28 (size before relaxing)
 .stab          0x000000000000f954     0x27e4 build/sky/contiki-ng-sky.a(cc2420.o)
                                       0x2fe8 (size before relaxing)
 .stab          0x0000000000012138      0x444 build/sky/contiki-ng-sky.a(cc2420-arch.o)
                                       0x1200 (size before relaxing)
 .stab          0x000000000001257c      0x5dc build/sky/contiki-ng-sky.a(uart1.o)
                                        0x918 (size before relaxing)
 .stab          0x0000000000012b58      0x390 build/sky/contiki-ng-sky.a(rtimer-arch.o)
                                        0x6b4 (size before relaxing)
 .stab          0x0000000000012ee8      0x5ac build/sky/contiki-ng-sky.a(memb.o)
                                        0xab0 (size before relaxing)
 .stab          0x0000000000013494      0x45c build/sky/contiki-ng-sky.a(ringbuf.o)
                                        0x798 (size before relaxing)
 .stab          0x00000000000138f0      0x570 build/sky/contiki-ng-sky.a(mac-sequence.o)
                                       0x1380 (size before relaxing)
 .stab          0x0000000000013e60      0x294 build/sky/contiki-ng-sky.a(mac.o)
                                        0x864 (size before relaxing)
 .stab          0x00000000000140f4      0x7b0 build/sky/contiki-ng-sky.a(framer-802154.o)
                                        0xffc (size before relaxing)
 .stab          0x00000000000148a4     0x11d0 build/sky/contiki-ng-sky.a(frame802154.o)
                                       0x1974 (size before relaxing)
 .stab          0x0000000000015a74      0x39c build/sky/contiki-ng-sky.a(csma-security.o)
                                        0xce4 (size before relaxing)
 .stab          0x0000000000015e10      0x264 build/sky/contiki-ng-sky.a(spi-legacy.o)
                                        0x588 (size before relaxing)

.stabstr        0x0000000000000000    0x132a2
 *(.stabstr)
 .stabstr       0x0000000000000000    0x132a2 coord.o

.stab.excl
 *(.stab.excl)

.stab.exclstr
 *(.stab.exclstr)

.stab.index
 *(.stab.index)

.stab.indexstr
 *(.stab.indexstr)

.comment
 *(.comment)

.debug
 *(.debug)

.line
 *(.line)

.debug_srcinfo
 *(.debug_srcinfo)

.debug_sfnames
 *(.debug_sfnames)

.debug_aranges  0x0000000000000000      0x17c
 *(.debug_aranges)
 .debug_aranges
                0x0000000000000000       0x14 /usr/lib/gcc/msp430/4.6.3/mmpy-16/libgcc.a(_udivmod32.o)
 .debug_aranges
                0x0000000000000014       0x14 /usr/lib/gcc/msp430/4.6.3/../../../../msp430/lib/mmpy-16/libc.a(strcmp.o)
 .debug_aranges
                0x0000000000000028       0x14 /usr/lib/gcc/msp430/4.6.3/../../../../msp430/lib/mmpy-16/libc.a(strncmp.o)
 .debug_aranges
                0x000000000000003c       0x14 /usr/lib/gcc/msp430/4.6.3/../../../../msp430/lib/mmpy-16/libc.a(memcmp.o)
 .debug_aranges
                0x0000000000000050       0x14 /usr/lib/gcc/msp430/4.6.3/../../../../msp430/lib/mmpy-16/libc.a(memcpy.o)
 .debug_aranges
                0x0000000000000064       0x14 /usr/lib/gcc/msp430/4.6.3/../../../../msp430/lib/mmpy-16/libc.a(memset.o)
 .debug_aranges
                0x0000000000000078       0x14 /usr/lib/gcc/msp430/4.6.3/../../../../msp430/lib/mmpy-16/libc.a(printf.o)
 .debug_aranges
                0x000000000000008c       0x14 /usr/lib/gcc/msp430/4.6.3/../../../../msp430/lib/mmpy-16/libc.a(vuprintf.o)
 .debug_aranges
                0x00000000000000a0       0x14 /usr/lib/gcc/msp430/4.6.3/../../../../msp430/lib/mmpy-16/libc.a(puts.o)
 .debug_aranges
                0x00000000000000b4       0x14 /usr/lib/gcc/msp430/4.6.3/../../../../msp430/lib/mmpy-16/libc.a(rand.o)
 .debug_aranges
                0x00000000000000c8       0x14 /usr/lib/gcc/msp430/4.6.3/mmpy-16/libgcc.a(_mulsi3.o)
 .debug_aranges
                0x00000000000000dc       0x14 /usr/lib/gcc/msp430/4.6.3/mmpy-16/libgcc.a(_udivmod16.o)
 .debug_aranges
                0x00000000000000f0       0x14 /usr/lib/gcc/msp430/4.6.3/mmpy-16/libgcc.a(_udivmod64.o)
 .debug_aranges
                0x0000000000000104       0x14 /usr/lib/gcc/msp430/4.6.3/mmpy-16/libcrt0.a(__watchdog_support.o)
 .debug_aranges
                0x0000000000000118       0x14 /usr/lib/gcc/msp430/4.6.3/mmpy-16/libcrt0.a(__init_stack.o)
 .debug_aranges
                0x000000000000012c       0x14 /usr/lib/gcc/msp430/4.6.3/mmpy-16/libcrt0.a(_copy_data.o)
 .debug_aranges
                0x0000000000000140       0x14 /usr/lib/gcc/msp430/4.6.3/mmpy-16/libcrt0.a(_clear_bss.o)
 .debug_aranges
                0x0000000000000154       0x14 /usr/lib/gcc/msp430/4.6.3/mmpy-16/libcrt0.a(_endless_loop__.o)
 .debug_aranges
                0x0000000000000168       0x14 /usr/lib/gcc/msp430/4.6.3/mmpy-16/libcrt0.a(_unexpected_.o)

.debug_pubnames
 *(.debug_pubnames)

.debug_info     0x0000000000000000     0x151b
 *(.debug_info)
 .debug_info    0x0000000000000000       0xec /usr/lib/gcc/msp430/4.6.3/mmpy-16/libgcc.a(_udivmod32.o)
 .debug_info    0x00000000000000ec       0xa4 /usr/lib/gcc/msp430/4.6.3/../../../../msp430/lib/mmpy-16/libc.a(strcmp.o)
 .debug_info    0x0000000000000190       0xbb /usr/lib/gcc/msp430/4.6.3/../../../../msp430/lib/mmpy-16/libc.a(strncmp.o)
 .debug_info    0x000000000000024b       0xe8 /usr/lib/gcc/msp430/4.6.3/../../../../msp430/lib/mmpy-16/libc.a(memcmp.o)
 .debug_info    0x0000000000000333      0x113 /usr/lib/gcc/msp430/4.6.3/../../../../msp430/lib/mmpy-16/libc.a(memcpy.o)
 .debug_info    0x0000000000000446       0xfe /usr/lib/gcc/msp430/4.6.3/../../../../msp430/lib/mmpy-16/libc.a(memset.o)
 .debug_info    0x0000000000000544      0x105 /usr/lib/gcc/msp430/4.6.3/../../../../msp430/lib/mmpy-16/libc.a(printf.o)
 .debug_info    0x0000000000000649      0x565 /usr/lib/gcc/msp430/4.6.3/../../../../msp430/lib/mmpy-16/libc.a(vuprintf.o)
 .debug_info    0x0000000000000bae       0x96 /usr/lib/gcc/msp430/4.6.3/../../../../msp430/lib/mmpy-16/libc.a(puts.o)
 .debug_info    0x0000000000000c44      0x13f /usr/lib/gcc/msp430/4.6.3/../../../../msp430/lib/mmpy-16/libc.a(rand.o)
 .debug_info    0x0000000000000d83       0xec /usr/lib/gcc/msp430/4.6.3/mmpy-16/libgcc.a(_mulsi3.o)
 .debug_info    0x0000000000000e6f       0xec /usr/lib/gcc/msp430/4.6.3/mmpy-16/libgcc.a(_udivmod16.o)
 .debug_info    0x0000000000000f5b       0xec /usr/lib/gcc/msp430/4.6.3/mmpy-16/libgcc.a(_udivmod64.o)
 .debug_info    0x0000000000001047       0xce /usr/lib/gcc/msp430/4.6.3/mmpy-16/libcrt0.a(__watchdog_support.o)
 .debug_info    0x0000000000001115       0xce /usr/lib/gcc/msp430/4.6.3/mmpy-16/libcrt0.a(__init_stack.o)
 .debug_info    0x00000000000011e3       0xce /usr/lib/gcc/msp430/4.6.3/mmpy-16/libcrt0.a(_copy_data.o)
 .debug_info    0x00000000000012b1       0xce /usr/lib/gcc/msp430/4.6.3/mmpy-16/libcrt0.a(_clear_bss.o)
 .debug_info    0x000000000000137f       0xce /usr/lib/gcc/msp430/4.6.3/mmpy-16/libcrt0.a(_endless_loop__.o)
 .debug_info    0x000000000000144d       0xce /usr/lib/gcc/msp430/4.6.3/mmpy-16/libcrt0.a(_unexpected_.o)
 *(.gnu.linkonce.wi.*)

.debug_abbrev   0x0000000000000000      0x781
 *(.debug_abbrev)
 .debug_abbrev  0x0000000000000000       0x14 /usr/lib/gcc/msp430/4.6.3/mmpy-16/libgcc.a(_udivmod32.o)
 .debug_abbrev  0x0000000000000014       0x60 /usr/lib/gcc/msp430/4.6.3/../../../../msp430/lib/mmpy-16/libc.a(strcmp.o)
 .debug_abbrev  0x0000000000000074       0x7c /usr/lib/gcc/msp430/4.6.3/../../../../msp430/lib/mmpy-16/libc.a(strncmp.o)
 .debug_abbrev  0x00000000000000f0       0x9b /usr/lib/gcc/msp430/4.6.3/../../../../msp430/lib/mmpy-16/libc.a(memcmp.o)
 .debug_abbrev  0x000000000000018b       0x97 /usr/lib/gcc/msp430/4.6.3/../../../../msp430/lib/mmpy-16/libc.a(memcpy.o)
 .debug_abbrev  0x0000000000000222       0x9c /usr/lib/gcc/msp430/4.6.3/../../../../msp430/lib/mmpy-16/libc.a(memset.o)
 .debug_abbrev  0x00000000000002be       0xd0 /usr/lib/gcc/msp430/4.6.3/../../../../msp430/lib/mmpy-16/libc.a(printf.o)
 .debug_abbrev  0x000000000000038e      0x1ef /usr/lib/gcc/msp430/4.6.3/../../../../msp430/lib/mmpy-16/libc.a(vuprintf.o)
 .debug_abbrev  0x000000000000057d       0x60 /usr/lib/gcc/msp430/4.6.3/../../../../msp430/lib/mmpy-16/libc.a(puts.o)
 .debug_abbrev  0x00000000000005dd       0xf0 /usr/lib/gcc/msp430/4.6.3/../../../../msp430/lib/mmpy-16/libc.a(rand.o)
 .debug_abbrev  0x00000000000006cd       0x14 /usr/lib/gcc/msp430/4.6.3/mmpy-16/libgcc.a(_mulsi3.o)
 .debug_abbrev  0x00000000000006e1       0x14 /usr/lib/gcc/msp430/4.6.3/mmpy-16/libgcc.a(_udivmod16.o)
 .debug_abbrev  0x00000000000006f5       0x14 /usr/lib/gcc/msp430/4.6.3/mmpy-16/libgcc.a(_udivmod64.o)
 .debug_abbrev  0x0000000000000709       0x14 /usr/lib/gcc/msp430/4.6.3/mmpy-16/libcrt0.a(__watchdog_support.o)
 .debug_abbrev  0x000000000000071d       0x14 /usr/lib/gcc/msp430/4.6.3/mmpy-16/libcrt0.a(__init_stack.o)
 .debug_abbrev  0x0000000000000731       0x14 /usr/lib/gcc/msp430/4.6.3/mmpy-16/libcrt0.a(_copy_data.o)
 .debug_abbrev  0x0000000000000745       0x14 /usr/lib/gcc/msp430/4.6.3/mmpy-16/libcrt0.a(_clear_bss.o)
 .debug_abbrev  0x0000000000000759       0x14 /usr/lib/gcc/msp430/4.6.3/mmpy-16/libcrt0.a(_endless_loop__.o)
 .debug_abbrev  0x000000000000076d       0x14 /usr/lib/gcc/msp430/4.6.3/mmpy-16/libcrt0.a(_unexpected_.o)

.debug_line     0x0000000000000000      0xd26
 *(.debug_line)
 .debug_line    0x0000000000000000       0xb6 /usr/lib/gcc/msp430/4.6.3/mmpy-16/libgcc.a(_udivmod32.o)
 .debug_line    0x00000000000000b6       0x49 /usr/lib/gcc/msp430/4.6.3/../../../../msp430/lib/mmpy-16/libc.a(strcmp.o)
 .debug_line    0x00000000000000ff       0x75 /usr/lib/gcc/msp430/4.6.3/../../../../msp430/lib/mmpy-16/libc.a(strncmp.o)
 .debug_line    0x0000000000000174       0x73 /usr/lib/gcc/msp430/4.6.3/../../../../msp430/lib/mmpy-16/libc.a(memcmp.o)
 .debug_line    0x00000000000001e7       0xe9 /usr/lib/gcc/msp430/4.6.3/../../../../msp430/lib/mmpy-16/libc.a(memcpy.o)
 .debug_line    0x00000000000002d0       0xc8 /usr/lib/gcc/msp430/4.6.3/../../../../msp430/lib/mmpy-16/libc.a(memset.o)
 .debug_line    0x0000000000000398       0x72 /usr/lib/gcc/msp430/4.6.3/../../../../msp430/lib/mmpy-16/libc.a(printf.o)
 .debug_line    0x000000000000040a      0x2d2 /usr/lib/gcc/msp430/4.6.3/../../../../msp430/lib/mmpy-16/libc.a(vuprintf.o)
 .debug_line    0x00000000000006dc       0x4d /usr/lib/gcc/msp430/4.6.3/../../../../msp430/lib/mmpy-16/libc.a(puts.o)
 .debug_line    0x0000000000000729       0x4f /usr/lib/gcc/msp430/4.6.3/../../../../msp430/lib/mmpy-16/libc.a(rand.o)
 .debug_line    0x0000000000000778       0xae /usr/lib/gcc/msp430/4.6.3/mmpy-16/libgcc.a(_mulsi3.o)
 .debug_line    0x0000000000000826       0xa7 /usr/lib/gcc/msp430/4.6.3/mmpy-16/libgcc.a(_udivmod16.o)
 .debug_line    0x00000000000008cd       0xfc /usr/lib/gcc/msp430/4.6.3/mmpy-16/libgcc.a(_udivmod64.o)
 .debug_line    0x00000000000009c9       0x8f /usr/lib/gcc/msp430/4.6.3/mmpy-16/libcrt0.a(__watchdog_support.o)
 .debug_line    0x0000000000000a58       0x8d /usr/lib/gcc/msp430/4.6.3/mmpy-16/libcrt0.a(__init_stack.o)
 .debug_line    0x0000000000000ae5       0x93 /usr/lib/gcc/msp430/4.6.3/mmpy-16/libcrt0.a(_copy_data.o)
 .debug_line    0x0000000000000b78       0x93 /usr/lib/gcc/msp430/4.6.3/mmpy-16/libcrt0.a(_clear_bss.o)
 .debug_line    0x0000000000000c0b       0x8e /usr/lib/gcc/msp430/4.6.3/mmpy-16/libcrt0.a(_endless_loop__.o)
 .debug_line    0x0000000000000c99       0x8d /usr/lib/gcc/msp430/4.6.3/mmpy-16/libcrt0.a(_unexpected_.o)

.debug_frame    0x0000000000000000      0x20a
 *(.debug_frame)
 .debug_frame   0x0000000000000000       0x1e /usr/lib/gcc/msp430/4.6.3/../../../../msp430/lib/mmpy-16/libc.a(strcmp.o)
 .debug_frame   0x000000000000001e       0x24 /usr/lib/gcc/msp430/4.6.3/../../../../msp430/lib/mmpy-16/libc.a(strncmp.o)
 .debug_frame   0x0000000000000042       0x24 /usr/lib/gcc/msp430/4.6.3/../../../../msp430/lib/mmpy-16/libc.a(memcmp.o)
 .debug_frame   0x0000000000000066       0x38 /usr/lib/gcc/msp430/4.6.3/../../../../msp430/lib/mmpy-16/libc.a(memcpy.o)
 .debug_frame   0x000000000000009e       0x32 /usr/lib/gcc/msp430/4.6.3/../../../../msp430/lib/mmpy-16/libc.a(memset.o)
 .debug_frame   0x00000000000000d0       0x2a /usr/lib/gcc/msp430/4.6.3/../../../../msp430/lib/mmpy-16/libc.a(printf.o)
 .debug_frame   0x00000000000000fa       0xb0 /usr/lib/gcc/msp430/4.6.3/../../../../msp430/lib/mmpy-16/libc.a(vuprintf.o)
 .debug_frame   0x00000000000001aa       0x24 /usr/lib/gcc/msp430/4.6.3/../../../../msp430/lib/mmpy-16/libc.a(puts.o)
 .debug_frame   0x00000000000001ce       0x3c /usr/lib/gcc/msp430/4.6.3/../../../../msp430/lib/mmpy-16/libc.a(rand.o)

.debug_str      0x0000000000000000      0x401
 *(.debug_str)
 .debug_str     0x0000000000000000       0xc7 /usr/lib/gcc/msp430/4.6.3/../../../../msp430/lib/mmpy-16/libc.a(strcmp.o)
                                        0x100 (size before relaxing)
 .debug_str     0x00000000000000c7       0x22 /usr/lib/gcc/msp430/4.6.3/../../../../msp430/lib/mmpy-16/libc.a(strncmp.o)
                                        0x109 (size before relaxing)
 .debug_str     0x00000000000000e9       0x19 /usr/lib/gcc/msp430/4.6.3/../../../../msp430/lib/mmpy-16/libc.a(memcmp.o)
                                        0x107 (size before relaxing)
 .debug_str     0x0000000000000102       0x34 /usr/lib/gcc/msp430/4.6.3/../../../../msp430/lib/mmpy-16/libc.a(memcpy.o)
                                        0x122 (size before relaxing)
 .debug_str     0x0000000000000136       0x26 /usr/lib/gcc/msp430/4.6.3/../../../../msp430/lib/mmpy-16/libc.a(memset.o)
                                        0x120 (size before relaxing)
 .debug_str     0x000000000000015c       0x40 /usr/lib/gcc/msp430/4.6.3/../../../../msp430/lib/mmpy-16/libc.a(printf.o)
                                        0x136 (size before relaxing)
 .debug_str     0x000000000000019c      0x221 /usr/lib/gcc/msp430/4.6.3/../../../../msp430/lib/mmpy-16/libc.a(vuprintf.o)
                                        0x381 (size before relaxing)
 .debug_str     0x00000000000003bd       0x15 /usr/lib/gcc/msp430/4.6.3/../../../../msp430/lib/mmpy-16/libc.a(puts.o)
                                         0xfc (size before relaxing)
 .debug_str     0x00000000000003d2       0x2f /usr/lib/gcc/msp430/4.6.3/../../../../msp430/lib/mmpy-16/libc.a(rand.o)
                                        0x11b (size before relaxing)

.debug_loc      0x0000000000000000      0xb17
 *(.debug_loc)
 .debug_loc     0x0000000000000000       0x24 /usr/lib/gcc/msp430/4.6.3/../../../../msp430/lib/mmpy-16/libc.a(strcmp.o)
 .debug_loc     0x0000000000000024       0x38 /usr/lib/gcc/msp430/4.6.3/../../../../msp430/lib/mmpy-16/libc.a(strncmp.o)
 .debug_loc     0x000000000000005c       0x5e /usr/lib/gcc/msp430/4.6.3/../../../../msp430/lib/mmpy-16/libc.a(memcmp.o)
 .debug_loc     0x00000000000000ba      0x1f0 /usr/lib/gcc/msp430/4.6.3/../../../../msp430/lib/mmpy-16/libc.a(memcpy.o)
 .debug_loc     0x00000000000002aa       0xdb /usr/lib/gcc/msp430/4.6.3/../../../../msp430/lib/mmpy-16/libc.a(memset.o)
 .debug_loc     0x0000000000000385       0x38 /usr/lib/gcc/msp430/4.6.3/../../../../msp430/lib/mmpy-16/libc.a(printf.o)
 .debug_loc     0x00000000000003bd      0x705 /usr/lib/gcc/msp430/4.6.3/../../../../msp430/lib/mmpy-16/libc.a(vuprintf.o)
 .debug_loc     0x0000000000000ac2       0x26 /usr/lib/gcc/msp430/4.6.3/../../../../msp430/lib/mmpy-16/libc.a(puts.o)
 .debug_loc     0x0000000000000ae8       0x2f /usr/lib/gcc/msp430/4.6.3/../../../../msp430/lib/mmpy-16/libc.a(rand.o)

.debug_macinfo
 *(.debug_macinfo)

.debug_pubtypes
 *(.debug_pubtypes)

.debug_ranges   0x0000000000000000       0x18
 *(.debug_ranges)
 .debug_ranges  0x0000000000000000       0x18 /usr/lib/gcc/msp430/4.6.3/../../../../msp430/lib/mmpy-16/libc.a(vuprintf.o)
                0x0000000000003900                PROVIDE (__stack, (ORIGIN (ram) + 0x2800))
                0x0000000000008764                PROVIDE (__data_start_rom, _etext)
                0x0000000000008840                PROVIDE (__data_end_rom, (_etext + SIZEOF (.data)))
OUTPUT(build/sky/coord.sky elf32-msp430)
