Archive member included because of file (symbol)

build/sky/contiki-ng-sky.a(uart1-putchar.o)
                              build/sky/obj/contiki-main.o (putchar)
build/sky/contiki-ng-sky.a(platform.o)
                              build/sky/obj/contiki-main.o (platform_init_stage_one)
build/sky/contiki-ng-sky.a(msp430.o)
                              build/sky/contiki-ng-sky.a(platform.o) (msp430_dco_required)
build/sky/contiki-ng-sky.a(clock.o)
                              beaconer_copy.o (clock_time)
build/sky/contiki-ng-sky.a(leds.o)
                              build/sky/contiki-ng-sky.a(platform.o) (leds_init)
build/sky/contiki-ng-sky.a(leds-arch.o)
                              build/sky/contiki-ng-sky.a(leds.o) (leds_arch_init)
build/sky/contiki-ng-sky.a(watchdog.o)
                              build/sky/obj/contiki-main.o (watchdog_start)
build/sky/contiki-ng-sky.a(autostart.o)
                              build/sky/obj/contiki-main.o (autostart_start)
build/sky/contiki-ng-sky.a(log.o)
                              build/sky/obj/contiki-main.o (log_lladdr)
build/sky/contiki-ng-sky.a(energest.o)
                              build/sky/obj/contiki-main.o (energest_init)
build/sky/contiki-ng-sky.a(etimer.o)
                              build/sky/contiki-ng-sky.a(clock.o) (etimer_request_poll)
build/sky/contiki-ng-sky.a(node-id.o)
                              build/sky/obj/contiki-main.o (node_id_init)
build/sky/contiki-ng-sky.a(ctimer.o)
                              build/sky/obj/contiki-main.o (ctimer_init)
build/sky/contiki-ng-sky.a(process.o)
                              build/sky/contiki-ng-sky.a(etimer.o) (process_current)
build/sky/contiki-ng-sky.a(rtimer.o)
                              build/sky/obj/contiki-main.o (rtimer_init)
build/sky/contiki-ng-sky.a(timer.o)
                              build/sky/contiki-ng-sky.a(platform.o) (timer_set)
build/sky/contiki-ng-sky.a(stack-check.o)
                              build/sky/obj/contiki-main.o (stack_check_init)
build/sky/contiki-ng-sky.a(list.o)
                              build/sky/contiki-ng-sky.a(ctimer.o) (list_init)
build/sky/contiki-ng-sky.a(random.o)
                              build/sky/contiki-ng-sky.a(platform.o) (random_init)
build/sky/contiki-ng-sky.a(serial-line.o)
                              build/sky/contiki-ng-sky.a(platform.o) (serial_line_input_byte)
build/sky/contiki-ng-sky.a(queuebuf.o)
                              build/sky/obj/contiki-main.o (queuebuf_init)
build/sky/contiki-ng-sky.a(packetbuf.o)
                              build/sky/contiki-ng-sky.a(queuebuf.o) (packetbuf_copyto)
build/sky/contiki-ng-sky.a(netstack.o)
                              build/sky/obj/contiki-main.o (netstack_init)
build/sky/contiki-ng-sky.a(linkaddr.o)
                              build/sky/contiki-ng-sky.a(platform.o) (linkaddr_copy)
build/sky/contiki-ng-sky.a(csma.o)
                              build/sky/obj/contiki-main.o (csma_driver)
build/sky/contiki-ng-sky.a(csma-output.o)
                              build/sky/contiki-ng-sky.a(csma.o) (csma_output_packet)
build/sky/contiki-ng-sky.a(nullnet.o)
                              beaconer_copy.o (nullnet_len)
build/sky/contiki-ng-sky.a(nullrouting.o)
                              build/sky/obj/contiki-main.o (nullrouting_driver)
build/sky/contiki-ng-sky.a(contiki-sky-pla)
                              build/sky/contiki-ng-sky.a(platform.o) (init_platform)
build/sky/contiki-ng-sky.a(button-sensor.o)
                              build/sky/contiki-ng-sky.a(contiki-sky-pla) (button_sensor)
build/sky/contiki-ng-sky.a(ds2411.o)
                              build/sky/contiki-ng-sky.a(platform.o) (ds2411_init)
build/sky/contiki-ng-sky.a(xmem.o)
                              build/sky/contiki-ng-sky.a(platform.o) (xmem_init)
build/sky/contiki-ng-sky.a(sensors.o)
                              build/sky/contiki-ng-sky.a(button-sensor.o) (sensors_changed)
build/sky/contiki-ng-sky.a(cc2420.o)
                              build/sky/contiki-ng-sky.a(platform.o) (cc2420_set_pan_addr)
build/sky/contiki-ng-sky.a(cc2420-arch.o)
                              build/sky/contiki-ng-sky.a(cc2420.o) (cc2420_arch_init)
build/sky/contiki-ng-sky.a(uart1.o)
                              build/sky/contiki-ng-sky.a(platform.o) (uart1_active)
build/sky/contiki-ng-sky.a(rtimer-arch.o)
                              build/sky/contiki-ng-sky.a(rtimer.o) (rtimer_arch_init)
build/sky/contiki-ng-sky.a(memb.o)
                              build/sky/contiki-ng-sky.a(queuebuf.o) (memb_init)
build/sky/contiki-ng-sky.a(ringbuf.o)
                              build/sky/contiki-ng-sky.a(serial-line.o) (ringbuf_init)
build/sky/contiki-ng-sky.a(mac-sequence.o)
                              build/sky/contiki-ng-sky.a(csma.o) (mac_sequence_is_duplicate)
build/sky/contiki-ng-sky.a(mac.o)
                              build/sky/contiki-ng-sky.a(csma-output.o) (mac_call_sent_callback)
[...]
Memory Configuration

Name             Origin             Length             Attributes
sfr              0x0000000000000000 0x0000000000000010
peripheral_8bit  0x0000000000000010 0x00000000000000f0
peripheral_16bit 0x0000000000000100 0x0000000000000100
ram_mirror       0x0000000000000200 0x0000000000000800 xw
infomem          0x0000000000001000 0x0000000000000100
infob            0x0000000000001000 0x0000000000000080
infoa            0x0000000000001080 0x0000000000000080
ram              0x0000000000001100 0x0000000000002800 xw
rom              0x0000000000004000 0x000000000000bfe0 xr
vectors          0x000000000000ffe0 0x0000000000000020
bsl              0x0000000000000000 0x0000000000000000
infoc            0x0000000000000000 0x0000000000000000
infod            0x0000000000000000 0x0000000000000000
ram2             0x0000000000000000 0x0000000000000000 xw
usbram           0x0000000000000000 0x0000000000000000 xw
far_rom          0x0000000000000000 0x0000000000000000
*default*        0x0000000000000000 0xffffffffffffffff

Linker script and memory map

LOAD /usr/lib/gcc/msp430/4.6.3/mmpy-16/crt0ivtbl16.o
                0x0000000000001cf6                _stack = _end
LOAD beaconer_copy.o
LOAD build/sky/obj/contiki-main.o
LOAD build/sky/contiki-ng-sky.a
LOAD /usr/lib/gcc/msp430/4.6.3/mmpy-16/libgcc.a
LOAD /usr/lib/gcc/msp430/4.6.3/../../../../msp430/lib/mmpy-16/libc.a
LOAD /usr/lib/gcc/msp430/4.6.3/mmpy-16/libgcc.a
LOAD /usr/lib/gcc/msp430/4.6.3/mmpy-16/libcrt0.a
                0x0000000000000080                PROVIDE (__info_segment_size, 0x80)
                0x0000000000001000                PROVIDE (__infob, 0x1000)
                0x0000000000001080                PROVIDE (__infoa, 0x1080)
                0x0000000000000000                __IE1 = 0x0
                0x0000000000000002                __IFG1 = 0x2
                0x0000000000000004                __ME1 = 0x4
                0x0000000000000001                __IE2 = 0x1
                0x0000000000000003                __IFG2 = 0x3
                0x0000000000000005                __ME2 = 0x5
                0x0000000000000120                __WDTCTL = 0x120
                0x0000000000000130                __MPY = 0x130
                0x0000000000000132                __MPYS = 0x132
                0x0000000000000134                __MAC = 0x134
                0x0000000000000136                __MACS = 0x136
                0x0000000000000138                __OP2 = 0x138
                0x000000000000013a                __RESLO = 0x13a
                0x000000000000013c                __RESHI = 0x13c
                0x000000000000013e                __SUMEXT = 0x13e
                0x0000000000000020                __P1IN = 0x20
                0x0000000000000021                __P1OUT = 0x21
                0x0000000000000022                __P1DIR = 0x22
                0x0000000000000023                __P1IFG = 0x23
                0x0000000000000024                __P1IES = 0x24
                0x0000000000000025                __P1IE = 0x25
                0x0000000000000026                __P1SEL = 0x26
                0x0000000000000028                __P2IN = 0x28
                0x0000000000000029                __P2OUT = 0x29
                0x000000000000002a                __P2DIR = 0x2a
                0x000000000000002b                __P2IFG = 0x2b
                0x000000000000002c                __P2IES = 0x2c
                0x000000000000002d                __P2IE = 0x2d
                0x000000000000002e                __P2SEL = 0x2e
                0x0000000000000018                __P3IN = 0x18
                0x0000000000000019                __P3OUT = 0x19
                0x000000000000001a                __P3DIR = 0x1a
                0x000000000000001b                __P3SEL = 0x1b
                0x000000000000001c                __P4IN = 0x1c
                0x000000000000001d                __P4OUT = 0x1d
                0x000000000000001e                __P4DIR = 0x1e
                0x000000000000001f                __P4SEL = 0x1f
                0x0000000000000030                __P5IN = 0x30
                0x0000000000000031                __P5OUT = 0x31
                0x0000000000000032                __P5DIR = 0x32
                0x0000000000000033                __P5SEL = 0x33
                0x0000000000000034                __P6IN = 0x34
                0x0000000000000035                __P6OUT = 0x35
                0x0000000000000036                __P6DIR = 0x36
                0x0000000000000037                __P6SEL = 0x37
                0x0000000000000070                __U0CTL = 0x70
                0x0000000000000071                __U0TCTL = 0x71
                0x0000000000000072                __U0RCTL = 0x72
                0x0000000000000073                __U0MCTL = 0x73
                0x0000000000000074                __U0BR0 = 0x74
                0x0000000000000075                __U0BR1 = 0x75
                0x0000000000000076                __U0RXBUF = 0x76
                0x0000000000000077                __U0TXBUF = 0x77
                0x0000000000000078                __U1CTL = 0x78
                0x0000000000000079                __U1TCTL = 0x79
                0x000000000000007a                __U1RCTL = 0x7a
                0x000000000000007b                __U1MCTL = 0x7b
                0x000000000000007c                __U1BR0 = 0x7c
                0x000000000000007d                __U1BR1 = 0x7d
                0x000000000000007e                __U1RXBUF = 0x7e
                0x000000000000007f                __U1TXBUF = 0x7f
                0x0000000000000050                __I2CIE = 0x50
                0x0000000000000051                __I2CIFG = 0x51
                0x0000000000000052                __I2CNDAT = 0x52
                0x0000000000000071                __I2CTCTL = 0x71
                0x0000000000000072                __I2CDCTL = 0x72
                0x0000000000000073                __I2CPSC = 0x73
                0x0000000000000074                __I2CSCLH = 0x74
                0x0000000000000075                __I2CSCLL = 0x75
                0x0000000000000076                __I2CDRB = 0x76
                0x0000000000000076                __I2CDRW = 0x76
                0x0000000000000118                __I2COA = 0x118
                0x000000000000011a                __I2CSA = 0x11a
                0x000000000000011c                __I2CIV = 0x11c
                0x000000000000012e                __TAIV = 0x12e
                0x0000000000000160                __TACTL = 0x160
                0x0000000000000162                __TACCTL0 = 0x162
                0x0000000000000164                __TACCTL1 = 0x164
                0x0000000000000166                __TACCTL2 = 0x166
                0x0000000000000170                __TAR = 0x170
                0x0000000000000172                __TACCR0 = 0x172
                0x0000000000000174                __TACCR1 = 0x174
                0x0000000000000176                __TACCR2 = 0x176
                0x000000000000011e                __TBIV = 0x11e
                0x0000000000000180                __TBCTL = 0x180
                0x0000000000000182                __TBCCTL0 = 0x182
                0x0000000000000184                __TBCCTL1 = 0x184
                0x0000000000000186                __TBCCTL2 = 0x186
                0x0000000000000188                __TBCCTL3 = 0x188
                0x000000000000018a                __TBCCTL4 = 0x18a
                0x000000000000018c                __TBCCTL5 = 0x18c
                0x000000000000018e                __TBCCTL6 = 0x18e
                0x0000000000000190                __TBR = 0x190
                0x0000000000000192                __TBCCR0 = 0x192
                0x0000000000000194                __TBCCR1 = 0x194
                0x0000000000000196                __TBCCR2 = 0x196
                0x0000000000000198                __TBCCR3 = 0x198
                0x000000000000019a                __TBCCR4 = 0x19a
                0x000000000000019c                __TBCCR5 = 0x19c
                0x000000000000019e                __TBCCR6 = 0x19e
                0x0000000000000056                __DCOCTL = 0x56
                0x0000000000000057                __BCSCTL1 = 0x57
                0x0000000000000058                __BCSCTL2 = 0x58
                0x0000000000000055                __SVSCTL = 0x55
                0x0000000000000128                __FCTL1 = 0x128
                0x000000000000012a                __FCTL2 = 0x12a
                0x000000000000012c                __FCTL3 = 0x12c
                0x0000000000000059                __CACTL1 = 0x59
                0x000000000000005a                __CACTL2 = 0x5a
                0x000000000000005b                __CAPD = 0x5b
                0x00000000000001a0                __ADC12CTL0 = 0x1a0
                0x00000000000001a2                __ADC12CTL1 = 0x1a2
                0x00000000000001a4                __ADC12IFG = 0x1a4
                0x00000000000001a6                __ADC12IE = 0x1a6
                0x00000000000001a8                __ADC12IV = 0x1a8
                0x0000000000000140                __ADC12MEM0 = 0x140
                0x0000000000000142                __ADC12MEM1 = 0x142
                0x0000000000000144                __ADC12MEM2 = 0x144
                0x0000000000000146                __ADC12MEM3 = 0x146
                0x0000000000000148                __ADC12MEM4 = 0x148
                0x000000000000014a                __ADC12MEM5 = 0x14a
                0x000000000000014c                __ADC12MEM6 = 0x14c
                0x000000000000014e                __ADC12MEM7 = 0x14e
                0x0000000000000150                __ADC12MEM8 = 0x150
                0x0000000000000152                __ADC12MEM9 = 0x152
                0x0000000000000154                __ADC12MEM10 = 0x154
                0x0000000000000156                __ADC12MEM11 = 0x156
                0x0000000000000158                __ADC12MEM12 = 0x158
                0x000000000000015a                __ADC12MEM13 = 0x15a
                0x000000000000015c                __ADC12MEM14 = 0x15c
                0x000000000000015e                __ADC12MEM15 = 0x15e
                0x0000000000000080                __ADC12MCTL0 = 0x80
                0x0000000000000081                __ADC12MCTL1 = 0x81
                0x0000000000000082                __ADC12MCTL2 = 0x82
                0x0000000000000083                __ADC12MCTL3 = 0x83
                0x0000000000000084                __ADC12MCTL4 = 0x84
                0x0000000000000085                __ADC12MCTL5 = 0x85
                0x0000000000000086                __ADC12MCTL6 = 0x86
                0x0000000000000087                __ADC12MCTL7 = 0x87
                0x0000000000000088                __ADC12MCTL8 = 0x88
                0x0000000000000089                __ADC12MCTL9 = 0x89
                0x000000000000008a                __ADC12MCTL10 = 0x8a
                0x000000000000008b                __ADC12MCTL11 = 0x8b
                0x000000000000008c                __ADC12MCTL12 = 0x8c
                0x000000000000008d                __ADC12MCTL13 = 0x8d
                0x000000000000008e                __ADC12MCTL14 = 0x8e
                0x000000000000008f                __ADC12MCTL15 = 0x8f
                0x00000000000001c0                __DAC12_0CTL = 0x1c0
                0x00000000000001c2                __DAC12_1CTL = 0x1c2
                0x00000000000001c8                __DAC12_0DAT = 0x1c8
                0x00000000000001ca                __DAC12_1DAT = 0x1ca
                0x0000000000000122                __DMACTL0 = 0x122
                0x0000000000000124                __DMACTL1 = 0x124
                0x00000000000001e0                __DMA0CTL = 0x1e0
                0x00000000000001e8                __DMA1CTL = 0x1e8
                0x00000000000001f0                __DMA2CTL = 0x1f0
                0x00000000000001e2                __DMA0SA = 0x1e2
                0x00000000000001e4                __DMA0DA = 0x1e4
                0x00000000000001e6                __DMA0SZ = 0x1e6
                0x00000000000001ea                __DMA1SA = 0x1ea
                0x00000000000001ec                __DMA1DA = 0x1ec
                0x00000000000001ee                __DMA1SZ = 0x1ee
                0x00000000000001f2                __DMA2SA = 0x1f2
                0x00000000000001f4                __DMA2DA = 0x1f4
                0x00000000000001f6                __DMA2SZ = 0x1f6

.hash
 *(.hash)

.dynsym
 *(.dynsym)

.dynstr
 *(.dynstr)

.gnu.version
 *(.gnu.version)

.gnu.version_d
 *(.gnu.version_d)

.gnu.version_r
 *(.gnu.version_r)

.rel.init
 *(.rel.init)

.rela.init
 *(.rela.init)

.rel.fini
 *(.rel.fini)

.rela.fini
 *(.rela.fini)

.rel.text
 *(.rel.text .rel.text.* .rel.gnu.linkonce.t.*)

.rela.text
 *(.rela.text .rela.text.* .rela.gnu.linkonce.t.*)

.rel.rodata
 *(.rel.rodata .rel.rodata.* .rel.gnu.linkonce.r.*)

.rela.rodata
 *(.rela.rodata .rela.rodata.* .rela.gnu.linkonce.r.*)

.rel.data
 *(.rel.data .rel.data.* .rel.gnu.linkonce.d.*)

.rela.data
 *(.rela.data .rela.data.* .rela.gnu.linkonce.d.*)

.rel.bss
 *(.rel.bss .rel.bss.* .rel.gnu.linkonce.b.*)

.rela.bss
 *(.rela.bss .rela.bss.* .rela.gnu.linkonce.b.*)

.rel.ctors
 *(.rel.ctors)

.rela.ctors
 *(.rela.ctors)

.rel.dtors
 *(.rel.dtors)

.rela.dtors
 *(.rela.dtors)

.rel.got
 *(.rel.got)

.rela.got
 *(.rela.got)

.rel.plt
 *(.rel.plt)

.rela.plt
 *(.rela.plt)

.text           0x0000000000004000     0x533c
                0x0000000000004000                . = ALIGN (0x2)
 *(.init .init.*)
 *(.init0)
 .init0         0x0000000000004000        0x0 /usr/lib/gcc/msp430/4.6.3/mmpy-16/libcrt0.a(_reset_vector__.o)
                0x0000000000004000                _reset_vector__
 *(.init1)
 .init1         0x0000000000004000        0xc /usr/lib/gcc/msp430/4.6.3/mmpy-16/libcrt0.a(__watchdog_support.o)
                0x0000000000004000                __watchdog_support
 *(.init2)
 .init2         0x000000000000400c        0x4 /usr/lib/gcc/msp430/4.6.3/mmpy-16/libcrt0.a(__init_stack.o)
                0x000000000000400c                __init_stack
 *(.init3)
 .init3         0x0000000000004010        0x0 /usr/lib/gcc/msp430/4.6.3/mmpy-16/libcrt0.a(__low_level_init.o)
                0x0000000000004010                __low_level_init
 *(.init4)
 .init4         0x0000000000004010       0x18 /usr/lib/gcc/msp430/4.6.3/mmpy-16/libcrt0.a(_copy_data.o)
                0x0000000000004010                __do_copy_data
 .init4         0x0000000000004028       0x16 /usr/lib/gcc/msp430/4.6.3/mmpy-16/libcrt0.a(_clear_bss.o)
                0x0000000000004028                __do_clear_bss
 *(.init5)
 *(.init6)
 *(.init7)
 *(.init8)
 *(.init9)
 .init9         0x000000000000403e      0x1c2 build/sky/obj/contiki-main.o
                0x000000000000403e                main
 *(.fini9)
 .fini9         0x0000000000004200        0x0 /usr/lib/gcc/msp430/4.6.3/mmpy-16/libcrt0.a(__stop_progExec__.o)
                0x0000000000004200                __stop_progExec__
 *(.fini8)
 *(.fini7)
 *(.fini6)
 *(.fini5)
 *(.fini4)
 *(.fini3)
 *(.fini2)
 *(.fini1)
 *(.fini0)
 .fini0         0x0000000000004200        0x6 /usr/lib/gcc/msp430/4.6.3/mmpy-16/libcrt0.a(_endless_loop__.o)
                0x0000000000004200                _endless_loop__
 *(.fini .fini.*)
                0x0000000000004206                . = ALIGN (0x2)
                0x0000000000004206                __ctors_start = .
 *(.ctors)
                0x0000000000004206                __ctors_end = .
                0x0000000000004206                __dtors_start = .
 *(.dtors)
                0x0000000000004206                __dtors_end = .
                0x0000000000004206                . = ALIGN (0x2)
 *(.text .text.* .gnu.linkonce.t.*)
 .text          0x0000000000004206        0x4 /usr/lib/gcc/msp430/4.6.3/mmpy-16/crt0ivtbl16.o
                0x0000000000004206                __isr_14
                0x0000000000004206                __isr_11
                0x0000000000004206                __isr_2
                0x0000000000004206                __isr_7
                0x0000000000004206                __isr_0
                0x0000000000004206                __isr_8
                0x0000000000004206                __isr_3
                0x0000000000004206                __isr_12
                0x0000000000004206                __isr_13
                0x0000000000004206                __isr_9
 .text.process_thread_nullnet_example_process
                0x000000000000420a      0x3b2 beaconer_copy.o
 .text.input_callback
                0x00000000000045bc      0x2fc beaconer_copy.o
                0x00000000000045bc                input_callback
 .text.putchar  0x00000000000048b8       0x10 build/sky/contiki-ng-sky.a(uart1-putchar.o)
                0x00000000000048b8                putchar
 .text.platform_init_stage_one
                0x00000000000048c8       0x12 build/sky/contiki-ng-sky.a(platform.o)
                0x00000000000048c8                platform_init_stage_one
 .text.platform_init_stage_two
                0x00000000000048da       0x6c build/sky/contiki-ng-sky.a(platform.o)
                0x00000000000048da                platform_init_stage_two
 .text.platform_init_stage_three
                0x0000000000004946       0x86 build/sky/contiki-ng-sky.a(platform.o)
                0x0000000000004946                platform_init_stage_three
 .text.platform_idle
                0x00000000000049cc       0x54 build/sky/contiki-ng-sky.a(platform.o)
                0x00000000000049cc                platform_idle
 .text.msp430_init_dco
                0x0000000000004a20       0x84 build/sky/contiki-ng-sky.a(msp430.o)
                0x0000000000004a20                msp430_init_dco
 .text.msp430_add_lpm_req
                0x0000000000004aa4        0xc build/sky/contiki-ng-sky.a(msp430.o)
                0x0000000000004aa4                msp430_add_lpm_req
 .text.msp430_cpu_init
                0x0000000000004ab0       0x2a build/sky/contiki-ng-sky.a(msp430.o)
                0x0000000000004ab0                msp430_cpu_init
 .text.splhigh_
                0x0000000000004ada        0x8 build/sky/contiki-ng-sky.a(msp430.o)
                0x0000000000004ada                splhigh_
 .text.msp430_sync_dco
                0x0000000000004ae2       0x68 build/sky/contiki-ng-sky.a(msp430.o)
                0x0000000000004ae2                msp430_sync_dco
 .text.timera1  0x0000000000004b4a       0xdc build/sky/contiki-ng-sky.a(clock.o)
                0x0000000000004b4a                __isr_5
                0x0000000000004b4a                timera1
 .text.clock_time
                0x0000000000004c26       0x1a build/sky/contiki-ng-sky.a(clock.o)
                0x0000000000004c26                clock_time
 .text.clock_init
                0x0000000000004c40       0x28 build/sky/contiki-ng-sky.a(clock.o)
                0x0000000000004c40                clock_init
 .text.clock_delay
                0x0000000000004c68        0xc build/sky/contiki-ng-sky.a(clock.o)
                0x0000000000004c68                clock_delay
 .text.leds_init
                0x0000000000004c74        0x6 build/sky/contiki-ng-sky.a(leds.o)
                0x0000000000004c74                leds_init
 .text.leds_on  0x0000000000004c7a       0x12 build/sky/contiki-ng-sky.a(leds.o)
                0x0000000000004c7a                leds_on
 .text.leds_off
                0x0000000000004c8c       0x12 build/sky/contiki-ng-sky.a(leds.o)
                0x0000000000004c8c                leds_off
 .text.leds_arch_init
                0x0000000000004c9e        0xe build/sky/contiki-ng-sky.a(leds-arch.o)
                0x0000000000004c9e                leds_arch_init
 .text.leds_arch_get
                0x0000000000004cac       0x36 build/sky/contiki-ng-sky.a(leds-arch.o)
                0x0000000000004cac                leds_arch_get
 .text.leds_arch_set
                0x0000000000004ce2       0x40 build/sky/contiki-ng-sky.a(leds-arch.o)
                0x0000000000004ce2                leds_arch_set
 .text.watchdog_interrupt
                0x0000000000004d22        0x6 build/sky/contiki-ng-sky.a(watchdog.o)
                0x0000000000004d22                __isr_10
                0x0000000000004d22                watchdog_interrupt
 .text.watchdog_start
                0x0000000000004d28       0x14 build/sky/contiki-ng-sky.a(watchdog.o)
                0x0000000000004d28                watchdog_start
 .text.watchdog_periodic
                0x0000000000004d3c       0x12 build/sky/contiki-ng-sky.a(watchdog.o)
                0x0000000000004d3c                watchdog_periodic
 .text.watchdog_stop
                0x0000000000004d4e       0x16 build/sky/contiki-ng-sky.a(watchdog.o)
                0x0000000000004d4e                watchdog_stop
 .text.watchdog_init
                0x0000000000004d64       0x14 build/sky/contiki-ng-sky.a(watchdog.o)
                0x0000000000004d64                watchdog_init
 .text.autostart_start
                0x0000000000004d78       0x16 build/sky/contiki-ng-sky.a(autostart.o)
                0x0000000000004d78                autostart_start
 .text.log_lladdr
                0x0000000000004d8e       0x44 build/sky/contiki-ng-sky.a(log.o)
                0x0000000000004d8e                log_lladdr
 .text.energest_init
                0x0000000000004dd2        0x2 build/sky/contiki-ng-sky.a(energest.o)
                0x0000000000004dd2                energest_init
 .text.energest_flush
                0x0000000000004dd4        0x2 build/sky/contiki-ng-sky.a(energest.o)
                0x0000000000004dd4                energest_flush
 .text.update_time
                0x0000000000004dd6       0x78 build/sky/contiki-ng-sky.a(etimer.o)
 .text.etimer_request_poll
                0x0000000000004e4e        0xa build/sky/contiki-ng-sky.a(etimer.o)
                0x0000000000004e4e                etimer_request_poll
 .text.process_thread_etimer_process
                0x0000000000004e58       0xc8 build/sky/contiki-ng-sky.a(etimer.o)
 .text.add_timer
                0x0000000000004f20       0x40 build/sky/contiki-ng-sky.a(etimer.o)
 .text.etimer_set
                0x0000000000004f60       0x12 build/sky/contiki-ng-sky.a(etimer.o)
                0x0000000000004f60                etimer_set
 .text.etimer_reset
                0x0000000000004f72       0x12 build/sky/contiki-ng-sky.a(etimer.o)
                0x0000000000004f72                etimer_reset
 .text.etimer_expired
                0x0000000000004f84        0xe build/sky/contiki-ng-sky.a(etimer.o)
                0x0000000000004f84                etimer_expired
 .text.etimer_pending
                0x0000000000004f92        0xc build/sky/contiki-ng-sky.a(etimer.o)
                0x0000000000004f92                etimer_pending
 .text.etimer_next_expiration_time
                0x0000000000004f9e       0x16 build/sky/contiki-ng-sky.a(etimer.o)
                0x0000000000004f9e                etimer_next_expiration_time
 .text.etimer_stop
                0x0000000000004fb4       0x3c build/sky/contiki-ng-sky.a(etimer.o)
                0x0000000000004fb4                etimer_stop
 .text.node_id_init
                0x0000000000004ff0       0x14 build/sky/contiki-ng-sky.a(node-id.o)
                0x0000000000004ff0                node_id_init
 .text.process_thread_ctimer_process
                0x0000000000005004       0xa4 build/sky/contiki-ng-sky.a(ctimer.o)
 .text.ctimer_init
                0x00000000000050a8       0x18 build/sky/contiki-ng-sky.a(ctimer.o)
                0x00000000000050a8                ctimer_init
 .text.ctimer_set_with_process
                0x00000000000050c0       0x4e build/sky/contiki-ng-sky.a(ctimer.o)
                0x00000000000050c0                ctimer_set_with_process
 .text.ctimer_set
                0x000000000000510e       0x10 build/sky/contiki-ng-sky.a(ctimer.o)
                0x000000000000510e                ctimer_set
 .text.ctimer_reset
                0x000000000000511e       0x30 build/sky/contiki-ng-sky.a(ctimer.o)
                0x000000000000511e                ctimer_reset
 .text.ctimer_stop
                0x000000000000514e       0x28 build/sky/contiki-ng-sky.a(ctimer.o)
                0x000000000000514e                ctimer_stop
 .text.call_process
                0x0000000000005176       0x4a build/sky/contiki-ng-sky.a(process.o)
 .text.exit_process
                0x00000000000051c0       0x96 build/sky/contiki-ng-sky.a(process.o)
 .text.do_poll  0x0000000000005256       0x30 build/sky/contiki-ng-sky.a(process.o)
 .text.process_alloc_event
                0x0000000000005286        0xe build/sky/contiki-ng-sky.a(process.o)
                0x0000000000005286                process_alloc_event
 .text.process_init
                0x0000000000005294       0x18 build/sky/contiki-ng-sky.a(process.o)
                0x0000000000005294                process_init
 .text.process_run
                0x00000000000052ac       0x92 build/sky/contiki-ng-sky.a(process.o)
                0x00000000000052ac                process_run
 .text.process_nevents
                0x000000000000533e        0xe build/sky/contiki-ng-sky.a(process.o)
                0x000000000000533e                process_nevents
 .text.process_post
                0x000000000000534c       0x42 build/sky/contiki-ng-sky.a(process.o)
                0x000000000000534c                process_post
 .text.process_post_synch
                0x000000000000538e       0x12 build/sky/contiki-ng-sky.a(process.o)
                0x000000000000538e                process_post_synch
 .text.process_start
                0x00000000000053a0       0x32 build/sky/contiki-ng-sky.a(process.o)
                0x00000000000053a0                process_start
 .text.process_poll
                0x00000000000053d2       0x18 build/sky/contiki-ng-sky.a(process.o)
                0x00000000000053d2                process_poll
 .text.rtimer_init
                0x00000000000053ea        0x6 build/sky/contiki-ng-sky.a(rtimer.o)
                0x00000000000053ea                rtimer_init
 .text.rtimer_run_next
                0x00000000000053f0       0x26 build/sky/contiki-ng-sky.a(rtimer.o)
                0x00000000000053f0                rtimer_run_next
 .text.timer_set
                0x0000000000005416       0x1c build/sky/contiki-ng-sky.a(timer.o)
                0x0000000000005416                timer_set
 .text.timer_expired
                0x0000000000005432       0x2a build/sky/contiki-ng-sky.a(timer.o)
                0x0000000000005432                timer_expired
 .text.timer_reset
                0x000000000000545c       0x1c build/sky/contiki-ng-sky.a(timer.o)
                0x000000000000545c                timer_reset
 .text.stack_check_init
                0x0000000000005478       0x2e build/sky/contiki-ng-sky.a(stack-check.o)
                0x0000000000005478                stack_check_init
 .text.stack_check_get_usage
                0x00000000000054a6       0x5a build/sky/contiki-ng-sky.a(stack-check.o)
                0x00000000000054a6                stack_check_get_usage
 .text.process_thread_stack_check_process
                0x0000000000005500       0xec build/sky/contiki-ng-sky.a(stack-check.o)
 .text.list_init
                0x00000000000055ec        0x6 build/sky/contiki-ng-sky.a(list.o)
                0x00000000000055ec                list_init
 .text.list_head
                0x00000000000055f2        0x4 build/sky/contiki-ng-sky.a(list.o)
                0x00000000000055f2                list_head
 .text.list_tail
                0x00000000000055f6       0x12 build/sky/contiki-ng-sky.a(list.o)
                0x00000000000055f6                list_tail
 .text.list_remove
                0x0000000000005608       0x34 build/sky/contiki-ng-sky.a(list.o)
                0x0000000000005608                list_remove
 .text.list_add
                0x000000000000563c       0x2a build/sky/contiki-ng-sky.a(list.o)
                0x000000000000563c                list_add
 .text.list_length
                0x0000000000005666       0x10 build/sky/contiki-ng-sky.a(list.o)
                0x0000000000005666                list_length
 .text.list_item_next
                0x0000000000005676        0xc build/sky/contiki-ng-sky.a(list.o)
                0x0000000000005676                list_item_next
 .text.random_init
                0x0000000000005682        0x6 build/sky/contiki-ng-sky.a(random.o)
                0x0000000000005682                random_init
 .text.random_rand
                0x0000000000005688        0x6 build/sky/contiki-ng-sky.a(random.o)
                0x0000000000005688                random_rand
 .text.process_thread_serial_line_process
                0x000000000000568e       0xa2 build/sky/contiki-ng-sky.a(serial-line.o)
 .text.serial_line_input_byte
                0x0000000000005730       0x42 build/sky/contiki-ng-sky.a(serial-line.o)
                0x0000000000005730                serial_line_input_byte
 .text.serial_line_init
                0x0000000000005772       0x1c build/sky/contiki-ng-sky.a(serial-line.o)
                0x0000000000005772                serial_line_init
 .text.queuebuf_init
                0x000000000000578e       0x12 build/sky/contiki-ng-sky.a(queuebuf.o)
                0x000000000000578e                queuebuf_init
 .text.queuebuf_new_from_packetbuf
                0x00000000000057a0       0x52 build/sky/contiki-ng-sky.a(queuebuf.o)
                0x00000000000057a0                queuebuf_new_from_packetbuf
 .text.queuebuf_update_attr_from_packetbuf
                0x00000000000057f2       0x12 build/sky/contiki-ng-sky.a(queuebuf.o)
                0x00000000000057f2                queuebuf_update_attr_from_packetbuf
 .text.queuebuf_free
                0x0000000000005804       0x2a build/sky/contiki-ng-sky.a(queuebuf.o)
                0x0000000000005804                queuebuf_free
 .text.queuebuf_to_packetbuf
                0x000000000000582e       0x32 build/sky/contiki-ng-sky.a(queuebuf.o)
                0x000000000000582e                queuebuf_to_packetbuf
 .text.packetbuf_hdrreduce
                0x0000000000005860       0x1a build/sky/contiki-ng-sky.a(packetbuf.o)
                0x0000000000005860                packetbuf_hdrreduce
 .text.packetbuf_set_datalen
                0x000000000000587a        0x6 build/sky/contiki-ng-sky.a(packetbuf.o)
                0x000000000000587a                packetbuf_set_datalen
 .text.packetbuf_hdrptr
                0x0000000000005880        0x6 build/sky/contiki-ng-sky.a(packetbuf.o)
                0x0000000000005880                packetbuf_hdrptr
 .text.packetbuf_datalen
                0x0000000000005886        0x6 build/sky/contiki-ng-sky.a(packetbuf.o)
                0x0000000000005886                packetbuf_datalen
 .text.packetbuf_hdrlen
                0x000000000000588c        0xa build/sky/contiki-ng-sky.a(packetbuf.o)
                0x000000000000588c                packetbuf_hdrlen
 .text.packetbuf_dataptr
                0x0000000000005896        0xc build/sky/contiki-ng-sky.a(packetbuf.o)
                0x0000000000005896                packetbuf_dataptr
 .text.packetbuf_copyto
                0x00000000000058a2       0x46 build/sky/contiki-ng-sky.a(packetbuf.o)
                0x00000000000058a2                packetbuf_copyto
 .text.packetbuf_totlen
                0x00000000000058e8        0xc build/sky/contiki-ng-sky.a(packetbuf.o)
                0x00000000000058e8                packetbuf_totlen
 .text.packetbuf_hdralloc
                0x00000000000058f4       0x3a build/sky/contiki-ng-sky.a(packetbuf.o)
                0x00000000000058f4                packetbuf_hdralloc
 .text.packetbuf_attr_clear
                0x000000000000592e       0x28 build/sky/contiki-ng-sky.a(packetbuf.o)
                0x000000000000592e                packetbuf_attr_clear
 .text.packetbuf_clear
                0x0000000000005956       0x12 build/sky/contiki-ng-sky.a(packetbuf.o)
                0x0000000000005956                packetbuf_clear
 .text.packetbuf_copyfrom
                0x0000000000005968       0x2e build/sky/contiki-ng-sky.a(packetbuf.o)
                0x0000000000005968                packetbuf_copyfrom
 .text.packetbuf_attr_copyto
                0x0000000000005996       0x22 build/sky/contiki-ng-sky.a(packetbuf.o)
                0x0000000000005996                packetbuf_attr_copyto
 .text.packetbuf_attr_copyfrom
                0x00000000000059b8       0x24 build/sky/contiki-ng-sky.a(packetbuf.o)
                0x00000000000059b8                packetbuf_attr_copyfrom
 .text.packetbuf_set_attr
                0x00000000000059dc        0xc build/sky/contiki-ng-sky.a(packetbuf.o)
                0x00000000000059dc                packetbuf_set_attr
 .text.packetbuf_attr
                0x00000000000059e8        0xa build/sky/contiki-ng-sky.a(packetbuf.o)
                0x00000000000059e8                packetbuf_attr
 .text.packetbuf_set_addr
                0x00000000000059f2       0x18 build/sky/contiki-ng-sky.a(packetbuf.o)
                0x00000000000059f2                packetbuf_set_addr
 .text.packetbuf_addr
                0x0000000000005a0a       0x12 build/sky/contiki-ng-sky.a(packetbuf.o)
                0x0000000000005a0a                packetbuf_addr
 .text.packetbuf_holds_broadcast
                0x0000000000005a1c        0xe build/sky/contiki-ng-sky.a(packetbuf.o)
                0x0000000000005a1c                packetbuf_holds_broadcast
 .text.netstack_init
                0x0000000000005a2a        0xe build/sky/contiki-ng-sky.a(netstack.o)
                0x0000000000005a2a                netstack_init
 .text.linkaddr_copy
                0x0000000000005a38        0x8 build/sky/contiki-ng-sky.a(linkaddr.o)
                0x0000000000005a38                linkaddr_copy
 .text.linkaddr_cmp
                0x0000000000005a40       0x12 build/sky/contiki-ng-sky.a(linkaddr.o)
                0x0000000000005a40                linkaddr_cmp
 .text.linkaddr_set_node_addr
                0x0000000000005a52        0xc build/sky/contiki-ng-sky.a(linkaddr.o)
                0x0000000000005a52                linkaddr_set_node_addr
 .text.on       0x0000000000005a5e        0x6 build/sky/contiki-ng-sky.a(csma.o)
 .text.off      0x0000000000005a64        0x6 build/sky/contiki-ng-sky.a(csma.o)
 .text.max_payload
                0x0000000000005a6a       0x38 build/sky/contiki-ng-sky.a(csma.o)
 .text.send_packet
                0x0000000000005aa2        0x6 build/sky/contiki-ng-sky.a(csma.o)
 .text.input_packet
                0x0000000000005aa8       0x54 build/sky/contiki-ng-sky.a(csma.o)
 .text.init     0x0000000000005afc       0x1c build/sky/contiki-ng-sky.a(csma.o)
 .text.schedule_transmission
                0x0000000000005b18       0x72 build/sky/contiki-ng-sky.a(csma-output.o)
 .text.tx_done  0x0000000000005b8a       0x9a build/sky/contiki-ng-sky.a(csma-output.o)
 .text.transmit_from_queue
                0x0000000000005c24      0x1c8 build/sky/contiki-ng-sky.a(csma-output.o)
 .text.csma_output_packet
                0x0000000000005dec      0x182 build/sky/contiki-ng-sky.a(csma-output.o)
                0x0000000000005dec                csma_output_packet
 .text.csma_output_init
                0x0000000000005f6e       0x1a build/sky/contiki-ng-sky.a(csma-output.o)
                0x0000000000005f6e                csma_output_init
 .text.init     0x0000000000005f88        0x6 build/sky/contiki-ng-sky.a(nullnet.o)
 .text.output   0x0000000000005f8e       0x42 build/sky/contiki-ng-sky.a(nullnet.o)
 .text.input    0x0000000000005fd0       0x40 build/sky/contiki-ng-sky.a(nullnet.o)
 .text.nullnet_set_input_callback
                0x0000000000006010        0x6 build/sky/contiki-ng-sky.a(nullnet.o)
                0x0000000000006010                nullnet_set_input_callback
 .text.init     0x0000000000006016        0x2 build/sky/contiki-ng-sky.a(nullrouting.o)
 .text.root_set_prefix
                0x0000000000006018        0x2 build/sky/contiki-ng-sky.a(nullrouting.o)
 .text.root_start
                0x000000000000601a        0x4 build/sky/contiki-ng-sky.a(nullrouting.o)
 .text.node_is_root
                0x000000000000601e        0x4 build/sky/contiki-ng-sky.a(nullrouting.o)
 .text.get_root_ipaddr
                0x0000000000006022        0x4 build/sky/contiki-ng-sky.a(nullrouting.o)
 .text.get_sr_node_ipaddr
                0x0000000000006026        0x4 build/sky/contiki-ng-sky.a(nullrouting.o)
 .text.leave_network
                0x000000000000602a        0x2 build/sky/contiki-ng-sky.a(nullrouting.o)
 .text.node_has_joined
                0x000000000000602c        0x4 build/sky/contiki-ng-sky.a(nullrouting.o)
 .text.node_is_reachable
                0x0000000000006030        0x4 build/sky/contiki-ng-sky.a(nullrouting.o)
 .text.global_repair
                0x0000000000006034        0x2 build/sky/contiki-ng-sky.a(nullrouting.o)
 .text.local_repair
                0x0000000000006036        0x2 build/sky/contiki-ng-sky.a(nullrouting.o)
 .text.ext_header_remove
                0x0000000000006038        0x4 build/sky/contiki-ng-sky.a(nullrouting.o)
 .text.ext_header_update
                0x000000000000603c        0x4 build/sky/contiki-ng-sky.a(nullrouting.o)
 .text.ext_header_hbh_update
                0x0000000000006040        0x4 build/sky/contiki-ng-sky.a(nullrouting.o)
 .text.ext_header_srh_update
                0x0000000000006044        0x4 build/sky/contiki-ng-sky.a(nullrouting.o)
 .text.ext_header_srh_get_next_hop
                0x0000000000006048        0x4 build/sky/contiki-ng-sky.a(nullrouting.o)
 .text.link_callback
                0x000000000000604c        0x2 build/sky/contiki-ng-sky.a(nullrouting.o)
 .text.neighbor_state_changed
                0x000000000000604e        0x2 build/sky/contiki-ng-sky.a(nullrouting.o)
 .text.drop_route
                0x0000000000006050        0x2 build/sky/contiki-ng-sky.a(nullrouting.o)
 .text.is_in_leaf_mode
                0x0000000000006052        0x4 build/sky/contiki-ng-sky.a(nullrouting.o)
 .text.init_platform
                0x0000000000006056        0xc build/sky/contiki-ng-sky.a(contiki-sky-pla)
                0x0000000000006056                init_platform
 .text.status   0x0000000000006062       0x16 build/sky/contiki-ng-sky.a(button-sensor.o)
 .text.configure
                0x0000000000006078       0x52 build/sky/contiki-ng-sky.a(button-sensor.o)
 .text.value    0x00000000000060ca       0x22 build/sky/contiki-ng-sky.a(button-sensor.o)
 .text.irq_p2   0x00000000000060ec       0x48 build/sky/contiki-ng-sky.a(button-sensor.o)
                0x00000000000060ec                irq_p2
                0x00000000000060ec                __isr_1
 .text.owreadb  0x0000000000006134       0x52 build/sky/contiki-ng-sky.a(ds2411.o)
 .text.ds2411_init
                0x0000000000006186      0x122 build/sky/contiki-ng-sky.a(ds2411.o)
                0x0000000000006186                ds2411_init
 .text.xmem_init
                0x00000000000062a8       0x3e build/sky/contiki-ng-sky.a(xmem.o)
                0x00000000000062a8                xmem_init
 .text.process_thread_sensors_process
                0x00000000000062e6       0xbe build/sky/contiki-ng-sky.a(sensors.o)
 .text.sensors_changed
                0x00000000000063a4       0x2a build/sky/contiki-ng-sky.a(sensors.o)
                0x00000000000063a4                sensors_changed
 .text.get_object
                0x00000000000063ce        0x4 build/sky/contiki-ng-sky.a(cc2420.o)
 .text.set_object
                0x00000000000063d2        0x4 build/sky/contiki-ng-sky.a(cc2420.o)
 .text.strobe   0x00000000000063d6       0x20 build/sky/contiki-ng-sky.a(cc2420.o)
 .text.getreg   0x00000000000063f6       0x54 build/sky/contiki-ng-sky.a(cc2420.o)
 .text.setreg   0x000000000000644a       0x52 build/sky/contiki-ng-sky.a(cc2420.o)
 .text.write_ram
                0x000000000000649c       0x80 build/sky/contiki-ng-sky.a(cc2420.o)
 .text.write_fifo_buf
                0x000000000000651c       0x40 build/sky/contiki-ng-sky.a(cc2420.o)
 .text.get_status
                0x000000000000655c       0x24 build/sky/contiki-ng-sky.a(cc2420.o)
 .text.on       0x0000000000006580       0x1a build/sky/contiki-ng-sky.a(cc2420.o)
 .text.cc2420_receiving_packet
                0x000000000000659a        0xe build/sky/contiki-ng-sky.a(cc2420.o)
 .text.pending_packet
                0x00000000000065a8        0x8 build/sky/contiki-ng-sky.a(cc2420.o)
 .text.wait_for_transmission
                0x00000000000065b0       0x22 build/sky/contiki-ng-sky.a(cc2420.o)
 .text.wait_for_status
                0x00000000000065d2       0x2a build/sky/contiki-ng-sky.a(cc2420.o)
 .text.getrxdata
                0x00000000000065fc       0x56 build/sky/contiki-ng-sky.a(cc2420.o)
 .text.flushrx  0x0000000000006652       0x1a build/sky/contiki-ng-sky.a(cc2420.o)
 .text.off      0x000000000000666c       0x2c build/sky/contiki-ng-sky.a(cc2420.o)
 .text.RELEASE_LOCK
                0x0000000000006698       0x28 build/sky/contiki-ng-sky.a(cc2420.o)
 .text.set_key  0x00000000000066c0       0x18 build/sky/contiki-ng-sky.a(cc2420.o)
 .text.set_frame_filtering
                0x00000000000066d8       0x30 build/sky/contiki-ng-sky.a(cc2420.o)
 .text.set_auto_ack
                0x0000000000006708       0x30 build/sky/contiki-ng-sky.a(cc2420.o)
 .text.set_poll_mode
                0x0000000000006738       0x36 build/sky/contiki-ng-sky.a(cc2420.o)
 .text.cc2420_prepare
                0x000000000000676e       0x46 build/sky/contiki-ng-sky.a(cc2420.o)
 .text.cc2420_on
                0x00000000000067b4       0x22 build/sky/contiki-ng-sky.a(cc2420.o)
                0x00000000000067b4                cc2420_on
 .text.cc2420_transmit
                0x00000000000067d6       0x66 build/sky/contiki-ng-sky.a(cc2420.o)
 .text.cc2420_send
                0x000000000000683c       0x12 build/sky/contiki-ng-sky.a(cc2420.o)
 .text.cc2420_off
                0x000000000000684e       0x30 build/sky/contiki-ng-sky.a(cc2420.o)
                0x000000000000684e                cc2420_off
 .text.cc2420_cca
                0x000000000000687e       0x5e build/sky/contiki-ng-sky.a(cc2420.o)
 .text.cc2420_read
                0x00000000000068dc       0xc2 build/sky/contiki-ng-sky.a(cc2420.o)
 .text.process_thread_cc2420_process
                0x000000000000699e       0x5e build/sky/contiki-ng-sky.a(cc2420.o)
 .text.encrypt  0x00000000000069fc       0x8e build/sky/contiki-ng-sky.a(cc2420.o)
 .text.cc2420_set_channel
                0x0000000000006a8a       0x3c build/sky/contiki-ng-sky.a(cc2420.o)
                0x0000000000006a8a                cc2420_set_channel
 .text.cc2420_set_pan_addr
                0x0000000000006ac6       0x4c build/sky/contiki-ng-sky.a(cc2420.o)
                0x0000000000006ac6                cc2420_set_pan_addr
 .text.cc2420_interrupt
                0x0000000000006b12       0x18 build/sky/contiki-ng-sky.a(cc2420.o)
                0x0000000000006b12                cc2420_interrupt
 .text.cc2420_set_txpower
                0x0000000000006b2a       0x2e build/sky/contiki-ng-sky.a(cc2420.o)
                0x0000000000006b2a                cc2420_set_txpower
 .text.cc2420_get_txpower
                0x0000000000006b58       0x1e build/sky/contiki-ng-sky.a(cc2420.o)
                0x0000000000006b58                cc2420_get_txpower
 .text.cc2420_rssi
                0x0000000000006b76       0x4c build/sky/contiki-ng-sky.a(cc2420.o)
                0x0000000000006b76                cc2420_rssi
 .text.get_value
                0x0000000000006bc2      0x122 build/sky/contiki-ng-sky.a(cc2420.o)
 .text.cc2420_set_cca_threshold
                0x0000000000006ce4       0x16 build/sky/contiki-ng-sky.a(cc2420.o)
                0x0000000000006ce4                cc2420_set_cca_threshold
 .text.set_value
                0x0000000000006cfa      0x152 build/sky/contiki-ng-sky.a(cc2420.o)
 .text.cc2420_init
                0x0000000000006e4c       0xee build/sky/contiki-ng-sky.a(cc2420.o)
                0x0000000000006e4c                cc2420_init
 .text.cc2420_port1_interrupt
                0x0000000000006f3a       0x20 build/sky/contiki-ng-sky.a(cc2420-arch.o)
                0x0000000000006f3a                __isr_4
                0x0000000000006f3a                cc2420_port1_interrupt
 .text.cc2420_arch_init
                0x0000000000006f5a       0x1a build/sky/contiki-ng-sky.a(cc2420-arch.o)
                0x0000000000006f5a                cc2420_arch_init
 .text.handle_rxdma_timer
                0x0000000000006f74       0x3a build/sky/contiki-ng-sky.a(uart1.o)
 .text.uart1_active
                0x0000000000006fae       0x1a build/sky/contiki-ng-sky.a(uart1.o)
                0x0000000000006fae                uart1_active
 .text.uart1_set_input
                0x0000000000006fc8       0x20 build/sky/contiki-ng-sky.a(uart1.o)
                0x0000000000006fc8                uart1_set_input
 .text.uart1_writeb
                0x0000000000006fe8       0x1a build/sky/contiki-ng-sky.a(uart1.o)
                0x0000000000006fe8                uart1_writeb
 .text.uart1_init
                0x0000000000007002       0xf6 build/sky/contiki-ng-sky.a(uart1.o)
                0x0000000000007002                uart1_init
 .text.timera0  0x00000000000070f8       0x2e build/sky/contiki-ng-sky.a(rtimer-arch.o)
                0x00000000000070f8                __isr_6
                0x00000000000070f8                timera0
 .text.rtimer_arch_init
                0x0000000000007126        0xe build/sky/contiki-ng-sky.a(rtimer-arch.o)
                0x0000000000007126                rtimer_arch_init
 .text.rtimer_arch_now
                0x0000000000007134        0xe build/sky/contiki-ng-sky.a(rtimer-arch.o)
                0x0000000000007134                rtimer_arch_now
 .text.rtimer_arch_schedule
                0x0000000000007142        0x6 build/sky/contiki-ng-sky.a(rtimer-arch.o)
                0x0000000000007142                rtimer_arch_schedule
 .text.memb_init
                0x0000000000007148       0x36 build/sky/contiki-ng-sky.a(memb.o)
                0x0000000000007148                memb_init
 .text.memb_alloc
                0x000000000000717e       0x3e build/sky/contiki-ng-sky.a(memb.o)
                0x000000000000717e                memb_alloc
 .text.memb_free
                0x00000000000071bc       0x32 build/sky/contiki-ng-sky.a(memb.o)
                0x00000000000071bc                memb_free
 .text.memb_inmemb
                0x00000000000071ee       0x2e build/sky/contiki-ng-sky.a(memb.o)
                0x00000000000071ee                memb_inmemb
 .text.ringbuf_init
                0x000000000000721c       0x14 build/sky/contiki-ng-sky.a(ringbuf.o)
                0x000000000000721c                ringbuf_init
 .text.ringbuf_put
                0x0000000000007230       0x38 build/sky/contiki-ng-sky.a(ringbuf.o)
                0x0000000000007230                ringbuf_put
 .text.ringbuf_get
                0x0000000000007268       0x34 build/sky/contiki-ng-sky.a(ringbuf.o)
                0x0000000000007268                ringbuf_get
 .text.mac_sequence_is_duplicate
                0x000000000000729c       0x78 build/sky/contiki-ng-sky.a(mac-sequence.o)
                0x000000000000729c                mac_sequence_is_duplicate
 .text.mac_sequence_register_seqno
                0x0000000000007314       0x98 build/sky/contiki-ng-sky.a(mac-sequence.o)
                0x0000000000007314                mac_sequence_register_seqno
 .text.mac_call_sent_callback
                0x00000000000073ac       0x14 build/sky/contiki-ng-sky.a(mac.o)
                0x00000000000073ac                mac_call_sent_callback
 .text.parse    0x00000000000073c0       0xa0 build/sky/contiki-ng-sky.a(framer-802154.o)
 .text.framer_802154_setup_params
                0x0000000000007460       0xb8 build/sky/contiki-ng-sky.a(framer-802154.o)
                0x0000000000007460                framer_802154_setup_params
 .text.create_frame
                0x0000000000007518       0xde build/sky/contiki-ng-sky.a(framer-802154.o)
 .text.create   0x00000000000075f6        0x8 build/sky/contiki-ng-sky.a(framer-802154.o)
 .text.hdr_length
                0x00000000000075fe        0x8 build/sky/contiki-ng-sky.a(framer-802154.o)
 .text.frame802154_get_pan_id
                0x0000000000007606        0x6 build/sky/contiki-ng-sky.a(frame802154.o)
                0x0000000000007606                frame802154_get_pan_id
 .text.frame802154_has_panid
                0x000000000000760c       0xdc build/sky/contiki-ng-sky.a(frame802154.o)
                0x000000000000760c                frame802154_has_panid
 .text.field_len
                0x00000000000076e8       0xb2 build/sky/contiki-ng-sky.a(frame802154.o)
 .text.frame802154_is_broadcast_addr
                0x000000000000779a       0x24 build/sky/contiki-ng-sky.a(frame802154.o)
                0x000000000000779a                frame802154_is_broadcast_addr
 .text.frame802154_hdrlen
                0x00000000000077be       0x32 build/sky/contiki-ng-sky.a(frame802154.o)
                0x00000000000077be                frame802154_hdrlen
 .text.frame802154_create_fcf
                0x00000000000077f0       0x96 build/sky/contiki-ng-sky.a(frame802154.o)
                0x00000000000077f0                frame802154_create_fcf
 .text.frame802154_create
                0x0000000000007886       0xe4 build/sky/contiki-ng-sky.a(frame802154.o)
                0x0000000000007886                frame802154_create
 .text.frame802154_parse_fcf
                0x000000000000796a       0xbe build/sky/contiki-ng-sky.a(frame802154.o)
                0x000000000000796a                frame802154_parse_fcf
 .text.frame802154_parse
                0x0000000000007a28      0x18c build/sky/contiki-ng-sky.a(frame802154.o)
                0x0000000000007a28                frame802154_parse
 .text.csma_security_create_frame
                0x0000000000007bb4       0x10 build/sky/contiki-ng-sky.a(csma-security.o)
                0x0000000000007bb4                csma_security_create_frame
 .text.csma_security_parse_frame
                0x0000000000007bc4        0x6 build/sky/contiki-ng-sky.a(csma-security.o)
                0x0000000000007bc4                csma_security_parse_frame
 .text.spi_init
                0x0000000000007bca       0x32 build/sky/contiki-ng-sky.a(spi-legacy.o)
                0x0000000000007bca                spi_init
 .text.libgcc   0x0000000000007bfc       0x3a /usr/lib/gcc/msp430/4.6.3/mmpy-16/libgcc.a(_divmod16.o)
                0x0000000000007bfc                __ext_divmod16
                0x0000000000007bfc                __divhi3
                0x0000000000007c2e                __modhi3
 .text.libgcc   0x0000000000007c36       0x40 /usr/lib/gcc/msp430/4.6.3/mmpy-16/libgcc.a(_udivmod32.o)
                0x0000000000007c36                __udivsi3
                0x0000000000007c36                __ext_udivmod32
                0x0000000000007c6c                __umodsi3
 .text          0x0000000000007c76       0x42 /usr/lib/gcc/msp430/4.6.3/mmpy-16/libgcc.a(_fixunssfsi.o)
                0x0000000000007c76                __fixunssfsi
 .text          0x0000000000007cb8      0x32e /usr/lib/gcc/msp430/4.6.3/mmpy-16/libgcc.a(_addsub_sf.o)
                0x0000000000007f4a                __addsf3
                0x0000000000007f96                __subsf3
 .text          0x0000000000007fe6      0x224 /usr/lib/gcc/msp430/4.6.3/mmpy-16/libgcc.a(_mul_sf.o)
                0x0000000000007fe6                __mulsf3
 .text          0x000000000000820a       0x50 /usr/lib/gcc/msp430/4.6.3/mmpy-16/libgcc.a(_ge_sf.o)
                0x000000000000820a                __gesf2
 .text          0x000000000000825a       0x90 /usr/lib/gcc/msp430/4.6.3/mmpy-16/libgcc.a(_sf_to_si.o)
                0x000000000000825a                __fixsfsi
 .text.libgcc   0x00000000000082ea       0x22 /usr/lib/gcc/msp430/4.6.3/mmpy-16/libgcc.a(_udivmod16.o)
                0x00000000000082ea                __udivhi3
                0x00000000000082ea                __ext_udivmod16
                0x0000000000008304                __umodhi3
 .text          0x000000000000830c      0x1de /usr/lib/gcc/msp430/4.6.3/mmpy-16/libgcc.a(_pack_sf.o)
                0x000000000000830c                __pack_f
 .text          0x00000000000084ea      0x124 /usr/lib/gcc/msp430/4.6.3/mmpy-16/libgcc.a(_unpack_sf.o)
                0x00000000000084ea                __unpack_f
 .text          0x000000000000860e       0xa4 /usr/lib/gcc/msp430/4.6.3/mmpy-16/libgcc.a(_fpcmp_parts_sf.o)
                0x000000000000860e                __fpcmp_parts_f
 .text          0x00000000000086b2       0x20 /usr/lib/gcc/msp430/4.6.3/../../../../msp430/lib/mmpy-16/libc.a(memcmp.o)
                0x00000000000086b2                memcmp
 .text          0x00000000000086d2       0xfa /usr/lib/gcc/msp430/4.6.3/../../../../msp430/lib/mmpy-16/libc.a(memcpy.o)
                0x00000000000086d2                memcpy
 .text          0x00000000000087cc       0x6a /usr/lib/gcc/msp430/4.6.3/../../../../msp430/lib/mmpy-16/libc.a(memset.o)
                0x00000000000087cc                memset
 .text          0x0000000000008836      0x114 /usr/lib/gcc/msp430/4.6.3/../../../../msp430/lib/mmpy-16/libc.a(malloc.o)
                0x0000000000008836                malloc
                0x0000000000008942                free
 .text          0x000000000000894a       0x1e /usr/lib/gcc/msp430/4.6.3/../../../../msp430/lib/mmpy-16/libc.a(printf.o)
                0x000000000000894a                printf
                0x000000000000895a                vprintf
 .text          0x0000000000008968      0x836 /usr/lib/gcc/msp430/4.6.3/../../../../msp430/lib/mmpy-16/libc.a(vuprintf.o)
                0x0000000000008b00                vuprintf
 .text          0x000000000000919e       0x2c /usr/lib/gcc/msp430/4.6.3/../../../../msp430/lib/mmpy-16/libc.a(puts.o)
                0x000000000000919e                puts
 .text          0x00000000000091ca       0x54 /usr/lib/gcc/msp430/4.6.3/../../../../msp430/lib/mmpy-16/libc.a(rand.o)
                0x00000000000091ca                rand_r
                0x00000000000091ee                rand
                0x0000000000009214                srand
 .text.libgcc   0x000000000000921e       0x2c /usr/lib/gcc/msp430/4.6.3/mmpy-16/libgcc.a(_mulsi3.o)
                0x000000000000921e                __mulsi3
 .text.libgcc   0x000000000000924a       0xf0 /usr/lib/gcc/msp430/4.6.3/mmpy-16/libgcc.a(_udivmod64.o)
                0x000000000000924a                __xabi_udivmod64
                0x00000000000092a8                __udivdi3
                0x00000000000092ce                __umoddi3
                0x00000000000092fc                __udivmoddi4
 .text.crt0     0x000000000000933a        0x2 /usr/lib/gcc/msp430/4.6.3/mmpy-16/libcrt0.a(_unexpected_.o)
                0x000000000000933a                _unexpected_
                0x000000000000933c                . = ALIGN (0x2)

.rodata         0x000000000000933c      0x602
                0x000000000000933c                . = ALIGN (0x2)
 *(.rodata .rodata.* .gnu.linkonce.r.*)
 .rodata        0x000000000000933c      0x2c2 beaconer_copy.o
                0x00000000000095e0                autostart_processes
 .rodata        0x00000000000095fe       0xcf build/sky/obj/contiki-main.o
 .rodata        0x00000000000096cd       0x31 build/sky/contiki-ng-sky.a(platform.o)
 .rodata        0x00000000000096fe       0x9a build/sky/contiki-ng-sky.a(log.o)
 .rodata        0x0000000000009798        0xc build/sky/contiki-ng-sky.a(etimer.o)
 .rodata        0x00000000000097a4        0xf build/sky/contiki-ng-sky.a(ctimer.o)
 .rodata        0x00000000000097b3       0x6a build/sky/contiki-ng-sky.a(stack-check.o)
 .rodata        0x000000000000981d        0xe build/sky/contiki-ng-sky.a(serial-line.o)
 *fill*         0x000000000000982b        0x1 00
 .rodata        0x000000000000982c        0x8 build/sky/contiki-ng-sky.a(linkaddr.o)
                0x000000000000982c                linkaddr_null
 .rodata        0x0000000000009834       0x14 build/sky/contiki-ng-sky.a(csma.o)
                0x000000000000983a                csma_driver
 .rodata        0x0000000000009848       0x10 build/sky/contiki-ng-sky.a(nullnet.o)
                0x0000000000009850                nullnet_driver
 .rodata        0x0000000000009858       0x36 build/sky/contiki-ng-sky.a(nullrouting.o)
                0x0000000000009864                nullrouting_driver
 .rodata        0x000000000000988e       0x10 build/sky/contiki-ng-sky.a(button-sensor.o)
                0x0000000000009896                button_sensor
 .rodata        0x000000000000989e        0x8 build/sky/contiki-ng-sky.a(sensors.o)
 .rodata        0x00000000000098a6       0x80 build/sky/contiki-ng-sky.a(cc2420.o)
                0x00000000000098e8                cc2420_aes_128_driver
                0x00000000000098ec                cc2420_driver
 .rodata        0x0000000000009926        0x6 build/sky/contiki-ng-sky.a(framer-802154.o)
                0x0000000000009926                framer_802154
 .rodata        0x000000000000992c        0x2 build/sky/contiki-ng-sky.a(frame802154.o)
 .rodata        0x000000000000992e        0x8 /usr/lib/gcc/msp430/4.6.3/mmpy-16/libgcc.a(_thenan_sf.o)
                0x000000000000992e                __thenan_sf
 .rodata        0x0000000000009936        0x7 /usr/lib/gcc/msp430/4.6.3/../../../../msp430/lib/mmpy-16/libc.a(vuprintf.o)
                0x000000000000993e                . = ALIGN (0x2)
 *fill*         0x000000000000993d        0x1 00
                0x000000000000993e                _etext = .

.data           0x0000000000001100       0xcc load address 0x000000000000993e
                0x0000000000001100                . = ALIGN (0x2)
                0x0000000000001100                PROVIDE (__data_start, .)
 *(.data .data.* .gnu.linkonce.d.*)
 .data          0x0000000000001100        0xa beaconer_copy.o
                0x0000000000001100                nullnet_example_process
 .data          0x000000000000110a        0x2 build/sky/contiki-ng-sky.a(msp430.o)
 .data          0x000000000000110c       0x50 build/sky/contiki-ng-sky.a(log.o)
                0x000000000000110c                all_modules
                0x000000000000115a                curr_log_level_main
 .data          0x000000000000115c        0xa build/sky/contiki-ng-sky.a(etimer.o)
                0x000000000000115c                etimer_process
 .data          0x0000000000001166        0xa build/sky/contiki-ng-sky.a(ctimer.o)
                0x0000000000001166                ctimer_process
 .data          0x0000000000001170        0xa build/sky/contiki-ng-sky.a(stack-check.o)
                0x0000000000001170                stack_check_process
 .data          0x000000000000117a        0xa build/sky/contiki-ng-sky.a(serial-line.o)
                0x000000000000117a                serial_line_process
 .data          0x0000000000001184       0x10 build/sky/contiki-ng-sky.a(queuebuf.o)
 .data          0x0000000000001194       0x18 build/sky/contiki-ng-sky.a(csma-output.o)
 .data          0x00000000000011ac        0x4 build/sky/contiki-ng-sky.a(contiki-sky-pla)
                0x00000000000011ac                sensors
 .data          0x00000000000011b0        0xa build/sky/contiki-ng-sky.a(sensors.o)
                0x00000000000011b0                sensors_process
 .data          0x00000000000011ba        0xc build/sky/contiki-ng-sky.a(cc2420.o)
                0x00000000000011ba                cc2420_process
 .data          0x00000000000011c6        0x2 build/sky/contiki-ng-sky.a(frame802154.o)
 .data          0x00000000000011c8        0x4 /usr/lib/gcc/msp430/4.6.3/../../../../msp430/lib/mmpy-16/libc.a(rand.o)
                0x00000000000011cc                . = ALIGN (0x2)
                0x00000000000011cc                _edata = .
                0x000000000000993e                PROVIDE (__data_load_start, LOADADDR (.data))
                0x00000000000000cc                PROVIDE (__data_size, SIZEOF (.data))

.bss            0x00000000000011cc      0xb28 load address 0x0000000000009a0a
                0x00000000000011cc                PROVIDE (__bss_start, .)
 *(.bss .bss.*)
 .bss           0x00000000000011cc       0x5c beaconer_copy.o
 .bss           0x0000000000001228        0x8 build/sky/contiki-ng-sky.a(platform.o)
 .bss           0x0000000000001230        0xa build/sky/contiki-ng-sky.a(clock.o)
 .bss           0x000000000000123a        0x2 build/sky/contiki-ng-sky.a(watchdog.o)
 .bss           0x000000000000123c       0x16 build/sky/contiki-ng-sky.a(log.o)
                0x000000000000123c                curr_log_level_lwm2m
                0x000000000000123e                curr_log_level_snmp
                0x0000000000001240                curr_log_level_coap
                0x0000000000001242                curr_log_level_6top
                0x0000000000001244                curr_log_level_framer
                0x0000000000001246                curr_log_level_mac
                0x0000000000001248                curr_log_level_nullnet
                0x000000000000124a                curr_log_level_6lowpan
                0x000000000000124c                curr_log_level_ipv6
                0x000000000000124e                curr_log_level_tcpip
                0x0000000000001250                curr_log_level_rpl
 .bss           0x0000000000001252        0x6 build/sky/contiki-ng-sky.a(etimer.o)
 .bss           0x0000000000001258        0x2 build/sky/contiki-ng-sky.a(node-id.o)
                0x0000000000001258                node_id
 .bss           0x000000000000125a        0x4 build/sky/contiki-ng-sky.a(ctimer.o)
 .bss           0x000000000000125e       0xc8 build/sky/contiki-ng-sky.a(process.o)
                0x000000000000125e                process_current
                0x0000000000001260                process_list
 .bss           0x0000000000001326        0x2 build/sky/contiki-ng-sky.a(rtimer.o)
 .bss           0x0000000000001328        0xe build/sky/contiki-ng-sky.a(stack-check.o)
 .bss           0x0000000000001336      0x10a build/sky/contiki-ng-sky.a(serial-line.o)
 .bss           0x0000000000001440      0x580 build/sky/contiki-ng-sky.a(queuebuf.o)
 .bss           0x00000000000019c0       0x86 build/sky/contiki-ng-sky.a(packetbuf.o)
 .bss           0x0000000000001a46       0xbe build/sky/contiki-ng-sky.a(csma-output.o)
 .bss           0x0000000000001b04        0x2 build/sky/contiki-ng-sky.a(nullnet.o)
 .bss           0x0000000000001b06        0x8 build/sky/contiki-ng-sky.a(button-sensor.o)
 .bss           0x0000000000001b0e        0x6 build/sky/contiki-ng-sky.a(sensors.o)
 .bss           0x0000000000001b14       0x10 build/sky/contiki-ng-sky.a(cc2420.o)
 .bss           0x0000000000001b24       0x9a build/sky/contiki-ng-sky.a(uart1.o)
 .bss           0x0000000000001bbe       0xe0 build/sky/contiki-ng-sky.a(mac-sequence.o)
 .bss           0x0000000000001c9e        0x2 build/sky/contiki-ng-sky.a(framer-802154.o)
 .bss           0x0000000000001ca0        0x1 /usr/lib/gcc/msp430/4.6.3/../../../../msp430/lib/mmpy-16/libc.a(malloc.o)
 *(COMMON)
 *fill*         0x0000000000001ca1        0x1 00
 COMMON         0x0000000000001ca2        0x2 build/sky/contiki-ng-sky.a(msp430.o)
                0x0000000000001ca2                msp430_dco_required
 COMMON         0x0000000000001ca4        0x1 build/sky/contiki-ng-sky.a(serial-line.o)
                0x0000000000001ca4                serial_line_event_message
 *fill*         0x0000000000001ca5        0x1 00
 COMMON         0x0000000000001ca6       0x2a build/sky/contiki-ng-sky.a(packetbuf.o)
                0x0000000000001ca6                packetbuf_addrs
                0x0000000000001cb6                packetbuf_attrs
 COMMON         0x0000000000001cd0        0x8 build/sky/contiki-ng-sky.a(linkaddr.o)
                0x0000000000001cd0                linkaddr_node_addr
 COMMON         0x0000000000001cd8        0x4 build/sky/contiki-ng-sky.a(nullnet.o)
                0x0000000000001cd8                nullnet_buf
                0x0000000000001cda                nullnet_len
 COMMON         0x0000000000001cdc        0x2 build/sky/contiki-ng-sky.a(contiki-sky-pla)
                0x0000000000001cdc                sensors_flags
 COMMON         0x0000000000001cde        0x8 build/sky/contiki-ng-sky.a(ds2411.o)
                0x0000000000001cde                ds2411_id
 COMMON         0x0000000000001ce6        0x1 build/sky/contiki-ng-sky.a(sensors.o)
                0x0000000000001ce6                sensors_event
 *fill*         0x0000000000001ce7        0x1 00
 COMMON         0x0000000000001ce8        0xc build/sky/contiki-ng-sky.a(cc2420.o)
                0x0000000000001ce8                cc2420_last_rssi
                0x0000000000001cea                cc2420_sfd_start_time
                0x0000000000001cec                cc2420_last_correlation
                0x0000000000001cee                cc2420_authority_level_of_sender
                0x0000000000001cf0                cc2420_sfd_counter
                0x0000000000001cf2                cc2420_sfd_end_time
                0x0000000000001cf4                . = ALIGN (0x2)
                0x0000000000001cf4                PROVIDE (__bss_end, .)
                0x0000000000000b28                PROVIDE (__bss_size, SIZEOF (.bss))

.noinit         0x0000000000001cf4        0x2 load address 0x0000000000009a0a
                0x0000000000001cf4                PROVIDE (__noinit_start, .)
 *(.noinit .noinit.*)
 .noinit.crt0   0x0000000000001cf4        0x2 /usr/lib/gcc/msp430/4.6.3/mmpy-16/libcrt0.a(__watchdog_support.o)
                0x0000000000001cf4                __wdt_clear_value
                0x0000000000001cf6                . = ALIGN (0x2)
                0x0000000000001cf6                PROVIDE (__noinit_end, .)
                0x0000000000001cf6                . = ALIGN (0x2)
                0x0000000000001cf6                _end = .

.infomem        0x0000000000001000        0x0
 *(.infomem)
                0x0000000000001000                . = ALIGN (0x2)
 *(.infomem.*)

.infomemnobits  0x0000000000001000        0x0
 *(.infomemnobits)
                0x0000000000001000                . = ALIGN (0x2)
 *(.infomemnobits.*)

.infoa
 *(.infoa .infoa.*)

.infob
 *(.infob .infob.*)

.infoc
 *(.infoc .infoc.*)

.infod
 *(.infod .infod.*)

.vectors        0x000000000000ffe0       0x20
                0x000000000000ffe0                PROVIDE (__vectors_start, .)
 *(.vectors*)
 .vectors       0x000000000000ffe0       0x20 /usr/lib/gcc/msp430/4.6.3/mmpy-16/crt0ivtbl16.o
                0x000000000000ffe0                __ivtbl_16
                0x0000000000010000                _vectors_end = .

.fartext        0x0000000000000000        0x0
                0x0000000000000000                . = ALIGN (0x2)
 *(.fartext)
                0x0000000000000000                . = ALIGN (0x2)
 *(.fartext.*)
                0x0000000000000000                _efartext = .

.profiler
 *(.profiler)

.stab           0x0000000000000000    0x1641c
 *(.stab)
 .stab          0x0000000000000000     0x144c beaconer_copy.o
 .stab          0x000000000000144c     0x1524 build/sky/obj/contiki-main.o
                                       0x19b0 (size before relaxing)
 .stab          0x0000000000002970      0x228 build/sky/contiki-ng-sky.a(uart1-putchar.o)
                                        0x6fc (size before relaxing)
 .stab          0x0000000000002b98      0xd8c build/sky/contiki-ng-sky.a(platform.o)
                                       0x13bc (size before relaxing)
 .stab          0x0000000000003924      0x72c build/sky/contiki-ng-sky.a(msp430.o)
                                        0xa50 (size before relaxing)
 .stab          0x0000000000004050      0x918 build/sky/contiki-ng-sky.a(clock.o)
                                        0xc60 (size before relaxing)
 .stab          0x0000000000004968      0x480 build/sky/contiki-ng-sky.a(leds.o)
                                        0x840 (size before relaxing)
 .stab          0x0000000000004de8      0x3b4 build/sky/contiki-ng-sky.a(leds-arch.o)
                                        0x774 (size before relaxing)
 .stab          0x000000000000519c      0x3e4 build/sky/contiki-ng-sky.a(watchdog.o)
                                        0x708 (size before relaxing)
 .stab          0x0000000000005580      0x2ac build/sky/contiki-ng-sky.a(autostart.o)
                                        0x5d0 (size before relaxing)
 .stab          0x000000000000582c      0x720 build/sky/contiki-ng-sky.a(log.o)
                                        0xeb8 (size before relaxing)
 .stab          0x0000000000005f4c      0x288 build/sky/contiki-ng-sky.a(energest.o)
                                        0x5d0 (size before relaxing)
 .stab          0x00000000000061d4      0xad4 build/sky/contiki-ng-sky.a(etimer.o)
                                        0xdf8 (size before relaxing)
 .stab          0x0000000000006ca8      0x270 build/sky/contiki-ng-sky.a(node-id.o)
                                        0x9cc (size before relaxing)
 .stab          0x0000000000006f18      0x828 build/sky/contiki-ng-sky.a(ctimer.o)
                                        0xb64 (size before relaxing)
 .stab          0x0000000000007740      0xb94 build/sky/contiki-ng-sky.a(process.o)
                                       0x10a4 (size before relaxing)
 .stab          0x00000000000082d4      0x354 build/sky/contiki-ng-sky.a(rtimer.o)
                                        0x678 (size before relaxing)
 .stab          0x0000000000008628      0x3b4 build/sky/contiki-ng-sky.a(timer.o)
                                        0x6d8 (size before relaxing)
 .stab          0x00000000000089dc      0x5dc build/sky/contiki-ng-sky.a(stack-check.o)
                                        0xb10 (size before relaxing)
 .stab          0x0000000000008fb8      0x990 build/sky/contiki-ng-sky.a(list.o)
                                        0xe7c (size before relaxing)
 .stab          0x0000000000009948      0x1e0 build/sky/contiki-ng-sky.a(random.o)
                                        0x528 (size before relaxing)
 .stab          0x0000000000009b28      0x528 build/sky/contiki-ng-sky.a(serial-line.o)
                                        0x9fc (size before relaxing)
 .stab          0x000000000000a050      0x990 build/sky/contiki-ng-sky.a(queuebuf.o)
                                       0x1794 (size before relaxing)
 .stab          0x000000000000a9e0      0xc30 build/sky/contiki-ng-sky.a(packetbuf.o)
                                       0x1a40 (size before relaxing)
 .stab          0x000000000000b610      0x444 build/sky/contiki-ng-sky.a(netstack.o)
                                        0x8d0 (size before relaxing)
 .stab          0x000000000000ba54      0x324 build/sky/contiki-ng-sky.a(linkaddr.o)
                                        0x810 (size before relaxing)
 .stab          0x000000000000bd78      0x5b8 build/sky/contiki-ng-sky.a(csma.o)
                                        0xef4 (size before relaxing)
 .stab          0x000000000000c330      0xcd8 build/sky/contiki-ng-sky.a(csma-output.o)
                                       0x1638 (size before relaxing)
 .stab          0x000000000000d008      0x774 build/sky/contiki-ng-sky.a(nullnet.o)
                                        0xdbc (size before relaxing)
 .stab          0x000000000000d77c      0x8e8 build/sky/contiki-ng-sky.a(nullrouting.o)
                                       0x13b0 (size before relaxing)
 .stab          0x000000000000e064      0x24c build/sky/contiki-ng-sky.a(contiki-sky-pla)
                                        0x570 (size before relaxing)
 .stab          0x000000000000e2b0      0x42c build/sky/contiki-ng-sky.a(button-sensor.o)
                                        0x768 (size before relaxing)
 .stab          0x000000000000e6dc      0x60c build/sky/contiki-ng-sky.a(ds2411.o)
                                        0xaf8 (size before relaxing)
 .stab          0x000000000000ece8      0x9d8 build/sky/contiki-ng-sky.a(xmem.o)
                                        0xed0 (size before relaxing)
 .stab          0x000000000000f6c0      0x63c build/sky/contiki-ng-sky.a(sensors.o)
                                        0xb28 (size before relaxing)
 .stab          0x000000000000fcfc     0x27e4 build/sky/contiki-ng-sky.a(cc2420.o)
                                       0x2fe8 (size before relaxing)
 .stab          0x00000000000124e0      0x444 build/sky/contiki-ng-sky.a(cc2420-arch.o)
                                       0x1200 (size before relaxing)
 .stab          0x0000000000012924      0x5dc build/sky/contiki-ng-sky.a(uart1.o)
                                        0x918 (size before relaxing)
 .stab          0x0000000000012f00      0x390 build/sky/contiki-ng-sky.a(rtimer-arch.o)
                                        0x6b4 (size before relaxing)
 .stab          0x0000000000013290      0x5ac build/sky/contiki-ng-sky.a(memb.o)
                                        0xab0 (size before relaxing)
 .stab          0x000000000001383c      0x45c build/sky/contiki-ng-sky.a(ringbuf.o)
                                        0x798 (size before relaxing)
 .stab          0x0000000000013c98      0x570 build/sky/contiki-ng-sky.a(mac-sequence.o)
                                       0x1380 (size before relaxing)
 .stab          0x0000000000014208      0x294 build/sky/contiki-ng-sky.a(mac.o)
                                        0x864 (size before relaxing)
 .stab          0x000000000001449c      0x7b0 build/sky/contiki-ng-sky.a(framer-802154.o)
                                        0xffc (size before relaxing)
 .stab          0x0000000000014c4c     0x11d0 build/sky/contiki-ng-sky.a(frame802154.o)
                                       0x1974 (size before relaxing)
 .stab          0x0000000000015e1c      0x39c build/sky/contiki-ng-sky.a(csma-security.o)
                                        0xce4 (size before relaxing)
 .stab          0x00000000000161b8      0x264 build/sky/contiki-ng-sky.a(spi-legacy.o)
                                        0x588 (size before relaxing)

.stabstr        0x0000000000000000    0x13334
 *(.stabstr)
 .stabstr       0x0000000000000000    0x13334 beaconer_copy.o

.stab.excl
 *(.stab.excl)

.stab.exclstr
 *(.stab.exclstr)

.stab.index
 *(.stab.index)

.stab.indexstr
 *(.stab.indexstr)

.comment
 *(.comment)

.debug
 *(.debug)

.line
 *(.line)

.debug_srcinfo
 *(.debug_srcinfo)

.debug_sfnames
 *(.debug_sfnames)

.debug_aranges  0x0000000000000000      0x244
 *(.debug_aranges)
 .debug_aranges
                0x0000000000000000       0x14 /usr/lib/gcc/msp430/4.6.3/mmpy-16/libgcc.a(_divmod16.o)
 .debug_aranges
                0x0000000000000014       0x14 /usr/lib/gcc/msp430/4.6.3/mmpy-16/libgcc.a(_udivmod32.o)
 .debug_aranges
                0x0000000000000028       0x14 /usr/lib/gcc/msp430/4.6.3/mmpy-16/libgcc.a(_fixunssfsi.o)
 .debug_aranges
                0x000000000000003c       0x14 /usr/lib/gcc/msp430/4.6.3/mmpy-16/libgcc.a(_addsub_sf.o)
 .debug_aranges
                0x0000000000000050       0x14 /usr/lib/gcc/msp430/4.6.3/mmpy-16/libgcc.a(_mul_sf.o)
 .debug_aranges
                0x0000000000000064       0x14 /usr/lib/gcc/msp430/4.6.3/mmpy-16/libgcc.a(_ge_sf.o)
 .debug_aranges
                0x0000000000000078       0x14 /usr/lib/gcc/msp430/4.6.3/mmpy-16/libgcc.a(_sf_to_si.o)
 .debug_aranges
                0x000000000000008c       0x14 /usr/lib/gcc/msp430/4.6.3/mmpy-16/libgcc.a(_udivmod16.o)
 .debug_aranges
                0x00000000000000a0       0x14 /usr/lib/gcc/msp430/4.6.3/mmpy-16/libgcc.a(_pack_sf.o)
 .debug_aranges
                0x00000000000000b4       0x14 /usr/lib/gcc/msp430/4.6.3/mmpy-16/libgcc.a(_unpack_sf.o)
 .debug_aranges
                0x00000000000000c8       0x14 /usr/lib/gcc/msp430/4.6.3/mmpy-16/libgcc.a(_fpcmp_parts_sf.o)
 .debug_aranges
                0x00000000000000dc       0x14 /usr/lib/gcc/msp430/4.6.3/../../../../msp430/lib/mmpy-16/libc.a(strcmp.o)
 .debug_aranges
                0x00000000000000f0       0x14 /usr/lib/gcc/msp430/4.6.3/../../../../msp430/lib/mmpy-16/libc.a(strncmp.o)
 .debug_aranges
                0x0000000000000104       0x14 /usr/lib/gcc/msp430/4.6.3/../../../../msp430/lib/mmpy-16/libc.a(memcmp.o)
 .debug_aranges
                0x0000000000000118       0x14 /usr/lib/gcc/msp430/4.6.3/../../../../msp430/lib/mmpy-16/libc.a(memcpy.o)
 .debug_aranges
                0x000000000000012c       0x14 /usr/lib/gcc/msp430/4.6.3/../../../../msp430/lib/mmpy-16/libc.a(memset.o)
 .debug_aranges
                0x0000000000000140       0x14 /usr/lib/gcc/msp430/4.6.3/../../../../msp430/lib/mmpy-16/libc.a(malloc.o)
 .debug_aranges
                0x0000000000000154       0x14 /usr/lib/gcc/msp430/4.6.3/../../../../msp430/lib/mmpy-16/libc.a(printf.o)
 .debug_aranges
                0x0000000000000168       0x14 /usr/lib/gcc/msp430/4.6.3/../../../../msp430/lib/mmpy-16/libc.a(vuprintf.o)
 .debug_aranges
                0x000000000000017c       0x14 /usr/lib/gcc/msp430/4.6.3/../../../../msp430/lib/mmpy-16/libc.a(puts.o)
 .debug_aranges
                0x0000000000000190       0x14 /usr/lib/gcc/msp430/4.6.3/../../../../msp430/lib/mmpy-16/libc.a(rand.o)
 .debug_aranges
                0x00000000000001a4       0x14 /usr/lib/gcc/msp430/4.6.3/mmpy-16/libgcc.a(_mulsi3.o)
 .debug_aranges
                0x00000000000001b8       0x14 /usr/lib/gcc/msp430/4.6.3/mmpy-16/libgcc.a(_udivmod64.o)
 .debug_aranges
                0x00000000000001cc       0x14 /usr/lib/gcc/msp430/4.6.3/mmpy-16/libcrt0.a(__watchdog_support.o)
 .debug_aranges
                0x00000000000001e0       0x14 /usr/lib/gcc/msp430/4.6.3/mmpy-16/libcrt0.a(__init_stack.o)
 .debug_aranges
                0x00000000000001f4       0x14 /usr/lib/gcc/msp430/4.6.3/mmpy-16/libcrt0.a(_copy_data.o)
 .debug_aranges
                0x0000000000000208       0x14 /usr/lib/gcc/msp430/4.6.3/mmpy-16/libcrt0.a(_clear_bss.o)
 .debug_aranges
                0x000000000000021c       0x14 /usr/lib/gcc/msp430/4.6.3/mmpy-16/libcrt0.a(_endless_loop__.o)
 .debug_aranges
                0x0000000000000230       0x14 /usr/lib/gcc/msp430/4.6.3/mmpy-16/libcrt0.a(_unexpected_.o)

.debug_pubnames
 *(.debug_pubnames)

.debug_info     0x0000000000000000     0x2cfa
 *(.debug_info)
 .debug_info    0x0000000000000000       0xec /usr/lib/gcc/msp430/4.6.3/mmpy-16/libgcc.a(_divmod16.o)
 .debug_info    0x00000000000000ec       0xec /usr/lib/gcc/msp430/4.6.3/mmpy-16/libgcc.a(_udivmod32.o)
 .debug_info    0x00000000000001d8       0xb5 /usr/lib/gcc/msp430/4.6.3/mmpy-16/libgcc.a(_fixunssfsi.o)
 .debug_info    0x000000000000028d      0x425 /usr/lib/gcc/msp430/4.6.3/mmpy-16/libgcc.a(_addsub_sf.o)
 .debug_info    0x00000000000006b2      0x3c9 /usr/lib/gcc/msp430/4.6.3/mmpy-16/libgcc.a(_mul_sf.o)
 .debug_info    0x0000000000000a7b      0x26e /usr/lib/gcc/msp430/4.6.3/mmpy-16/libgcc.a(_ge_sf.o)
 .debug_info    0x0000000000000ce9      0x289 /usr/lib/gcc/msp430/4.6.3/mmpy-16/libgcc.a(_sf_to_si.o)
 .debug_info    0x0000000000000f72      0x144 /usr/lib/gcc/msp430/4.6.3/mmpy-16/libgcc.a(_thenan_sf.o)
 .debug_info    0x00000000000010b6       0xec /usr/lib/gcc/msp430/4.6.3/mmpy-16/libgcc.a(_udivmod16.o)
 .debug_info    0x00000000000011a2      0x2b1 /usr/lib/gcc/msp430/4.6.3/mmpy-16/libgcc.a(_pack_sf.o)
 .debug_info    0x0000000000001453      0x23e /usr/lib/gcc/msp430/4.6.3/mmpy-16/libgcc.a(_unpack_sf.o)
 .debug_info    0x0000000000001691      0x1d5 /usr/lib/gcc/msp430/4.6.3/mmpy-16/libgcc.a(_fpcmp_parts_sf.o)
 .debug_info    0x0000000000001866       0xa4 /usr/lib/gcc/msp430/4.6.3/../../../../msp430/lib/mmpy-16/libc.a(strcmp.o)
 .debug_info    0x000000000000190a       0xbb /usr/lib/gcc/msp430/4.6.3/../../../../msp430/lib/mmpy-16/libc.a(strncmp.o)
 .debug_info    0x00000000000019c5       0xe8 /usr/lib/gcc/msp430/4.6.3/../../../../msp430/lib/mmpy-16/libc.a(memcmp.o)
 .debug_info    0x0000000000001aad      0x113 /usr/lib/gcc/msp430/4.6.3/../../../../msp430/lib/mmpy-16/libc.a(memcpy.o)
 .debug_info    0x0000000000001bc0       0xfe /usr/lib/gcc/msp430/4.6.3/../../../../msp430/lib/mmpy-16/libc.a(memset.o)
 .debug_info    0x0000000000001cbe      0x151 /usr/lib/gcc/msp430/4.6.3/../../../../msp430/lib/mmpy-16/libc.a(malloc.o)
 .debug_info    0x0000000000001e0f      0x105 /usr/lib/gcc/msp430/4.6.3/../../../../msp430/lib/mmpy-16/libc.a(printf.o)
 .debug_info    0x0000000000001f14      0x565 /usr/lib/gcc/msp430/4.6.3/../../../../msp430/lib/mmpy-16/libc.a(vuprintf.o)
 .debug_info    0x0000000000002479       0x96 /usr/lib/gcc/msp430/4.6.3/../../../../msp430/lib/mmpy-16/libc.a(puts.o)
 .debug_info    0x000000000000250f      0x13f /usr/lib/gcc/msp430/4.6.3/../../../../msp430/lib/mmpy-16/libc.a(rand.o)
 .debug_info    0x000000000000264e       0xec /usr/lib/gcc/msp430/4.6.3/mmpy-16/libgcc.a(_mulsi3.o)
 .debug_info    0x000000000000273a       0xec /usr/lib/gcc/msp430/4.6.3/mmpy-16/libgcc.a(_udivmod64.o)
 .debug_info    0x0000000000002826       0xce /usr/lib/gcc/msp430/4.6.3/mmpy-16/libcrt0.a(__watchdog_support.o)
 .debug_info    0x00000000000028f4       0xce /usr/lib/gcc/msp430/4.6.3/mmpy-16/libcrt0.a(__init_stack.o)
 .debug_info    0x00000000000029c2       0xce /usr/lib/gcc/msp430/4.6.3/mmpy-16/libcrt0.a(_copy_data.o)
 .debug_info    0x0000000000002a90       0xce /usr/lib/gcc/msp430/4.6.3/mmpy-16/libcrt0.a(_clear_bss.o)
 .debug_info    0x0000000000002b5e       0xce /usr/lib/gcc/msp430/4.6.3/mmpy-16/libcrt0.a(_endless_loop__.o)
 .debug_info    0x0000000000002c2c       0xce /usr/lib/gcc/msp430/4.6.3/mmpy-16/libcrt0.a(_unexpected_.o)
 *(.gnu.linkonce.wi.*)

.debug_abbrev   0x0000000000000000     0x13d0
 *(.debug_abbrev)
 .debug_abbrev  0x0000000000000000       0x14 /usr/lib/gcc/msp430/4.6.3/mmpy-16/libgcc.a(_divmod16.o)
 .debug_abbrev  0x0000000000000014       0x14 /usr/lib/gcc/msp430/4.6.3/mmpy-16/libgcc.a(_udivmod32.o)
 .debug_abbrev  0x0000000000000028       0x5d /usr/lib/gcc/msp430/4.6.3/mmpy-16/libgcc.a(_fixunssfsi.o)
 .debug_abbrev  0x0000000000000085      0x1ab /usr/lib/gcc/msp430/4.6.3/mmpy-16/libgcc.a(_addsub_sf.o)
 .debug_abbrev  0x0000000000000230      0x1d9 /usr/lib/gcc/msp430/4.6.3/mmpy-16/libgcc.a(_mul_sf.o)
 .debug_abbrev  0x0000000000000409      0x151 /usr/lib/gcc/msp430/4.6.3/mmpy-16/libgcc.a(_ge_sf.o)
 .debug_abbrev  0x000000000000055a      0x160 /usr/lib/gcc/msp430/4.6.3/mmpy-16/libgcc.a(_sf_to_si.o)
 .debug_abbrev  0x00000000000006ba       0xba /usr/lib/gcc/msp430/4.6.3/mmpy-16/libgcc.a(_thenan_sf.o)
 .debug_abbrev  0x0000000000000774       0x14 /usr/lib/gcc/msp430/4.6.3/mmpy-16/libgcc.a(_udivmod16.o)
 .debug_abbrev  0x0000000000000788      0x192 /usr/lib/gcc/msp430/4.6.3/mmpy-16/libgcc.a(_pack_sf.o)
 .debug_abbrev  0x000000000000091a      0x15a /usr/lib/gcc/msp430/4.6.3/mmpy-16/libgcc.a(_unpack_sf.o)
 .debug_abbrev  0x0000000000000a74      0x10b /usr/lib/gcc/msp430/4.6.3/mmpy-16/libgcc.a(_fpcmp_parts_sf.o)
 .debug_abbrev  0x0000000000000b7f       0x60 /usr/lib/gcc/msp430/4.6.3/../../../../msp430/lib/mmpy-16/libc.a(strcmp.o)
 .debug_abbrev  0x0000000000000bdf       0x7c /usr/lib/gcc/msp430/4.6.3/../../../../msp430/lib/mmpy-16/libc.a(strncmp.o)
 .debug_abbrev  0x0000000000000c5b       0x9b /usr/lib/gcc/msp430/4.6.3/../../../../msp430/lib/mmpy-16/libc.a(memcmp.o)
 .debug_abbrev  0x0000000000000cf6       0x97 /usr/lib/gcc/msp430/4.6.3/../../../../msp430/lib/mmpy-16/libc.a(memcpy.o)
 .debug_abbrev  0x0000000000000d8d       0x9c /usr/lib/gcc/msp430/4.6.3/../../../../msp430/lib/mmpy-16/libc.a(memset.o)
 .debug_abbrev  0x0000000000000e29       0xf8 /usr/lib/gcc/msp430/4.6.3/../../../../msp430/lib/mmpy-16/libc.a(malloc.o)
 .debug_abbrev  0x0000000000000f21       0xd0 /usr/lib/gcc/msp430/4.6.3/../../../../msp430/lib/mmpy-16/libc.a(printf.o)
 .debug_abbrev  0x0000000000000ff1      0x1ef /usr/lib/gcc/msp430/4.6.3/../../../../msp430/lib/mmpy-16/libc.a(vuprintf.o)
 .debug_abbrev  0x00000000000011e0       0x60 /usr/lib/gcc/msp430/4.6.3/../../../../msp430/lib/mmpy-16/libc.a(puts.o)
 .debug_abbrev  0x0000000000001240       0xf0 /usr/lib/gcc/msp430/4.6.3/../../../../msp430/lib/mmpy-16/libc.a(rand.o)
 .debug_abbrev  0x0000000000001330       0x14 /usr/lib/gcc/msp430/4.6.3/mmpy-16/libgcc.a(_mulsi3.o)
 .debug_abbrev  0x0000000000001344       0x14 /usr/lib/gcc/msp430/4.6.3/mmpy-16/libgcc.a(_udivmod64.o)
 .debug_abbrev  0x0000000000001358       0x14 /usr/lib/gcc/msp430/4.6.3/mmpy-16/libcrt0.a(__watchdog_support.o)
 .debug_abbrev  0x000000000000136c       0x14 /usr/lib/gcc/msp430/4.6.3/mmpy-16/libcrt0.a(__init_stack.o)
 .debug_abbrev  0x0000000000001380       0x14 /usr/lib/gcc/msp430/4.6.3/mmpy-16/libcrt0.a(_copy_data.o)
 .debug_abbrev  0x0000000000001394       0x14 /usr/lib/gcc/msp430/4.6.3/mmpy-16/libcrt0.a(_clear_bss.o)
 .debug_abbrev  0x00000000000013a8       0x14 /usr/lib/gcc/msp430/4.6.3/mmpy-16/libcrt0.a(_endless_loop__.o)
 .debug_abbrev  0x00000000000013bc       0x14 /usr/lib/gcc/msp430/4.6.3/mmpy-16/libcrt0.a(_unexpected_.o)

.debug_line     0x0000000000000000     0x16ce
 *(.debug_line)
 .debug_line    0x0000000000000000       0xb2 /usr/lib/gcc/msp430/4.6.3/mmpy-16/libgcc.a(_divmod16.o)
 .debug_line    0x00000000000000b2       0xb6 /usr/lib/gcc/msp430/4.6.3/mmpy-16/libgcc.a(_udivmod32.o)
 .debug_line    0x0000000000000168       0x9f /usr/lib/gcc/msp430/4.6.3/mmpy-16/libgcc.a(_fixunssfsi.o)
 .debug_line    0x0000000000000207      0x14a /usr/lib/gcc/msp430/4.6.3/mmpy-16/libgcc.a(_addsub_sf.o)
 .debug_line    0x0000000000000351      0x142 /usr/lib/gcc/msp430/4.6.3/mmpy-16/libgcc.a(_mul_sf.o)
 .debug_line    0x0000000000000493       0xbc /usr/lib/gcc/msp430/4.6.3/mmpy-16/libgcc.a(_ge_sf.o)
 .debug_line    0x000000000000054f       0xca /usr/lib/gcc/msp430/4.6.3/mmpy-16/libgcc.a(_sf_to_si.o)
 .debug_line    0x0000000000000619       0x9f /usr/lib/gcc/msp430/4.6.3/mmpy-16/libgcc.a(_thenan_sf.o)
 .debug_line    0x00000000000006b8       0xa7 /usr/lib/gcc/msp430/4.6.3/mmpy-16/libgcc.a(_udivmod16.o)
 .debug_line    0x000000000000075f      0x10d /usr/lib/gcc/msp430/4.6.3/mmpy-16/libgcc.a(_pack_sf.o)
 .debug_line    0x000000000000086c       0xe8 /usr/lib/gcc/msp430/4.6.3/mmpy-16/libgcc.a(_unpack_sf.o)
 .debug_line    0x0000000000000954       0xf3 /usr/lib/gcc/msp430/4.6.3/mmpy-16/libgcc.a(_fpcmp_parts_sf.o)
 .debug_line    0x0000000000000a47       0x49 /usr/lib/gcc/msp430/4.6.3/../../../../msp430/lib/mmpy-16/libc.a(strcmp.o)
 .debug_line    0x0000000000000a90       0x75 /usr/lib/gcc/msp430/4.6.3/../../../../msp430/lib/mmpy-16/libc.a(strncmp.o)
 .debug_line    0x0000000000000b05       0x73 /usr/lib/gcc/msp430/4.6.3/../../../../msp430/lib/mmpy-16/libc.a(memcmp.o)
 .debug_line    0x0000000000000b78       0xe9 /usr/lib/gcc/msp430/4.6.3/../../../../msp430/lib/mmpy-16/libc.a(memcpy.o)
 .debug_line    0x0000000000000c61       0xc8 /usr/lib/gcc/msp430/4.6.3/../../../../msp430/lib/mmpy-16/libc.a(memset.o)
 .debug_line    0x0000000000000d29       0xbe /usr/lib/gcc/msp430/4.6.3/../../../../msp430/lib/mmpy-16/libc.a(malloc.o)
 .debug_line    0x0000000000000de7       0x72 /usr/lib/gcc/msp430/4.6.3/../../../../msp430/lib/mmpy-16/libc.a(printf.o)
 .debug_line    0x0000000000000e59      0x2d2 /usr/lib/gcc/msp430/4.6.3/../../../../msp430/lib/mmpy-16/libc.a(vuprintf.o)
 .debug_line    0x000000000000112b       0x4d /usr/lib/gcc/msp430/4.6.3/../../../../msp430/lib/mmpy-16/libc.a(puts.o)
 .debug_line    0x0000000000001178       0x4f /usr/lib/gcc/msp430/4.6.3/../../../../msp430/lib/mmpy-16/libc.a(rand.o)
 .debug_line    0x00000000000011c7       0xae /usr/lib/gcc/msp430/4.6.3/mmpy-16/libgcc.a(_mulsi3.o)
 .debug_line    0x0000000000001275       0xfc /usr/lib/gcc/msp430/4.6.3/mmpy-16/libgcc.a(_udivmod64.o)
 .debug_line    0x0000000000001371       0x8f /usr/lib/gcc/msp430/4.6.3/mmpy-16/libcrt0.a(__watchdog_support.o)
 .debug_line    0x0000000000001400       0x8d /usr/lib/gcc/msp430/4.6.3/mmpy-16/libcrt0.a(__init_stack.o)
 .debug_line    0x000000000000148d       0x93 /usr/lib/gcc/msp430/4.6.3/mmpy-16/libcrt0.a(_copy_data.o)
 .debug_line    0x0000000000001520       0x93 /usr/lib/gcc/msp430/4.6.3/mmpy-16/libcrt0.a(_clear_bss.o)
 .debug_line    0x00000000000015b3       0x8e /usr/lib/gcc/msp430/4.6.3/mmpy-16/libcrt0.a(_endless_loop__.o)
 .debug_line    0x0000000000001641       0x8d /usr/lib/gcc/msp430/4.6.3/mmpy-16/libcrt0.a(_unexpected_.o)

.debug_frame    0x0000000000000000      0x400
 *(.debug_frame)
 .debug_frame   0x0000000000000000       0x28 /usr/lib/gcc/msp430/4.6.3/mmpy-16/libgcc.a(_fixunssfsi.o)
 .debug_frame   0x0000000000000028       0x6a /usr/lib/gcc/msp430/4.6.3/mmpy-16/libgcc.a(_addsub_sf.o)
 .debug_frame   0x0000000000000092       0x4a /usr/lib/gcc/msp430/4.6.3/mmpy-16/libgcc.a(_mul_sf.o)
 .debug_frame   0x00000000000000dc       0x22 /usr/lib/gcc/msp430/4.6.3/mmpy-16/libgcc.a(_ge_sf.o)
 .debug_frame   0x00000000000000fe       0x22 /usr/lib/gcc/msp430/4.6.3/mmpy-16/libgcc.a(_sf_to_si.o)
 .debug_frame   0x0000000000000120       0x38 /usr/lib/gcc/msp430/4.6.3/mmpy-16/libgcc.a(_pack_sf.o)
 .debug_frame   0x0000000000000158       0x28 /usr/lib/gcc/msp430/4.6.3/mmpy-16/libgcc.a(_unpack_sf.o)
 .debug_frame   0x0000000000000180       0x24 /usr/lib/gcc/msp430/4.6.3/mmpy-16/libgcc.a(_fpcmp_parts_sf.o)
 .debug_frame   0x00000000000001a4       0x1e /usr/lib/gcc/msp430/4.6.3/../../../../msp430/lib/mmpy-16/libc.a(strcmp.o)
 .debug_frame   0x00000000000001c2       0x24 /usr/lib/gcc/msp430/4.6.3/../../../../msp430/lib/mmpy-16/libc.a(strncmp.o)
 .debug_frame   0x00000000000001e6       0x24 /usr/lib/gcc/msp430/4.6.3/../../../../msp430/lib/mmpy-16/libc.a(memcmp.o)
 .debug_frame   0x000000000000020a       0x38 /usr/lib/gcc/msp430/4.6.3/../../../../msp430/lib/mmpy-16/libc.a(memcpy.o)
 .debug_frame   0x0000000000000242       0x32 /usr/lib/gcc/msp430/4.6.3/../../../../msp430/lib/mmpy-16/libc.a(memset.o)
 .debug_frame   0x0000000000000274       0x52 /usr/lib/gcc/msp430/4.6.3/../../../../msp430/lib/mmpy-16/libc.a(malloc.o)
 .debug_frame   0x00000000000002c6       0x2a /usr/lib/gcc/msp430/4.6.3/../../../../msp430/lib/mmpy-16/libc.a(printf.o)
 .debug_frame   0x00000000000002f0       0xb0 /usr/lib/gcc/msp430/4.6.3/../../../../msp430/lib/mmpy-16/libc.a(vuprintf.o)
 .debug_frame   0x00000000000003a0       0x24 /usr/lib/gcc/msp430/4.6.3/../../../../msp430/lib/mmpy-16/libc.a(puts.o)
 .debug_frame   0x00000000000003c4       0x3c /usr/lib/gcc/msp430/4.6.3/../../../../msp430/lib/mmpy-16/libc.a(rand.o)

.debug_str      0x0000000000000000      0x6ec
 *(.debug_str)
 .debug_str     0x0000000000000000      0x14d /usr/lib/gcc/msp430/4.6.3/mmpy-16/libgcc.a(_fixunssfsi.o)
                                        0x193 (size before relaxing)
 .debug_str     0x000000000000014d      0x14f /usr/lib/gcc/msp430/4.6.3/mmpy-16/libgcc.a(_addsub_sf.o)
                                        0x260 (size before relaxing)
 .debug_str     0x000000000000029c       0x27 /usr/lib/gcc/msp430/4.6.3/mmpy-16/libgcc.a(_mul_sf.o)
                                        0x219 (size before relaxing)
 .debug_str     0x00000000000002c3        0x8 /usr/lib/gcc/msp430/4.6.3/mmpy-16/libgcc.a(_ge_sf.o)
                                        0x1e7 (size before relaxing)
 .debug_str     0x00000000000002cb        0xa /usr/lib/gcc/msp430/4.6.3/mmpy-16/libgcc.a(_sf_to_si.o)
                                        0x1f0 (size before relaxing)
 .debug_str     0x0000000000000000      0x192 /usr/lib/gcc/msp430/4.6.3/mmpy-16/libgcc.a(_thenan_sf.o)
 .debug_str     0x00000000000002d5       0x16 /usr/lib/gcc/msp430/4.6.3/mmpy-16/libgcc.a(_pack_sf.o)
                                        0x1ef (size before relaxing)
 .debug_str     0x00000000000002eb        0xb /usr/lib/gcc/msp430/4.6.3/mmpy-16/libgcc.a(_unpack_sf.o)
                                        0x1d1 (size before relaxing)
 .debug_str     0x00000000000002f6       0x10 /usr/lib/gcc/msp430/4.6.3/mmpy-16/libgcc.a(_fpcmp_parts_sf.o)
                                        0x1b5 (size before relaxing)
 .debug_str     0x0000000000000306       0x5f /usr/lib/gcc/msp430/4.6.3/../../../../msp430/lib/mmpy-16/libc.a(strcmp.o)
                                        0x100 (size before relaxing)
 .debug_str     0x0000000000000365       0x22 /usr/lib/gcc/msp430/4.6.3/../../../../msp430/lib/mmpy-16/libc.a(strncmp.o)
                                        0x109 (size before relaxing)
 .debug_str     0x0000000000000387       0x19 /usr/lib/gcc/msp430/4.6.3/../../../../msp430/lib/mmpy-16/libc.a(memcmp.o)
                                        0x107 (size before relaxing)
 .debug_str     0x00000000000003a0       0x34 /usr/lib/gcc/msp430/4.6.3/../../../../msp430/lib/mmpy-16/libc.a(memcpy.o)
                                        0x122 (size before relaxing)
 .debug_str     0x00000000000003d4       0x26 /usr/lib/gcc/msp430/4.6.3/../../../../msp430/lib/mmpy-16/libc.a(memset.o)
                                        0x120 (size before relaxing)
 .debug_str     0x00000000000003fa       0x5b /usr/lib/gcc/msp430/4.6.3/../../../../msp430/lib/mmpy-16/libc.a(malloc.o)
                                        0x14e (size before relaxing)
 .debug_str     0x0000000000000455       0x40 /usr/lib/gcc/msp430/4.6.3/../../../../msp430/lib/mmpy-16/libc.a(printf.o)
                                        0x136 (size before relaxing)
 .debug_str     0x0000000000000495      0x218 /usr/lib/gcc/msp430/4.6.3/../../../../msp430/lib/mmpy-16/libc.a(vuprintf.o)
                                        0x381 (size before relaxing)
 .debug_str     0x00000000000006ad       0x15 /usr/lib/gcc/msp430/4.6.3/../../../../msp430/lib/mmpy-16/libc.a(puts.o)
                                         0xfc (size before relaxing)
 .debug_str     0x00000000000006c2       0x2a /usr/lib/gcc/msp430/4.6.3/../../../../msp430/lib/mmpy-16/libc.a(rand.o)
                                        0x11b (size before relaxing)

.debug_loc      0x0000000000000000     0x1472
 *(.debug_loc)
 .debug_loc     0x0000000000000000       0x44 /usr/lib/gcc/msp430/4.6.3/mmpy-16/libgcc.a(_fixunssfsi.o)
 .debug_loc     0x0000000000000044      0x2ca /usr/lib/gcc/msp430/4.6.3/mmpy-16/libgcc.a(_addsub_sf.o)