Archive member included to satisfy reference by file (symbol)

/usr/lib/gcc/arm-none-eabi/9.2.1/../../../arm-none-eabi/lib/thumb/v7-m/nofp/libm.a(lib_a-w_pow.o)
                              build/zoul/remote-reva/obj/MQ1312.o (pow)
/usr/lib/gcc/arm-none-eabi/9.2.1/../../../arm-none-eabi/lib/thumb/v7-m/nofp/libm.a(lib_a-e_pow.o)
                              /usr/lib/gcc/arm-none-eabi/9.2.1/../../../arm-none-eabi/lib/thumb/v7-m/nofp/libm.a(lib_a-w_pow.o) (__ieee754_pow)
/usr/lib/gcc/arm-none-eabi/9.2.1/../../../arm-none-eabi/lib/thumb/v7-m/nofp/libm.a(lib_a-e_sqrt.o)
                              /usr/lib/gcc/arm-none-eabi/9.2.1/../../../arm-none-eabi/lib/thumb/v7-m/nofp/libm.a(lib_a-e_pow.o) (__ieee754_sqrt)
/usr/lib/gcc/arm-none-eabi/9.2.1/../../../arm-none-eabi/lib/thumb/v7-m/nofp/libm.a(lib_a-s_fabs.o)
                              /usr/lib/gcc/arm-none-eabi/9.2.1/../../../arm-none-eabi/lib/thumb/v7-m/nofp/libm.a(lib_a-e_pow.o) (fabs)
/usr/lib/gcc/arm-none-eabi/9.2.1/../../../arm-none-eabi/lib/thumb/v7-m/nofp/libm.a(lib_a-s_finite.o)
                              /usr/lib/gcc/arm-none-eabi/9.2.1/../../../arm-none-eabi/lib/thumb/v7-m/nofp/libm.a(lib_a-w_pow.o) (finite)
/usr/lib/gcc/arm-none-eabi/9.2.1/../../../arm-none-eabi/lib/thumb/v7-m/nofp/libm.a(lib_a-s_lib_ver.o)
                              /usr/lib/gcc/arm-none-eabi/9.2.1/../../../arm-none-eabi/lib/thumb/v7-m/nofp/libm.a(lib_a-w_pow.o) (__fdlib_version)
/usr/lib/gcc/arm-none-eabi/9.2.1/../../../arm-none-eabi/lib/thumb/v7-m/nofp/libm.a(lib_a-s_nan.o)
                              /usr/lib/gcc/arm-none-eabi/9.2.1/../../../arm-none-eabi/lib/thumb/v7-m/nofp/libm.a(lib_a-e_pow.o) (nan)
/usr/lib/gcc/arm-none-eabi/9.2.1/../../../arm-none-eabi/lib/thumb/v7-m/nofp/libm.a(lib_a-s_rint.o)
                              /usr/lib/gcc/arm-none-eabi/9.2.1/../../../arm-none-eabi/lib/thumb/v7-m/nofp/libm.a(lib_a-w_pow.o) (rint)
/usr/lib/gcc/arm-none-eabi/9.2.1/../../../arm-none-eabi/lib/thumb/v7-m/nofp/libm.a(lib_a-s_scalbn.o)
                              /usr/lib/gcc/arm-none-eabi/9.2.1/../../../arm-none-eabi/lib/thumb/v7-m/nofp/libm.a(lib_a-e_pow.o) (scalbn)
/usr/lib/gcc/arm-none-eabi/9.2.1/thumb/v7-m/nofp/libgcc.a(_arm_muldf3.o)
                              build/zoul/remote-reva/obj/MQ1312.o (__aeabi_dmul)
/usr/lib/gcc/arm-none-eabi/9.2.1/thumb/v7-m/nofp/libgcc.a(_arm_mulsf3.o)
                              build/zoul/remote-reva/obj/MQ1312.o (__aeabi_fmul)
/usr/lib/gcc/arm-none-eabi/9.2.1/thumb/v7-m/nofp/libgcc.a(_arm_addsubdf3.o)
                              build/zoul/remote-reva/obj/MQ1312.o (__aeabi_dsub)
/usr/lib/gcc/arm-none-eabi/9.2.1/thumb/v7-m/nofp/libgcc.a(_arm_muldivdf3.o)
                              build/zoul/remote-reva/obj/MQ1312.o (__aeabi_ddiv)
/usr/lib/gcc/arm-none-eabi/9.2.1/thumb/v7-m/nofp/libgcc.a(_arm_cmpdf2.o)
                              /usr/lib/gcc/arm-none-eabi/9.2.1/../../../arm-none-eabi/lib/thumb/v7-m/nofp/libm.a(lib_a-w_pow.o) (__aeabi_dcmpeq)
/usr/lib/gcc/arm-none-eabi/9.2.1/thumb/v7-m/nofp/libgcc.a(_arm_unorddf2.o)
                              /usr/lib/gcc/arm-none-eabi/9.2.1/../../../arm-none-eabi/lib/thumb/v7-m/nofp/libm.a(lib_a-w_pow.o) (__aeabi_dcmpun)
/usr/lib/gcc/arm-none-eabi/9.2.1/thumb/v7-m/nofp/libgcc.a(_arm_truncdfsf2.o)
                              build/zoul/remote-reva/obj/MQ1312.o (__aeabi_d2f)
/usr/lib/gcc/arm-none-eabi/9.2.1/thumb/v7-m/nofp/libgcc.a(_arm_addsubsf3.o)
                              build/zoul/remote-reva/obj/multigas.o (__aeabi_fsub)
/usr/lib/gcc/arm-none-eabi/9.2.1/thumb/v7-m/nofp/libgcc.a(_arm_muldivsf3.o)
                              build/zoul/remote-reva/obj/MQ1312.o (__aeabi_fdiv)
/usr/lib/gcc/arm-none-eabi/9.2.1/thumb/v7-m/nofp/libgcc.a(_arm_cmpsf2.o)
                              build/zoul/remote-reva/obj/MQ1312.o (__aeabi_fcmpeq)
/usr/lib/gcc/arm-none-eabi/9.2.1/thumb/v7-m/nofp/libgcc.a(_arm_unordsf2.o)
                              build/zoul/remote-reva/obj/multigas.o (__aeabi_fcmpun)
/usr/lib/gcc/arm-none-eabi/9.2.1/thumb/v7-m/nofp/libgcc.a(_arm_fixunssfsi.o)
                              build/zoul/remote-reva/obj/MQ1312.o (__aeabi_f2uiz)
/usr/lib/gcc/arm-none-eabi/9.2.1/thumb/v7-m/nofp/libgcc.a(_aeabi_ldivmod.o)
                              build/zoul/remote-reva/obj/spi-legacy.o (__aeabi_ldivmod)
/usr/lib/gcc/arm-none-eabi/9.2.1/thumb/v7-m/nofp/libgcc.a(_aeabi_uldivmod.o)
                              build/zoul/remote-reva/obj/spi-legacy.o (__aeabi_uldivmod)
/usr/lib/gcc/arm-none-eabi/9.2.1/thumb/v7-m/nofp/libgcc.a(_udivmoddi4.o)
                              /usr/lib/gcc/arm-none-eabi/9.2.1/thumb/v7-m/nofp/libgcc.a(_aeabi_ldivmod.o) (__udivmoddi4)
/usr/lib/gcc/arm-none-eabi/9.2.1/thumb/v7-m/nofp/libgcc.a(_dvmd_tls.o)
                              /usr/lib/gcc/arm-none-eabi/9.2.1/thumb/v7-m/nofp/libgcc.a(_aeabi_ldivmod.o) (__aeabi_ldiv0)
/usr/lib/gcc/arm-none-eabi/9.2.1/../../../arm-none-eabi/lib/thumb/v7-m/nofp/libc.a(lib_a-errno.o)
[...]
Memory Configuration

Name             Origin             Length             Attributes
FLASH_FW         0x0000000000202000 0x000000000007dfd4 xr
FLASH_CCA        0x000000000027ffd4 0x000000000000002c xr
NRSRAM           0x0000000020000000 0x0000000000004000 xrw
FRSRAM           0x0000000020004000 0x0000000000004000 xrw
*default*        0x0000000000000000 0xffffffffffffffff

Linker script and memory map

LOAD build/zoul/remote-reva/obj/startup-gcc.o
LOAD build/zoul/remote-reva/obj/dht22.o
LOAD build/zoul/remote-reva/obj/adc-sensors.o
LOAD build/zoul/remote-reva/obj/platform.o
LOAD build/zoul/remote-reva/obj/leds-arch.o
LOAD build/zoul/remote-reva/obj/leds.o
LOAD build/zoul/remote-reva/obj/cc1200-zoul-arch.o
LOAD build/zoul/remote-reva/obj/adc-zoul.o
LOAD build/zoul/remote-reva/obj/board-buttons.o
LOAD build/zoul/remote-reva/obj/zoul-sensors.o
LOAD build/zoul/remote-reva/obj/board.o
LOAD build/zoul/remote-reva/obj/antenna-sw.o
LOAD build/zoul/remote-reva/obj/mmc-arch.o
LOAD build/zoul/remote-reva/obj/rtcc.o
LOAD build/zoul/remote-reva/obj/power-mgmt.o
LOAD build/zoul/remote-reva/obj/soc.o
LOAD build/zoul/remote-reva/obj/clock.o
LOAD build/zoul/remote-reva/obj/rtimer-arch.o
LOAD build/zoul/remote-reva/obj/uart.o
LOAD build/zoul/remote-reva/obj/watchdog.o
LOAD build/zoul/remote-reva/obj/nvic.o
LOAD build/zoul/remote-reva/obj/sys-ctrl.o
LOAD build/zoul/remote-reva/obj/gpio.o
LOAD build/zoul/remote-reva/obj/ioc.o
LOAD build/zoul/remote-reva/obj/spi-legacy.o
LOAD build/zoul/remote-reva/obj/adc.o
LOAD build/zoul/remote-reva/obj/spi-arch.o
LOAD build/zoul/remote-reva/obj/crypto.o
LOAD build/zoul/remote-reva/obj/aes.o
LOAD build/zoul/remote-reva/obj/ecb.o
LOAD build/zoul/remote-reva/obj/cbc.o
LOAD build/zoul/remote-reva/obj/ctr.o
LOAD build/zoul/remote-reva/obj/cbc-mac.o
LOAD build/zoul/remote-reva/obj/gcm.o
LOAD build/zoul/remote-reva/obj/ccm.o
LOAD build/zoul/remote-reva/obj/sha256.o
LOAD build/zoul/remote-reva/obj/gpio-hal-arch.o
LOAD build/zoul/remote-reva/obj/cc2538-aes-128.o
LOAD build/zoul/remote-reva/obj/cc2538-ccm-star.o
LOAD build/zoul/remote-reva/obj/cc2538-rf.o
LOAD build/zoul/remote-reva/obj/udma.o
LOAD build/zoul/remote-reva/obj/lpm.o
LOAD build/zoul/remote-reva/obj/int-master.o
LOAD build/zoul/remote-reva/obj/pka.o
LOAD build/zoul/remote-reva/obj/bignum-driver.o
LOAD build/zoul/remote-reva/obj/ecc-driver.o
LOAD build/zoul/remote-reva/obj/ecc-algorithm.o
LOAD build/zoul/remote-reva/obj/ecc-curve.o
LOAD build/zoul/remote-reva/obj/dbg.o
LOAD build/zoul/remote-reva/obj/ieee-addr.o
LOAD build/zoul/remote-reva/obj/slip-arch.o
LOAD build/zoul/remote-reva/obj/slip.o
LOAD build/zoul/remote-reva/obj/i2c.o
LOAD build/zoul/remote-reva/obj/cc2538-temp-sensor.o
LOAD build/zoul/remote-reva/obj/vdd3-sensor.o
LOAD build/zoul/remote-reva/obj/cfs-coffee.o
LOAD build/zoul/remote-reva/obj/cfs-coffee-arch.o
LOAD build/zoul/remote-reva/obj/pwm.o
LOAD build/zoul/remote-reva/obj/usb-core.o
LOAD build/zoul/remote-reva/obj/cdc-acm.o
LOAD build/zoul/remote-reva/obj/usb-arch.o
LOAD build/zoul/remote-reva/obj/usb-serial.o
LOAD build/zoul/remote-reva/obj/cdc-acm-descriptors.o
LOAD build/zoul/remote-reva/obj/contiki-main.o
LOAD build/zoul/remote-reva/obj/autostart.o
LOAD build/zoul/remote-reva/obj/stimer.o
LOAD build/zoul/remote-reva/obj/log.o
LOAD build/zoul/remote-reva/obj/energest.o
LOAD build/zoul/remote-reva/obj/etimer.o
LOAD build/zoul/remote-reva/obj/node-id.o
LOAD build/zoul/remote-reva/obj/mutex.o
LOAD build/zoul/remote-reva/obj/ctimer.o
LOAD build/zoul/remote-reva/obj/compower.o
LOAD build/zoul/remote-reva/obj/atomic.o
LOAD build/zoul/remote-reva/obj/rtimer.o
LOAD build/zoul/remote-reva/obj/process.o
LOAD build/zoul/remote-reva/obj/timer.o
LOAD build/zoul/remote-reva/obj/stack-check.o
LOAD build/zoul/remote-reva/obj/dbl-circ-list.o
LOAD build/zoul/remote-reva/obj/crc16.o
LOAD build/zoul/remote-reva/obj/ifft.o
LOAD build/zoul/remote-reva/obj/ccm-star.o
LOAD build/zoul/remote-reva/obj/sensors.o
LOAD build/zoul/remote-reva/obj/dbl-list.o
LOAD build/zoul/remote-reva/obj/ringbufindex.o
LOAD build/zoul/remote-reva/obj/list.o
LOAD build/zoul/remote-reva/obj/circular-list.o
LOAD build/zoul/remote-reva/obj/aes-128.o
LOAD build/zoul/remote-reva/obj/trickle-timer.o
LOAD build/zoul/remote-reva/obj/memb.o
LOAD build/zoul/remote-reva/obj/heapmem.o
LOAD build/zoul/remote-reva/obj/random.o
LOAD build/zoul/remote-reva/obj/hexconv.o
LOAD build/zoul/remote-reva/obj/assert.o
LOAD build/zoul/remote-reva/obj/ringbuf.o
LOAD build/zoul/remote-reva/obj/button-hal.o
LOAD build/zoul/remote-reva/obj/serial-line.o
LOAD build/zoul/remote-reva/obj/spi.o
LOAD build/zoul/remote-reva/obj/MQ1312.o
LOAD build/zoul/remote-reva/obj/nullradio.o
LOAD build/zoul/remote-reva/obj/gpio-hal.o
LOAD build/zoul/remote-reva/obj/multigas.o
LOAD build/zoul/remote-reva/obj/queuebuf.o
LOAD build/zoul/remote-reva/obj/nbr-table.o
LOAD build/zoul/remote-reva/obj/packetbuf.o
LOAD build/zoul/remote-reva/obj/netstack.o
LOAD build/zoul/remote-reva/obj/linkaddr.o
LOAD build/zoul/remote-reva/obj/net-debug.o
LOAD build/zoul/remote-reva/obj/link-stats.o
LOAD build/zoul/remote-reva/obj/mac-sequence.o
LOAD build/zoul/remote-reva/obj/mac.o
LOAD build/zoul/remote-reva/obj/frame802154e-ie.o
LOAD build/zoul/remote-reva/obj/framer-802154.o
LOAD build/zoul/remote-reva/obj/nullframer.o
LOAD build/zoul/remote-reva/obj/frame802154.o
LOAD build/zoul/remote-reva/obj/ff.o
LOAD build/zoul/remote-reva/obj/syscall.o
LOAD build/zoul/remote-reva/obj/unicode.o
LOAD build/zoul/remote-reva/obj/diskio.o
LOAD build/zoul/remote-reva/obj/mmc.o
LOAD build/zoul/remote-reva/obj/syscalls.o
LOAD build/zoul/remote-reva/obj/strformat.o
LOAD build/zoul/remote-reva/obj/printf.o
LOAD build/zoul/remote-reva/obj/sprintf.o
LOAD build/zoul/remote-reva/obj/snprintf.o
LOAD build/zoul/remote-reva/obj/puts.o
LOAD build/zoul/remote-reva/obj/putchar.o
LOAD build/zoul/remote-reva/obj/cc1200-868-fsk-1-2kbps.o
LOAD build/zoul/remote-reva/obj/cc1200-802154g-863-870-fsk-50kbps.o
LOAD build/zoul/remote-reva/obj/cc1200.o
LOAD build/zoul/remote-reva/obj/cc1200-868-4gfsk-1000kbps.o
LOAD build/zoul/remote-reva/obj/rgb-led.o
LOAD build/zoul/remote-reva/obj/csma-security.o
LOAD build/zoul/remote-reva/obj/anti-replay.o
LOAD build/zoul/remote-reva/obj/csma.o
LOAD build/zoul/remote-reva/obj/csma-output.o
LOAD build/zoul/remote-reva/obj/ccm-star-packetbuf.o
LOAD build/zoul/remote-reva/obj/nullnet.o
LOAD build/zoul/remote-reva/obj/nullrouting.o
LOAD node_DHT22_DB2.o
START GROUP
LOAD /usr/lib/gcc/arm-none-eabi/9.2.1/../../../arm-none-eabi/lib/thumb/v7-m/nofp/libm.a
END GROUP
START GROUP
LOAD /usr/lib/gcc/arm-none-eabi/9.2.1/thumb/v7-m/nofp/libgcc.a
LOAD /usr/lib/gcc/arm-none-eabi/9.2.1/../../../arm-none-eabi/lib/thumb/v7-m/nofp/libc.a
END GROUP

.text           0x0000000000202000     0x5476
                0x0000000000202000                _text = .
 *(SORT_BY_ALIGNMENT(.vectors))
 .vectors       0x0000000000202000      0x28c build/zoul/remote-reva/obj/startup-gcc.o
                0x0000000000202000                vectors
 *(SORT_BY_ALIGNMENT(.text*))
 .text.reset_handler
                0x000000000020228c       0x40 build/zoul/remote-reva/obj/startup-gcc.o
                0x000000000020228c                reset_handler
 .text.configure
                0x00000000002022cc       0x5c build/zoul/remote-reva/obj/dht22.o
 .text.value    0x0000000000202328      0x18c build/zoul/remote-reva/obj/dht22.o
 .text.dht22_read_all
                0x00000000002024b4       0x48 build/zoul/remote-reva/obj/dht22.o
                0x00000000002024b4                dht22_read_all
 .text.platform_init_stage_two
                0x00000000002024fc       0x4c build/zoul/remote-reva/obj/platform.o
                0x00000000002024fc                platform_init_stage_two
 .text.platform_init_stage_three
                0x0000000000202548       0x8c build/zoul/remote-reva/obj/platform.o
                0x0000000000202548                platform_init_stage_three
 .text.leds_on  0x00000000002025d4       0x50 build/zoul/remote-reva/obj/leds.o
                0x00000000002025d4                leds_on
 .text.leds_off
                0x0000000000202624       0x48 build/zoul/remote-reva/obj/leds.o
                0x0000000000202624                leds_off
 .text.leds_init
                0x000000000020266c       0x48 build/zoul/remote-reva/obj/leds.o
                0x000000000020266c                leds_init
 .text.antenna_sw_config
                0x00000000002026b4       0x30 build/zoul/remote-reva/obj/antenna-sw.o
                0x00000000002026b4                antenna_sw_config
 .text.soc_get_rev
                0x00000000002026e4       0x18 build/zoul/remote-reva/obj/soc.o
                0x00000000002026e4                soc_get_rev
 .text.soc_print_info
                0x00000000002026fc       0x10 build/zoul/remote-reva/obj/soc.o
                0x00000000002026fc                soc_print_info
 .text.update_ticks
                0x000000000020270c       0x54 build/zoul/remote-reva/obj/clock.o
 .text.clock_init
                0x0000000000202760       0x4c build/zoul/remote-reva/obj/clock.o
                0x0000000000202760                clock_init
 .text.clock_time
                0x00000000002027ac       0x14 build/zoul/remote-reva/obj/clock.o
                0x00000000002027ac                clock_time
 .text.clock_delay_usec
                0x00000000002027c0       0x1c build/zoul/remote-reva/obj/clock.o
                0x00000000002027c0                clock_delay_usec
 .text.clock_adjust
                0x00000000002027dc       0x20 build/zoul/remote-reva/obj/clock.o
                0x00000000002027dc                clock_adjust
 .text.rtimer_arch_next_trigger
                0x00000000002027fc        0xc build/zoul/remote-reva/obj/rtimer-arch.o
                0x00000000002027fc                rtimer_arch_next_trigger
 .text.rtimer_arch_now
                0x0000000000202808       0x24 build/zoul/remote-reva/obj/rtimer-arch.o
                0x0000000000202808                rtimer_arch_now
 .text.rtimer_arch_schedule
                0x000000000020282c       0x58 build/zoul/remote-reva/obj/rtimer-arch.o
                0x000000000020282c                rtimer_arch_schedule
 .text.rtimer_isr
                0x0000000000202884       0x34 build/zoul/remote-reva/obj/rtimer-arch.o
                0x0000000000202884                rtimer_isr
 .text.permit_pm1
                0x00000000002028b8       0x24 build/zoul/remote-reva/obj/uart.o
 .text.uart_isr
                0x00000000002028dc       0x60 build/zoul/remote-reva/obj/uart.o
 .text.uart_init
                0x000000000020293c      0x198 build/zoul/remote-reva/obj/uart.o
                0x000000000020293c                uart_init
 .text.uart_set_input
                0x0000000000202ad4       0x10 build/zoul/remote-reva/obj/uart.o
                0x0000000000202ad4                uart_set_input
 .text.uart_write_byte
                0x0000000000202ae4       0x1c build/zoul/remote-reva/obj/uart.o
                0x0000000000202ae4                uart_write_byte
 .text.watchdog_init
                0x0000000000202b00        0xc build/zoul/remote-reva/obj/watchdog.o
                0x0000000000202b00                watchdog_init
 .text.watchdog_start
                0x0000000000202b0c        0xc build/zoul/remote-reva/obj/watchdog.o
                0x0000000000202b0c                watchdog_start
 .text.watchdog_periodic
                0x0000000000202b18       0x10 build/zoul/remote-reva/obj/watchdog.o
                0x0000000000202b18                watchdog_periodic
 .text.nvic_init
                0x0000000000202b28       0x10 build/zoul/remote-reva/obj/nvic.o
                0x0000000000202b28                nvic_init
 .text.sys_ctrl_init
                0x0000000000202b38       0x74 build/zoul/remote-reva/obj/sys-ctrl.o
                0x0000000000202b38                sys_ctrl_init
 .text.gpio_port_isr
                0x0000000000202bac       0x48 build/zoul/remote-reva/obj/gpio.o
 .text.ioc_init
                0x0000000000202bf4       0x1c build/zoul/remote-reva/obj/ioc.o
                0x0000000000202bf4                ioc_init
 .text.ioc_set_over
                0x0000000000202c10       0x14 build/zoul/remote-reva/obj/ioc.o
                0x0000000000202c10                ioc_set_over
 .text.ioc_set_sel
                0x0000000000202c24       0x14 build/zoul/remote-reva/obj/ioc.o
                0x0000000000202c24                ioc_set_sel
 .text.adc_get  0x0000000000202c38       0x70 build/zoul/remote-reva/obj/adc.o
                0x0000000000202c38                adc_get
 .text.permit_pm1
                0x0000000000202ca8       0x10 build/zoul/remote-reva/obj/crypto.o
 .text.crypto_isr
                0x0000000000202cb8       0x30 build/zoul/remote-reva/obj/crypto.o
                0x0000000000202cb8                crypto_isr
 .text.crypto_enable
                0x0000000000202ce8       0x20 build/zoul/remote-reva/obj/crypto.o
                0x0000000000202ce8                crypto_enable
 .text.crypto_init
                0x0000000000202d08       0x3c build/zoul/remote-reva/obj/crypto.o
                0x0000000000202d08                crypto_init
 .text.crypto_disable
                0x0000000000202d44       0x20 build/zoul/remote-reva/obj/crypto.o
                0x0000000000202d44                crypto_disable
 .text.gpio_hal_arch_no_port_pin_cfg_set
                0x0000000000202d64       0xc8 build/zoul/remote-reva/obj/gpio-hal-arch.o
                0x0000000000202d64                gpio_hal_arch_no_port_pin_cfg_set
 .text.off      0x0000000000202e2c       0x40 build/zoul/remote-reva/obj/cc2538-rf.o
 .text.receiving_packet
                0x0000000000202e6c       0x18 build/zoul/remote-reva/obj/cc2538-rf.o
 .text.pending_packet
                0x0000000000202e84       0x10 build/zoul/remote-reva/obj/cc2538-rf.o
 .text.on       0x0000000000202e94       0x28 build/zoul/remote-reva/obj/cc2538-rf.o
 .text.set_channel
                0x0000000000202ebc       0x38 build/zoul/remote-reva/obj/cc2538-rf.o
 .text.get_value
                0x0000000000202ef4      0x17c build/zoul/remote-reva/obj/cc2538-rf.o
 .text.channel_clear
                0x0000000000203070       0x3c build/zoul/remote-reva/obj/cc2538-rf.o
 .text.set_object
                0x00000000002030ac       0x30 build/zoul/remote-reva/obj/cc2538-rf.o
 .text.read     0x00000000002030dc       0xdc build/zoul/remote-reva/obj/cc2538-rf.o
 .text.prepare  0x00000000002031b8       0x68 build/zoul/remote-reva/obj/cc2538-rf.o
 .text.get_object
                0x0000000000203220      0x130 build/zoul/remote-reva/obj/cc2538-rf.o
 .text.transmit
                0x0000000000203350       0xa4 build/zoul/remote-reva/obj/cc2538-rf.o
 .text.set_poll_mode
                0x00000000002033f4       0xa0 build/zoul/remote-reva/obj/cc2538-rf.o
 .text.init     0x0000000000203494       0xe8 build/zoul/remote-reva/obj/cc2538-rf.o
 .text.process_thread_cc2538_rf_process
                0x000000000020357c       0x90 build/zoul/remote-reva/obj/cc2538-rf.o
 .text.set_value
                0x000000000020360c      0x18c build/zoul/remote-reva/obj/cc2538-rf.o
 .text.cc2538_rf_rx_tx_isr
                0x0000000000203798       0x24 build/zoul/remote-reva/obj/cc2538-rf.o
                0x0000000000203798                cc2538_rf_rx_tx_isr
 .text.cc2538_rf_err_isr
                0x00000000002037bc       0x28 build/zoul/remote-reva/obj/cc2538-rf.o
                0x00000000002037bc                cc2538_rf_err_isr
 .text.udma_init
                0x00000000002037e4       0x34 build/zoul/remote-reva/obj/udma.o
                0x00000000002037e4                udma_init
 .text.udma_set_channel_src
                0x0000000000203818       0x10 build/zoul/remote-reva/obj/udma.o
                0x0000000000203818                udma_set_channel_src
 .text.udma_set_channel_dst
                0x0000000000203828       0x14 build/zoul/remote-reva/obj/udma.o
                0x0000000000203828                udma_set_channel_dst
 .text.udma_set_channel_control_word
                0x000000000020383c       0x14 build/zoul/remote-reva/obj/udma.o
                0x000000000020383c                udma_set_channel_control_word
 .text.udma_channel_enable
                0x0000000000203850       0x18 build/zoul/remote-reva/obj/udma.o
                0x0000000000203850                udma_channel_enable
 .text.udma_channel_mask_set
                0x0000000000203868       0x18 build/zoul/remote-reva/obj/udma.o
                0x0000000000203868                udma_channel_mask_set
 .text.udma_channel_sw_request
                0x0000000000203880       0x18 build/zoul/remote-reva/obj/udma.o
                0x0000000000203880                udma_channel_sw_request
 .text.udma_channel_get_mode
                0x0000000000203898       0x1c build/zoul/remote-reva/obj/udma.o
                0x0000000000203898                udma_channel_get_mode
 .text.udma_isr
                0x00000000002038b4       0x10 build/zoul/remote-reva/obj/udma.o
                0x00000000002038b4                udma_isr
 .text.udma_err_isr
                0x00000000002038c4        0xc build/zoul/remote-reva/obj/udma.o
                0x00000000002038c4                udma_err_isr
 .text.select_32_mhz_xosc
                0x00000000002038d0       0x2c build/zoul/remote-reva/obj/lpm.o
 .text.lpm_exit
                0x00000000002038fc       0x34 build/zoul/remote-reva/obj/lpm.o
                0x00000000002038fc                lpm_exit
 .text.lpm_enter
                0x0000000000203930       0xb4 build/zoul/remote-reva/obj/lpm.o
                0x0000000000203930                lpm_enter
 .text.lpm_register_peripheral
                0x00000000002039e4       0x24 build/zoul/remote-reva/obj/lpm.o
                0x00000000002039e4                lpm_register_peripheral
 .text.lpm_init
                0x0000000000203a08       0x24 build/zoul/remote-reva/obj/lpm.o
                0x0000000000203a08                lpm_init
 .text.pka_isr  0x0000000000203a2c       0x30 build/zoul/remote-reva/obj/pka.o
                0x0000000000203a2c                pka_isr
 .text.ieee_addr_cpy_to
                0x0000000000203a5c       0x60 build/zoul/remote-reva/obj/ieee-addr.o
                0x0000000000203a5c                ieee_addr_cpy_to
 .text.startup.main
                0x0000000000203abc      0x190 build/zoul/remote-reva/obj/contiki-main.o
                0x0000000000203abc                main
 .text.log_lladdr
                0x0000000000203c4c       0x40 build/zoul/remote-reva/obj/log.o
                0x0000000000203c4c                log_lladdr
 .text.update_time
                0x0000000000203c8c       0x40 build/zoul/remote-reva/obj/etimer.o
 .text.etimer_request_poll
                0x0000000000203ccc        0xc build/zoul/remote-reva/obj/etimer.o
                0x0000000000203ccc                etimer_request_poll
 .text.process_thread_etimer_process
                0x0000000000203cd8       0xac build/zoul/remote-reva/obj/etimer.o
 .text.add_timer
                0x0000000000203d84       0x40 build/zoul/remote-reva/obj/etimer.o
 .text.etimer_pending
                0x0000000000203dc4       0x10 build/zoul/remote-reva/obj/etimer.o
                0x0000000000203dc4                etimer_pending
 .text.etimer_stop
                0x0000000000203dd4       0x34 build/zoul/remote-reva/obj/etimer.o
                0x0000000000203dd4                etimer_stop
 .text.node_id_init
                0x0000000000203e08       0x18 build/zoul/remote-reva/obj/node-id.o
                0x0000000000203e08                node_id_init
 .text.process_thread_ctimer_process
                0x0000000000203e20       0x7c build/zoul/remote-reva/obj/ctimer.o
 .text.ctimer_init
                0x0000000000203e9c       0x28 build/zoul/remote-reva/obj/ctimer.o
                0x0000000000203e9c                ctimer_init
 .text.ctimer_set_with_process
                0x0000000000203ec4       0x44 build/zoul/remote-reva/obj/ctimer.o
                0x0000000000203ec4                ctimer_set_with_process
 .text.ctimer_set
                0x0000000000203f08       0x14 build/zoul/remote-reva/obj/ctimer.o
                0x0000000000203f08                ctimer_set
 .text.ctimer_stop
                0x0000000000203f1c       0x2c build/zoul/remote-reva/obj/ctimer.o
                0x0000000000203f1c                ctimer_stop
 .text.ctimer_expired
                0x0000000000203f48       0x34 build/zoul/remote-reva/obj/ctimer.o
                0x0000000000203f48                ctimer_expired
 .text.rtimer_run_next
                0x0000000000203f7c       0x28 build/zoul/remote-reva/obj/rtimer.o
                0x0000000000203f7c                rtimer_run_next
 .text.call_process.part.0
                0x0000000000203fa4       0x38 build/zoul/remote-reva/obj/process.o
 .text.exit_process
                0x0000000000203fdc       0x80 build/zoul/remote-reva/obj/process.o
 .text.do_poll  0x000000000020405c       0x30 build/zoul/remote-reva/obj/process.o
 .text.process_alloc_event
                0x000000000020408c       0x10 build/zoul/remote-reva/obj/process.o
                0x000000000020408c                process_alloc_event
 .text.process_init
                0x000000000020409c       0x30 build/zoul/remote-reva/obj/process.o
                0x000000000020409c                process_init
 .text.process_run
                0x00000000002040cc       0x84 build/zoul/remote-reva/obj/process.o
                0x00000000002040cc                process_run
 .text.process_nevents
                0x0000000000204150       0x14 build/zoul/remote-reva/obj/process.o
                0x0000000000204150                process_nevents
 .text.process_post
                0x0000000000204164       0x3c build/zoul/remote-reva/obj/process.o
                0x0000000000204164                process_post
 .text.process_post_synch
                0x00000000002041a0       0x14 build/zoul/remote-reva/obj/process.o
                0x00000000002041a0                process_post_synch
 .text.process_start
                0x00000000002041b4       0x30 build/zoul/remote-reva/obj/process.o
                0x00000000002041b4                process_start
 .text.process_poll
                0x00000000002041e4       0x18 build/zoul/remote-reva/obj/process.o
                0x00000000002041e4                process_poll
 .text.stack_check_init
                0x00000000002041fc       0x24 build/zoul/remote-reva/obj/stack-check.o
                0x00000000002041fc                stack_check_init
 .text.stack_check_get_usage
                0x0000000000204220       0x40 build/zoul/remote-reva/obj/stack-check.o
                0x0000000000204220                stack_check_get_usage
 .text.process_thread_stack_check_process
                0x0000000000204260       0xa8 build/zoul/remote-reva/obj/stack-check.o
 .text.process_thread_sensors_process
                0x0000000000204308       0xd4 build/zoul/remote-reva/obj/sensors.o
 .text.random_rand
                0x00000000002043dc       0x24 build/zoul/remote-reva/obj/random.o
                0x00000000002043dc                random_rand
 .text.random_init
                0x0000000000204400       0x78 build/zoul/remote-reva/obj/random.o
                0x0000000000204400                random_init
 .text.duration_exceeded_callback
                0x0000000000204478       0x34 build/zoul/remote-reva/obj/button-hal.o
 .text.process_thread_button_hal_process
                0x00000000002044ac       0x78 build/zoul/remote-reva/obj/button-hal.o
 .text.press_release_handler
                0x0000000000204524       0x18 build/zoul/remote-reva/obj/button-hal.o
 .text.debounce_handler
                0x000000000020453c       0x64 build/zoul/remote-reva/obj/button-hal.o
 .text.button_hal_init
                0x00000000002045a0      0x104 build/zoul/remote-reva/obj/button-hal.o
                0x00000000002045a0                button_hal_init
 .text.process_thread_serial_line_process
                0x00000000002046a4       0x9c build/zoul/remote-reva/obj/serial-line.o
 .text.serial_line_input_byte
                0x0000000000204740       0x48 build/zoul/remote-reva/obj/serial-line.o
                0x0000000000204740                serial_line_input_byte
 .text.serial_line_init
                0x0000000000204788       0x24 build/zoul/remote-reva/obj/serial-line.o
                0x0000000000204788                serial_line_init
 .text.gpio_hal_register_handler
                0x00000000002047ac        0xc build/zoul/remote-reva/obj/gpio-hal.o
                0x00000000002047ac                gpio_hal_register_handler
 .text.gpio_hal_event_handler
                0x00000000002047b8       0x24 build/zoul/remote-reva/obj/gpio-hal.o
                0x00000000002047b8                gpio_hal_event_handler
 .text.gpio_hal_init
                0x00000000002047dc        0xc build/zoul/remote-reva/obj/gpio-hal.o
                0x00000000002047dc                gpio_hal_init
 .text.queuebuf_init
                0x00000000002047e8       0x1c build/zoul/remote-reva/obj/queuebuf.o
                0x00000000002047e8                queuebuf_init
 .text.queuebuf_new_from_packetbuf
                0x0000000000204804       0x44 build/zoul/remote-reva/obj/queuebuf.o
                0x0000000000204804                queuebuf_new_from_packetbuf
 .text.queuebuf_free
                0x0000000000204848       0x2c build/zoul/remote-reva/obj/queuebuf.o
                0x0000000000204848                queuebuf_free
 .text.queuebuf_to_packetbuf
                0x0000000000204874       0x30 build/zoul/remote-reva/obj/queuebuf.o
                0x0000000000204874                queuebuf_to_packetbuf
 .text.packetbuf_hdrreduce
                0x00000000002048a4       0x28 build/zoul/remote-reva/obj/packetbuf.o
                0x00000000002048a4                packetbuf_hdrreduce
 .text.packetbuf_set_datalen
                0x00000000002048cc        0xc build/zoul/remote-reva/obj/packetbuf.o
                0x00000000002048cc                packetbuf_set_datalen
 .text.packetbuf_hdrptr
                0x00000000002048d8        0x8 build/zoul/remote-reva/obj/packetbuf.o
                0x00000000002048d8                packetbuf_hdrptr
 .text.packetbuf_datalen
                0x00000000002048e0        0xc build/zoul/remote-reva/obj/packetbuf.o
                0x00000000002048e0                packetbuf_datalen
 .text.packetbuf_hdrlen
                0x00000000002048ec       0x18 build/zoul/remote-reva/obj/packetbuf.o
                0x00000000002048ec                packetbuf_hdrlen
 .text.packetbuf_dataptr
                0x0000000000204904       0x10 build/zoul/remote-reva/obj/packetbuf.o
                0x0000000000204904                packetbuf_dataptr
 .text.packetbuf_copyto
                0x0000000000204914       0x44 build/zoul/remote-reva/obj/packetbuf.o
                0x0000000000204914                packetbuf_copyto
 .text.packetbuf_totlen
                0x0000000000204958       0x14 build/zoul/remote-reva/obj/packetbuf.o
                0x0000000000204958                packetbuf_totlen
 .text.packetbuf_hdralloc
                0x000000000020496c       0x40 build/zoul/remote-reva/obj/packetbuf.o
                0x000000000020496c                packetbuf_hdralloc
 .text.packetbuf_attr_clear
                0x00000000002049ac       0x34 build/zoul/remote-reva/obj/packetbuf.o
                0x00000000002049ac                packetbuf_attr_clear
 .text.packetbuf_clear
                0x00000000002049e0       0x20 build/zoul/remote-reva/obj/packetbuf.o
                0x00000000002049e0                packetbuf_clear
 .text.packetbuf_copyfrom
                0x0000000000204a00       0x2c build/zoul/remote-reva/obj/packetbuf.o
                0x0000000000204a00                packetbuf_copyfrom
 .text.packetbuf_attr_copyto
                0x0000000000204a2c       0x24 build/zoul/remote-reva/obj/packetbuf.o
                0x0000000000204a2c                packetbuf_attr_copyto
 .text.packetbuf_attr_copyfrom
                0x0000000000204a50       0x24 build/zoul/remote-reva/obj/packetbuf.o
                0x0000000000204a50                packetbuf_attr_copyfrom
 .text.packetbuf_set_attr
                0x0000000000204a74       0x10 build/zoul/remote-reva/obj/packetbuf.o
                0x0000000000204a74                packetbuf_set_attr
 .text.packetbuf_attr
                0x0000000000204a84        0xc build/zoul/remote-reva/obj/packetbuf.o
                0x0000000000204a84                packetbuf_attr
 .text.packetbuf_set_addr
                0x0000000000204a90       0x18 build/zoul/remote-reva/obj/packetbuf.o
                0x0000000000204a90                packetbuf_set_addr
 .text.packetbuf_addr
                0x0000000000204aa8       0x10 build/zoul/remote-reva/obj/packetbuf.o
                0x0000000000204aa8                packetbuf_addr
 .text.packetbuf_holds_broadcast
                0x0000000000204ab8       0x10 build/zoul/remote-reva/obj/packetbuf.o
                0x0000000000204ab8                packetbuf_holds_broadcast
 .text.netstack_init
                0x0000000000204ac8       0x24 build/zoul/remote-reva/obj/netstack.o
                0x0000000000204ac8                netstack_init
 .text.mac_sequence_is_duplicate
                0x0000000000204aec       0x50 build/zoul/remote-reva/obj/mac-sequence.o
                0x0000000000204aec                mac_sequence_is_duplicate
 .text.mac_sequence_register_seqno
                0x0000000000204b3c       0x60 build/zoul/remote-reva/obj/mac-sequence.o
                0x0000000000204b3c                mac_sequence_register_seqno
 .text.create_frame
                0x0000000000204b9c       0xd0 build/zoul/remote-reva/obj/framer-802154.o
 .text.frame802154_get_pan_id
                0x0000000000204c6c        0xc build/zoul/remote-reva/obj/frame802154.o
                0x0000000000204c6c                frame802154_get_pan_id
 .text.frame802154_parse
                0x0000000000204c78      0x130 build/zoul/remote-reva/obj/frame802154.o
                0x0000000000204c78                frame802154_parse
 .text.fill_space
                0x0000000000204da8       0x34 build/zoul/remote-reva/obj/strformat.o
 .text.format_str_v
                0x0000000000204ddc      0x770 build/zoul/remote-reva/obj/strformat.o
                0x0000000000204ddc                format_str_v
 .text.printf   0x000000000020554c       0x20 build/zoul/remote-reva/obj/printf.o
                0x000000000020554c                printf
 .text.csma_security_create_frame
                0x000000000020556c       0x18 build/zoul/remote-reva/obj/csma-security.o
                0x000000000020556c                csma_security_create_frame
 .text.csma_security_parse_frame
                0x0000000000205584        0xc build/zoul/remote-reva/obj/csma-security.o
                0x0000000000205584                csma_security_parse_frame
 .text.on       0x0000000000205590        0xc build/zoul/remote-reva/obj/csma.o
 .text.off      0x000000000020559c        0xc build/zoul/remote-reva/obj/csma.o
 .text.max_payload
                0x00000000002055a8       0x3c build/zoul/remote-reva/obj/csma.o
 .text.init     0x00000000002055e4       0x20 build/zoul/remote-reva/obj/csma.o
 .text.input_packet
                0x0000000000205604       0x5c build/zoul/remote-reva/obj/csma.o
 .text.schedule_transmission
                0x0000000000205660       0x38 build/zoul/remote-reva/obj/csma-output.o
 .text.tx_done  0x0000000000205698       0x7c build/zoul/remote-reva/obj/csma-output.o
 .text.transmit_from_queue
                0x0000000000205714      0x1b4 build/zoul/remote-reva/obj/csma-output.o
 .text.csma_output_packet
                0x00000000002058c8      0x144 build/zoul/remote-reva/obj/csma-output.o
                0x00000000002058c8                csma_output_packet
 .text.csma_output_init
                0x0000000000205a0c       0x24 build/zoul/remote-reva/obj/csma-output.o
                0x0000000000205a0c                csma_output_init
 .text.init     0x0000000000205a30        0xc build/zoul/remote-reva/obj/nullnet.o
 .text.output   0x0000000000205a3c       0x4c build/zoul/remote-reva/obj/nullnet.o
 .text.input    0x0000000000205a88       0x3c build/zoul/remote-reva/obj/nullnet.o
 .text.nullnet_set_input_callback
                0x0000000000205ac4        0xc build/zoul/remote-reva/obj/nullnet.o
                0x0000000000205ac4                nullnet_set_input_callback
 .text.process_thread_associator_process
                0x0000000000205ad0      0x120 node_DHT22_DB2.o
 .text.input_callback
                0x0000000000205bf0       0x28 node_DHT22_DB2.o
                0x0000000000205bf0                input_callback
 .text.process_thread_rx_process
                0x0000000000205c18      0x20c node_DHT22_DB2.o
 .text.m_and_send_dht22
                0x0000000000205e24      0x12c node_DHT22_DB2.o
                0x0000000000205e24                m_and_send_dht22
 .text.process_thread_poll_process
                0x0000000000205f50       0xec node_DHT22_DB2.o
 .text          0x000000000020603c       0x30 /usr/lib/gcc/arm-none-eabi/9.2.1/thumb/v7-m/nofp/libgcc.a(_aeabi_uldivmod.o)
                0x000000000020603c                __aeabi_uldivmod
 .text          0x000000000020606c      0x2c4 /usr/lib/gcc/arm-none-eabi/9.2.1/thumb/v7-m/nofp/libgcc.a(_udivmoddi4.o)
                0x000000000020606c                __udivmoddi4
 .text          0x0000000000206330        0x4 /usr/lib/gcc/arm-none-eabi/9.2.1/thumb/v7-m/nofp/libgcc.a(_dvmd_tls.o)
                0x0000000000206330                __aeabi_ldiv0
                0x0000000000206330                __aeabi_idiv0
 .text          0x0000000000206334       0x60 /usr/lib/gcc/arm-none-eabi/9.2.1/../../../arm-none-eabi/lib/thumb/v7-m/nofp/libc.a(lib_a-memcmp.o)
                0x0000000000206334                memcmp
 .text          0x0000000000206394       0xec /usr/lib/gcc/arm-none-eabi/9.2.1/../../../arm-none-eabi/lib/thumb/v7-m/nofp/libc.a(lib_a-memcpy.o)
                0x0000000000206394                memcpy
 .text          0x0000000000206480       0xa0 /usr/lib/gcc/arm-none-eabi/9.2.1/../../../arm-none-eabi/lib/thumb/v7-m/nofp/libc.a(lib_a-memset.o)
                0x0000000000206480                memset
 .text.default_handler
                0x0000000000206520        0x2 build/zoul/remote-reva/obj/startup-gcc.o
                0x0000000000206520                default_handler
 .text.nmi_handler
                0x0000000000206522        0x6 build/zoul/remote-reva/obj/startup-gcc.o
                0x0000000000206522                nmi_handler
 .text.fade     0x0000000000206528       0x58 build/zoul/remote-reva/obj/platform.o
 .text.platform_init_stage_one
                0x0000000000206580       0x14 build/zoul/remote-reva/obj/platform.o
                0x0000000000206580                platform_init_stage_one
 .text.platform_idle
                0x0000000000206594        0x4 build/zoul/remote-reva/obj/platform.o
                0x0000000000206594                platform_idle
 .text.board_init
                0x0000000000206598        0x4 build/zoul/remote-reva/obj/board.o
                0x0000000000206598                board_init
 .text.soc_init
                0x000000000020659c       0x22 build/zoul/remote-reva/obj/soc.o
                0x000000000020659c                soc_init
 .text.clock_isr
                0x00000000002065be        0x4 build/zoul/remote-reva/obj/clock.o
                0x00000000002065be                clock_isr
 .text.rtimer_arch_init
                0x00000000002065c2        0x2 build/zoul/remote-reva/obj/rtimer-arch.o
                0x00000000002065c2                rtimer_arch_init
 .text.uart0_isr
                0x00000000002065c4        0x6 build/zoul/remote-reva/obj/uart.o
                0x00000000002065c4                uart0_isr
 .text.uart1_isr
                0x00000000002065ca        0x6 build/zoul/remote-reva/obj/uart.o
                0x00000000002065ca                uart1_isr
 .text.gpio_port_a_isr
                0x00000000002065d0        0x6 build/zoul/remote-reva/obj/gpio.o
                0x00000000002065d0                gpio_port_a_isr
 .text.gpio_port_b_isr
                0x00000000002065d6        0x6 build/zoul/remote-reva/obj/gpio.o
                0x00000000002065d6                gpio_port_b_isr
 .text.gpio_port_c_isr
                0x00000000002065dc        0x6 build/zoul/remote-reva/obj/gpio.o
                0x00000000002065dc                gpio_port_c_isr
 .text.gpio_port_d_isr
                0x00000000002065e2        0x6 build/zoul/remote-reva/obj/gpio.o
                0x00000000002065e2                gpio_port_d_isr
 .text.send     0x00000000002065e8       0x12 build/zoul/remote-reva/obj/cc2538-rf.o
 .text.int_master_read_and_disable
                0x00000000002065fa        0x8 build/zoul/remote-reva/obj/int-master.o
                0x00000000002065fa                int_master_read_and_disable
 .text.int_master_status_set
                0x0000000000206602        0x6 build/zoul/remote-reva/obj/int-master.o
                0x0000000000206602                int_master_status_set
 .text.dbg_putchar
                0x0000000000206608       0x10 build/zoul/remote-reva/obj/dbg.o
                0x0000000000206608                dbg_putchar
 .text.dbg_send_bytes
                0x0000000000206618       0x22 build/zoul/remote-reva/obj/dbg.o
                0x0000000000206618                dbg_send_bytes
 .text.configure
                0x000000000020663a        0x4 build/zoul/remote-reva/obj/cc2538-temp-sensor.o
 .text.status   0x000000000020663e        0x4 build/zoul/remote-reva/obj/cc2538-temp-sensor.o
 .text.value    0x0000000000206642       0x34 build/zoul/remote-reva/obj/cc2538-temp-sensor.o
 .text.configure
                0x0000000000206676        0x4 build/zoul/remote-reva/obj/vdd3-sensor.o
 .text.status   0x000000000020667a        0x4 build/zoul/remote-reva/obj/vdd3-sensor.o
 .text.value    0x000000000020667e       0x2a build/zoul/remote-reva/obj/vdd3-sensor.o
 .text.autostart_start
                0x00000000002066a8       0x14 build/zoul/remote-reva/obj/autostart.o
                0x00000000002066a8                autostart_start
 .text.energest_init
                0x00000000002066bc        0x2 build/zoul/remote-reva/obj/energest.o
                0x00000000002066bc                energest_init
 .text.etimer_set
                0x00000000002066be       0x12 build/zoul/remote-reva/obj/etimer.o
                0x00000000002066be                etimer_set
 .text.etimer_reset
                0x00000000002066d0       0x12 build/zoul/remote-reva/obj/etimer.o
                0x00000000002066d0                etimer_reset
 .text.etimer_expired
                0x00000000002066e2        0xa build/zoul/remote-reva/obj/etimer.o
                0x00000000002066e2                etimer_expired
 .text.rtimer_init
                0x00000000002066ec        0x4 build/zoul/remote-reva/obj/rtimer.o
                0x00000000002066ec                rtimer_init
 .text.call_process
                0x00000000002066f0        0xc build/zoul/remote-reva/obj/process.o
 .text.timer_set
                0x00000000002066fc        0xe build/zoul/remote-reva/obj/timer.o
                0x00000000002066fc                timer_set
 .text.timer_expired
                0x000000000020670a       0x1c build/zoul/remote-reva/obj/timer.o
                0x000000000020670a                timer_expired
 .text.timer_reset
                0x0000000000206726       0x14 build/zoul/remote-reva/obj/timer.o
                0x0000000000206726                timer_reset
 .text.list_init
                0x000000000020673a        0x6 build/zoul/remote-reva/obj/list.o
                0x000000000020673a                list_init
 .text.list_head
                0x0000000000206740        0x4 build/zoul/remote-reva/obj/list.o
                0x0000000000206740                list_head
 .text.list_tail
                0x0000000000206744       0x10 build/zoul/remote-reva/obj/list.o
                0x0000000000206744                list_tail
 .text.list_remove
                0x0000000000206754       0x26 build/zoul/remote-reva/obj/list.o
                0x0000000000206754                list_remove
 .text.list_add
                0x000000000020677a       0x1a build/zoul/remote-reva/obj/list.o
                0x000000000020677a                list_add
 .text.list_length
                0x0000000000206794        0xe build/zoul/remote-reva/obj/list.o
                0x0000000000206794                list_length
 .text.list_item_next
                0x00000000002067a2        0x6 build/zoul/remote-reva/obj/list.o
                0x00000000002067a2                list_item_next
 .text.memb_init
                0x00000000002067a8       0x20 build/zoul/remote-reva/obj/memb.o
                0x00000000002067a8                memb_init
 .text.memb_alloc
                0x00000000002067c8       0x28 build/zoul/remote-reva/obj/memb.o
                0x00000000002067c8                memb_alloc
 .text.memb_free
                0x00000000002067f0       0x2c build/zoul/remote-reva/obj/memb.o
                0x00000000002067f0                memb_free
 .text.memb_inmemb
                0x000000000020681c       0x1c build/zoul/remote-reva/obj/memb.o
                0x000000000020681c                memb_inmemb
 .text.ringbuf_init
                0x0000000000206838        0xe build/zoul/remote-reva/obj/ringbuf.o
                0x0000000000206838                ringbuf_init
 .text.ringbuf_put
                0x0000000000206846       0x26 build/zoul/remote-reva/obj/ringbuf.o
                0x0000000000206846                ringbuf_put
 .text.ringbuf_get
                0x000000000020686c       0x20 build/zoul/remote-reva/obj/ringbuf.o
                0x000000000020686c                ringbuf_get
 .text.button_hal_get_state
                0x000000000020688c       0x28 build/zoul/remote-reva/obj/button-hal.o
                0x000000000020688c                button_hal_get_state
 .text.queuebuf_update_attr_from_packetbuf
                0x00000000002068b4        0xc build/zoul/remote-reva/obj/queuebuf.o
                0x00000000002068b4                queuebuf_update_attr_from_packetbuf
 .text.linkaddr_copy
                0x00000000002068c0        0x6 build/zoul/remote-reva/obj/linkaddr.o
                0x00000000002068c0                linkaddr_copy
 .text.linkaddr_cmp
                0x00000000002068c6       0x10 build/zoul/remote-reva/obj/linkaddr.o
                0x00000000002068c6                linkaddr_cmp
 .text.mac_call_sent_callback
                0x00000000002068d6       0x16 build/zoul/remote-reva/obj/mac.o
                0x00000000002068d6                mac_call_sent_callback
 .text.parse    0x00000000002068ec       0x94 build/zoul/remote-reva/obj/framer-802154.o
 .text.framer_802154_setup_params.part.0
                0x0000000000206980       0x7c build/zoul/remote-reva/obj/framer-802154.o
 .text.create   0x00000000002069fc        0x6 build/zoul/remote-reva/obj/framer-802154.o
 .text.hdr_length
                0x0000000000206a02        0x6 build/zoul/remote-reva/obj/framer-802154.o
 .text.frame802154_has_panid
                0x0000000000206a08       0xb6 build/zoul/remote-reva/obj/frame802154.o
                0x0000000000206a08                frame802154_has_panid
 .text.field_len
                0x0000000000206abe       0x84 build/zoul/remote-reva/obj/frame802154.o
 .text.frame802154_is_broadcast_addr
                0x0000000000206b42       0x1e build/zoul/remote-reva/obj/frame802154.o
                0x0000000000206b42                frame802154_is_broadcast_addr
 .text.frame802154_hdrlen
                0x0000000000206b60       0x32 build/zoul/remote-reva/obj/frame802154.o
                0x0000000000206b60                frame802154_hdrlen
 .text.frame802154_create_fcf
                0x0000000000206b92       0x5e build/zoul/remote-reva/obj/frame802154.o
                0x0000000000206b92                frame802154_create_fcf
 .text.frame802154_create
                0x0000000000206bf0       0x8c build/zoul/remote-reva/obj/frame802154.o
                0x0000000000206bf0                frame802154_create
 .text.frame802154_parse_fcf
                0x0000000000206c7c       0x66 build/zoul/remote-reva/obj/frame802154.o
                0x0000000000206c7c                frame802154_parse_fcf
 .text.write_str
                0x0000000000206ce2       0x10 build/zoul/remote-reva/obj/printf.o
 .text.putchar  0x0000000000206cf2        0xc build/zoul/remote-reva/obj/putchar.o
                0x0000000000206cf2                putchar
 .text.send_packet
                0x0000000000206cfe        0x4 build/zoul/remote-reva/obj/csma.o
 .text.init     0x0000000000206d02        0x2 build/zoul/remote-reva/obj/nullrouting.o
 .text.root_set_prefix
                0x0000000000206d04        0x2 build/zoul/remote-reva/obj/nullrouting.o
 .text.root_start
                0x0000000000206d06        0x4 build/zoul/remote-reva/obj/nullrouting.o
 .text.get_root_ipaddr
                0x0000000000206d0a        0x4 build/zoul/remote-reva/obj/nullrouting.o
 .text.get_sr_node_ipaddr
                0x0000000000206d0e        0x4 build/zoul/remote-reva/obj/nullrouting.o
 .text.node_has_joined
                0x0000000000206d12        0x4 build/zoul/remote-reva/obj/nullrouting.o
 .text.global_repair
                0x0000000000206d16        0x2 build/zoul/remote-reva/obj/nullrouting.o
 .text.ext_header_remove
                0x0000000000206d18        0x4 build/zoul/remote-reva/obj/nullrouting.o
 .text.ext_header_hbh_update
                0x0000000000206d1c        0x4 build/zoul/remote-reva/obj/nullrouting.o
 .text.link_callback
                0x0000000000206d20        0x2 build/zoul/remote-reva/obj/nullrouting.o
 .text.is_in_leaf_mode
                0x0000000000206d22        0x4 build/zoul/remote-reva/obj/nullrouting.o
 .text.local_repair
                0x0000000000206d26        0x2 build/zoul/remote-reva/obj/nullrouting.o
 .text.ext_header_srh_get_next_hop
                0x0000000000206d28        0x4 build/zoul/remote-reva/obj/nullrouting.o
 .text.neighbor_state_changed
                0x0000000000206d2c        0x2 build/zoul/remote-reva/obj/nullrouting.o
 .text.drop_route
                0x0000000000206d2e        0x2 build/zoul/remote-reva/obj/nullrouting.o
 .text.node_is_root
                0x0000000000206d30        0x4 build/zoul/remote-reva/obj/nullrouting.o
 .text.node_is_reachable
                0x0000000000206d34        0x4 build/zoul/remote-reva/obj/nullrouting.o
 .text.ext_header_update
                0x0000000000206d38        0x4 build/zoul/remote-reva/obj/nullrouting.o
 .text.ext_header_srh_update
                0x0000000000206d3c        0x4 build/zoul/remote-reva/obj/nullrouting.o
 .text.leave_network
                0x0000000000206d40        0x2 build/zoul/remote-reva/obj/nullrouting.o
 .text.get_nodeid
                0x0000000000206d42       0x1e node_DHT22_DB2.o
                0x0000000000206d42                get_nodeid
 *(SORT_BY_ALIGNMENT(.rodata*))
 .rodata.dht22  0x0000000000206d60       0x10 build/zoul/remote-reva/obj/dht22.o
                0x0000000000206d60                dht22
 .rodata.uart_regs
                0x0000000000206d70       0x58 build/zoul/remote-reva/obj/uart.o
 .rodata.cc2538_rf_driver
                0x0000000000206dc8       0x38 build/zoul/remote-reva/obj/cc2538-rf.o
                0x0000000000206dc8                cc2538_rf_driver
 .rodata.output_power
                0x0000000000206e00       0x70 build/zoul/remote-reva/obj/cc2538-rf.o
 .rodata.cc2538_temp_sensor
                0x0000000000206e70       0x10 build/zoul/remote-reva/obj/cc2538-temp-sensor.o
                0x0000000000206e70                cc2538_temp_sensor
 .rodata.vdd3_sensor
                0x0000000000206e80       0x10 build/zoul/remote-reva/obj/vdd3-sensor.o
                0x0000000000206e80                vdd3_sensor
 .rodata.framer_802154
                0x0000000000206e90        0xc build/zoul/remote-reva/obj/framer-802154.o
                0x0000000000206e90                framer_802154
 .rodata.csma_driver
                0x0000000000206e9c       0x1c build/zoul/remote-reva/obj/csma.o
                0x0000000000206e9c                csma_driver
 .rodata.nullnet_driver
                0x0000000000206eb8       0x10 build/zoul/remote-reva/obj/nullnet.o
                0x0000000000206eb8                nullnet_driver
 .rodata.nullrouting_driver
                0x0000000000206ec8       0x54 build/zoul/remote-reva/obj/nullrouting.o
                0x0000000000206ec8                nullrouting_driver
 .rodata.autostart_processes
                0x0000000000206f1c       0x10 node_DHT22_DB2.o
                0x0000000000206f1c                autostart_processes
 .rodata.linkaddr_null
                0x0000000000206f2c        0x8 build/zoul/remote-reva/obj/linkaddr.o
                0x0000000000206f2c                linkaddr_null
 .rodata.str1.1
                0x0000000000206f34        0xd build/zoul/remote-reva/obj/dht22.o
 .rodata.platform_init_stage_three.str1.1
                0x0000000000206f41       0x3e build/zoul/remote-reva/obj/platform.o
                                         0x42 (size before relaxing)
 .rodata.leds_arch_leds
                0x0000000000206f7f        0x6 build/zoul/remote-reva/obj/leds-arch.o
                0x0000000000206f7f                leds_arch_leds
 .rodata.str1.1
                0x0000000000206f85        0xc build/zoul/remote-reva/obj/board-buttons.o
 .rodata.str1.1
                0x0000000000206f91       0x11 build/zoul/remote-reva/obj/cc2538-rf.o
 .rodata.str1.1
                0x0000000000206fa2       0x14 build/zoul/remote-reva/obj/cc2538-temp-sensor.o
 .rodata.str1.1
                0x0000000000206fb6        0x5 build/zoul/remote-reva/obj/vdd3-sensor.o
 .rodata.main.str1.1
                0x0000000000206fbb       0xbc build/zoul/remote-reva/obj/contiki-main.o
                                         0xd2 (size before relaxing)
 .rodata.log_lladdr.str1.1
                0x0000000000207077       0x16 build/zoul/remote-reva/obj/log.o
 .rodata.str1.1
                0x000000000020708d        0xc build/zoul/remote-reva/obj/etimer.o
 .rodata.str1.1
                0x0000000000207099        0xf build/zoul/remote-reva/obj/ctimer.o
 .rodata.process_thread_stack_check_process.str1.1
                0x00000000002070a8       0x4f build/zoul/remote-reva/obj/stack-check.o
                                         0x5e (size before relaxing)
 .rodata.str1.1
                0x00000000002070f7        0xc build/zoul/remote-reva/obj/stack-check.o
 .rodata.str1.1
                0x0000000000207103        0x8 build/zoul/remote-reva/obj/sensors.o
 .rodata.str1.1
                0x000000000020710b       0x13 build/zoul/remote-reva/obj/button-hal.o
 .rodata.str1.1
                0x000000000020711e        0xe build/zoul/remote-reva/obj/serial-line.o
 .rodata.format_str_v.str1.1
                0x000000000020712c       0x35 build/zoul/remote-reva/obj/strformat.o
                                         0x37 (size before relaxing)
 .rodata.buffer.5483
                0x0000000000207161       0x10 build/zoul/remote-reva/obj/strformat.o
 .rodata.buffer.5492
                0x0000000000207171       0x10 build/zoul/remote-reva/obj/strformat.o
 .rodata.str1.1
                0x0000000000207181        0x5 build/zoul/remote-reva/obj/csma.o
 .rodata.str1.1
                0x0000000000207186        0x8 build/zoul/remote-reva/obj/nullnet.o
 .rodata.str1.1
                0x000000000020718e        0xc build/zoul/remote-reva/obj/nullrouting.o
 .rodata.process_thread_associator_process.str1.1
                0x000000000020719a       0x77 node_DHT22_DB2.o
 .rodata.process_thread_rx_process.str1.1
                0x0000000000207211      0x144 node_DHT22_DB2.o
                                        0x15e (size before relaxing)
 .rodata.m_and_send_dht22.str1.1
                0x0000000000207355       0x6f node_DHT22_DB2.o
 .rodata.process_thread_poll_process.str1.1
                0x00000000002073c4       0x82 node_DHT22_DB2.o
 .rodata.str1.1
                0x0000000000207446       0x2d node_DHT22_DB2.o
 .rodata.power_levels
                0x0000000000207473        0x3 node_DHT22_DB2.o
                0x0000000000207473                power_levels
                0x0000000000207476                _etext = .

.glue_7         0x0000000000207478        0x0
 .glue_7        0x0000000000207478        0x0 linker stubs

.glue_7t        0x0000000000207478        0x0
 .glue_7t       0x0000000000207478        0x0 linker stubs

.vfp11_veneer   0x0000000000207478        0x0
 .vfp11_veneer  0x0000000000207478        0x0 linker stubs

.v4_bx          0x0000000000207478        0x0
 .v4_bx         0x0000000000207478        0x0 linker stubs

.iplt           0x0000000000207478        0x0
 .iplt          0x0000000000207478        0x0 build/zoul/remote-reva/obj/startup-gcc.o

.socdata        0x0000000020004000       0x40
 *(SORT_BY_ALIGNMENT(.udma_channel_control_table))
 .udma_channel_control_table
                0x0000000020004000       0x40 build/zoul/remote-reva/obj/udma.o

.data           0x0000000020004040      0x150 load address 0x0000000000207478
                0x0000000020004040                _data = .
 *(SORT_BY_ALIGNMENT(.data*))
 .data.button_hal_buttons
                0x0000000020004040        0x8 build/zoul/remote-reva/obj/board-buttons.o
                0x0000000020004040                button_hal_buttons
 .data.button_user
                0x0000000020004048       0x50 build/zoul/remote-reva/obj/board-buttons.o
 .data.sensors  0x0000000020004098        0xc build/zoul/remote-reva/obj/zoul-sensors.o
                0x0000000020004098                sensors
 .data.cc2538_rf_process
                0x00000000200040a4       0x10 build/zoul/remote-reva/obj/cc2538-rf.o
                0x00000000200040a4                cc2538_rf_process
 .data.curr_log_level_main
                0x00000000200040b4        0x4 build/zoul/remote-reva/obj/log.o
                0x00000000200040b4                curr_log_level_main
 .data.etimer_process
                0x00000000200040b8       0x10 build/zoul/remote-reva/obj/etimer.o
                0x00000000200040b8                etimer_process
 .data.ctimer_process
                0x00000000200040c8       0x10 build/zoul/remote-reva/obj/ctimer.o
                0x00000000200040c8                ctimer_process
 .data.stack_check_process
                0x00000000200040d8       0x10 build/zoul/remote-reva/obj/stack-check.o
                0x00000000200040d8                stack_check_process
 .data.sensors_process
                0x00000000200040e8       0x10 build/zoul/remote-reva/obj/sensors.o
                0x00000000200040e8                sensors_process
 .data.button_hal_process
                0x00000000200040f8       0x10 build/zoul/remote-reva/obj/button-hal.o
                0x00000000200040f8                button_hal_process
 .data.serial_line_process
                0x0000000020004108       0x10 build/zoul/remote-reva/obj/serial-line.o
                0x0000000020004108                serial_line_process
 .data.bufmem   0x0000000020004118        0xc build/zoul/remote-reva/obj/queuebuf.o
 .data.buframmem
                0x0000000020004124        0xc build/zoul/remote-reva/obj/queuebuf.o
 .data.ctxt     0x0000000020004130        0x8 build/zoul/remote-reva/obj/printf.o
 .data.metadata_memb
                0x0000000020004138        0xc build/zoul/remote-reva/obj/csma-output.o
 .data.neighbor_memb
                0x0000000020004144        0xc build/zoul/remote-reva/obj/csma-output.o
 .data.packet_memb
                0x0000000020004150        0xc build/zoul/remote-reva/obj/csma-output.o
 .data.associator_process
                0x000000002000415c       0x10 node_DHT22_DB2.o
                0x000000002000415c                associator_process
 .data.poll_process
                0x000000002000416c       0x10 node_DHT22_DB2.o
                0x000000002000416c                poll_process
 .data.rx_process
                0x000000002000417c       0x10 node_DHT22_DB2.o
                0x000000002000417c                rx_process
 .data.mac_pan_id
                0x000000002000418c        0x2 build/zoul/remote-reva/obj/frame802154.o
 .data.rf_channel
                0x000000002000418e        0x1 build/zoul/remote-reva/obj/cc2538-rf.o
 .data.send_on_cca
                0x000000002000418f        0x1 build/zoul/remote-reva/obj/cc2538-rf.o
                0x0000000020004190                _edata = .
                0x0000000000207478                _ldata = LOADADDR (.data)

.igot.plt       0x0000000020004190        0x0 load address 0x00000000002075c8
 .igot.plt      0x0000000020004190        0x0 build/zoul/remote-reva/obj/startup-gcc.o

.ARM.exidx      0x00000000002075c8        0x8
 *(SORT_BY_ALIGNMENT(.ARM.exidx*))
 .ARM.exidx     0x00000000002075c8        0x8 /usr/lib/gcc/arm-none-eabi/9.2.1/thumb/v7-m/nofp/libgcc.a(_udivmoddi4.o)

.bss            0x0000000020004190      0xc44
                0x0000000020004190                _bss = .
 *(SORT_BY_ALIGNMENT(.bss*))
 .bss.rt_ticks_epoch
                0x0000000020004190        0x8 build/zoul/remote-reva/obj/clock.o
 .bss.rt_ticks_startup
                0x0000000020004198        0x8 build/zoul/remote-reva/obj/clock.o
 .bss.next_trigger
                0x00000000200041a0        0x4 build/zoul/remote-reva/obj/rtimer-arch.o
 .bss.input_handler
                0x00000000200041a4        0x8 build/zoul/remote-reva/obj/uart.o
 .bss.ioc_over  0x00000000200041ac        0x4 build/zoul/remote-reva/obj/ioc.o
 .bss.ioc_sel   0x00000000200041b0        0x4 build/zoul/remote-reva/obj/ioc.o
 .bss.notification_process
                0x00000000200041b4        0x4 build/zoul/remote-reva/obj/crypto.o
 .bss.prev_FRMCTRL0
                0x00000000200041b8        0x4 build/zoul/remote-reva/obj/cc2538-rf.o
 .bss.prev_MDMTEST1
                0x00000000200041bc        0x4 build/zoul/remote-reva/obj/cc2538-rf.o
 .bss.periph_permit_pm1_funcs
                0x00000000200041c0       0x14 build/zoul/remote-reva/obj/lpm.o
 .bss.notification_process
                0x00000000200041d4        0x4 build/zoul/remote-reva/obj/pka.o
 .bss.next_expiration
                0x00000000200041d8        0x4 build/zoul/remote-reva/obj/etimer.o
 .bss.timerlist
                0x00000000200041dc        0x4 build/zoul/remote-reva/obj/etimer.o
 .bss.ctimer_list_list
                0x00000000200041e0        0x4 build/zoul/remote-reva/obj/ctimer.o
 .bss.next_rtimer
                0x00000000200041e4        0x4 build/zoul/remote-reva/obj/rtimer.o
 .bss.events    0x00000000200041e8      0x180 build/zoul/remote-reva/obj/process.o
 .bss.process_current
                0x0000000020004368        0x4 build/zoul/remote-reva/obj/process.o
                0x0000000020004368                process_current
 .bss.process_list
                0x000000002000436c        0x4 build/zoul/remote-reva/obj/process.o
                0x000000002000436c                process_list
 .bss.et.5493   0x0000000020004370       0x10 build/zoul/remote-reva/obj/stack-check.o
 .bss.events.5467
                0x0000000020004380        0x4 build/zoul/remote-reva/obj/sensors.o
 .bss.i.5466    0x0000000020004384        0x4 build/zoul/remote-reva/obj/sensors.o
 .bss.button_event_handlers
                0x0000000020004388        0xc build/zoul/remote-reva/obj/button-hal.o
 .bss.pmask     0x0000000020004394        0x4 build/zoul/remote-reva/obj/button-hal.o
 .bss.ptr.5451  0x0000000020004398        0x4 build/zoul/remote-reva/obj/serial-line.o
 .bss.rxbuf     0x000000002000439c        0x8 build/zoul/remote-reva/obj/serial-line.o
 .bss.handlers_list
                0x00000000200043a4        0x4 build/zoul/remote-reva/obj/gpio-hal.o
 .bss.bufmem_memb_mem
                0x00000000200043a8       0x20 build/zoul/remote-reva/obj/queuebuf.o
 .bss.packetbuf_aligned
                0x00000000200043c8       0x80 build/zoul/remote-reva/obj/packetbuf.o
 .bss.received_seqnos
                0x0000000020004448      0x100 build/zoul/remote-reva/obj/mac-sequence.o
 .bss.metadata_memb_memb_mem
                0x0000000020004548       0x60 build/zoul/remote-reva/obj/csma-output.o
 .bss.neighbor_list_list
                0x00000000200045a8        0x4 build/zoul/remote-reva/obj/csma-output.o
 .bss.neighbor_memb_memb_mem
                0x00000000200045ac       0x70 build/zoul/remote-reva/obj/csma-output.o
 .bss.packet_memb_memb_mem
                0x000000002000461c       0x60 build/zoul/remote-reva/obj/csma-output.o
 .bss.current_callback
                0x000000002000467c        0x4 build/zoul/remote-reva/obj/nullnet.o
 .bss.Beacon_no_timer.6468
                0x0000000020004680       0x10 node_DHT22_DB2.o
 .bss.asotimer  0x0000000020004690       0x10 node_DHT22_DB2.o
 .bss.datapoint.6469
                0x00000000200046a0        0x4 node_DHT22_DB2.o
 .bss.mydata    0x00000000200046a4       0x1c node_DHT22_DB2.o
 .bss.next_beacon_etimer
                0x00000000200046c0       0x10 node_DHT22_DB2.o
 .bss.time_after_poll.6499
                0x00000000200046d0        0x4 node_DHT22_DB2.o
 .bss.time_of_beacon_rx
                0x00000000200046d4        0x4 node_DHT22_DB2.o
 .bss.node_id   0x00000000200046d8        0x2 build/zoul/remote-reva/obj/node-id.o
                0x00000000200046d8                node_id
 .bss.buframmem_memb_mem
                0x00000000200046da      0x560 build/zoul/remote-reva/obj/queuebuf.o
 .bss.buflen    0x0000000020004c3a        0x2 build/zoul/remote-reva/obj/packetbuf.o
 .bss.bufptr    0x0000000020004c3c        0x2 build/zoul/remote-reva/obj/packetbuf.o
 .bss.dualband24_addr
                0x0000000020004c3e        0x8 node_DHT22_DB2.o
 .bss.from      0x0000000020004c46        0x8 node_DHT22_DB2.o
 .bss.len_msg   0x0000000020004c4e        0x2 node_DHT22_DB2.o
 .bss.busy      0x0000000020004c50        0x1 build/zoul/remote-reva/obj/dht22.o
 .bss.dht22_data
                0x0000000020004c51        0x5 build/zoul/remote-reva/obj/dht22.o
 .bss.enabled   0x0000000020004c56        0x1 build/zoul/remote-reva/obj/dht22.o
 .bss.initialized
                0x0000000020004c57        0x1 build/zoul/remote-reva/obj/antenna-sw.o
 .bss.crc_corr  0x0000000020004c58        0x1 build/zoul/remote-reva/obj/cc2538-rf.o
 .bss.poll_mode
                0x0000000020004c59        0x1 build/zoul/remote-reva/obj/cc2538-rf.o
 .bss.rf_flags  0x0000000020004c5a        0x1 build/zoul/remote-reva/obj/cc2538-rf.o
 .bss.rssi      0x0000000020004c5b        0x1 build/zoul/remote-reva/obj/cc2538-rf.o
 .bss.was_on    0x0000000020004c5c        0x1 build/zoul/remote-reva/obj/cc2538-rf.o
 .bss.max_pm    0x0000000020004c5d        0x1 build/zoul/remote-reva/obj/lpm.o
 .bss.initialized
                0x0000000020004c5e        0x1 build/zoul/remote-reva/obj/ctimer.o
 .bss.fevent    0x0000000020004c5f        0x1 build/zoul/remote-reva/obj/process.o
 .bss.lastevent
                0x0000000020004c60        0x1 build/zoul/remote-reva/obj/process.o
 .bss.nevents   0x0000000020004c61        0x1 build/zoul/remote-reva/obj/process.o
 .bss.poll_requested
                0x0000000020004c62        0x1 build/zoul/remote-reva/obj/process.o
 .bss.num_sensors
                0x0000000020004c63        0x1 build/zoul/remote-reva/obj/sensors.o
 .bss.buf.5450  0x0000000020004c64       0x80 build/zoul/remote-reva/obj/serial-line.o
 .bss.overflow.5444
                0x0000000020004ce4        0x1 build/zoul/remote-reva/obj/serial-line.o
 .bss.rxbuf_data
                0x0000000020004ce5       0x80 build/zoul/remote-reva/obj/serial-line.o
 .bss.bufmem_memb_used
                0x0000000020004d65        0x8 build/zoul/remote-reva/obj/queuebuf.o
 .bss.buframmem_memb_used
                0x0000000020004d6d        0x8 build/zoul/remote-reva/obj/queuebuf.o
 .bss.hdrlen    0x0000000020004d75        0x1 build/zoul/remote-reva/obj/packetbuf.o
 .bss.initialized
                0x0000000020004d76        0x1 build/zoul/remote-reva/obj/framer-802154.o
 .bss.mac_dsn   0x0000000020004d77        0x1 build/zoul/remote-reva/obj/framer-802154.o
 .bss.initialized.6318
                0x0000000020004d78        0x1 build/zoul/remote-reva/obj/csma-output.o
 .bss.metadata_memb_memb_used
                0x0000000020004d79        0x8 build/zoul/remote-reva/obj/csma-output.o
 .bss.neighbor_memb_memb_used
                0x0000000020004d81        0x2 build/zoul/remote-reva/obj/csma-output.o
 .bss.packet_memb_memb_used
                0x0000000020004d83        0x8 build/zoul/remote-reva/obj/csma-output.o
 .bss.seqno.6319
                0x0000000020004d8b        0x1 build/zoul/remote-reva/obj/csma-output.o
 .bss.beaconrx_f
                0x0000000020004d8c        0x1 node_DHT22_DB2.o
 .bss.bitmask   0x0000000020004d8d        0x1 node_DHT22_DB2.o
 .bss.buf.6484  0x0000000020004d8e        0x2 node_DHT22_DB2.o
 .bss.i_pwr.6488
                0x0000000020004d90        0x1 node_DHT22_DB2.o
 .bss.is_associated
                0x0000000020004d91        0x1 node_DHT22_DB2.o
 .bss.nodeid    0x0000000020004d92        0x1 node_DHT22_DB2.o
 *(SORT_BY_ALIGNMENT(COMMON))
 *fill*         0x0000000020004d93        0x1 
 COMMON         0x0000000020004d94        0x6 build/zoul/remote-reva/obj/nullnet.o
                0x0000000020004d94                nullnet_buf
                0x0000000020004d98                nullnet_len
 COMMON         0x0000000020004d9a       0x2a build/zoul/remote-reva/obj/packetbuf.o
                0x0000000020004d9a                packetbuf_addrs
                0x0000000020004daa                packetbuf_attrs
 COMMON         0x0000000020004dc4        0x8 build/zoul/remote-reva/obj/linkaddr.o
                0x0000000020004dc4                linkaddr_node_addr
 COMMON         0x0000000020004dcc        0x3 build/zoul/remote-reva/obj/zoul-sensors.o
                0x0000000020004dcc                sensors_flags
 COMMON         0x0000000020004dcf        0x1 build/zoul/remote-reva/obj/sensors.o
                0x0000000020004dcf                sensors_event
 COMMON         0x0000000020004dd0        0x3 build/zoul/remote-reva/obj/button-hal.o
                0x0000000020004dd0                button_hal_release_event
                0x0000000020004dd1                button_hal_periodic_event
                0x0000000020004dd2                button_hal_press_event
 COMMON         0x0000000020004dd3        0x1 build/zoul/remote-reva/obj/serial-line.o
                0x0000000020004dd3                serial_line_event_message
                0x0000000020004dd4                _ebss = .
                0x0000000020004dd4                _end = .
                0x0000000020004dd4                _stack = .

.stack          0x0000000020004dd8      0x800
 *(SORT_BY_ALIGNMENT(.stack))
 .stack         0x0000000020004dd8      0x800 build/zoul/remote-reva/obj/startup-gcc.o
                0x00000000200055d8                _stack_origin = .
                0x00000000200055d8                _heap = .
                0x0000000020008000                _eheap = (ORIGIN (FRSRAM) + LENGTH (FRSRAM))

.nrdata         0x0000000020000000        0x0
                0x0000000020000000                _nrdata = .
 *(SORT_BY_ALIGNMENT(.nrdata*))
                0x0000000020000000                _enrdata = .

.flashcca       0x000000000027ffd4       0x2c
 *(SORT_BY_ALIGNMENT(.flashcca))
 .flashcca      0x000000000027ffd4       0x2c build/zoul/remote-reva/obj/startup-gcc.o
                0x000000000027ffd4                flash_cca_lock_page
OUTPUT(build/zoul/remote-reva/node_DHT22_DB2.elf elf32-littlearm)
LOAD linker stubs

.rel.dyn        0x0000000000280000        0x0
 .rel.iplt      0x0000000000280000        0x0 build/zoul/remote-reva/obj/startup-gcc.o

.comment        0x0000000000000000       0xa7
 .comment       0x0000000000000000       0x59 build/zoul/remote-reva/obj/startup-gcc.o
                                         0x5a (size before relaxing)
 .comment       0x0000000000000059       0x5a build/zoul/remote-reva/obj/dht22.o
 .comment       0x0000000000000059       0x5a build/zoul/remote-reva/obj/platform.o
 .comment       0x0000000000000059       0x5a build/zoul/remote-reva/obj/leds-arch.o
 .comment       0x0000000000000059       0x5a build/zoul/remote-reva/obj/leds.o
 .comment       0x0000000000000059       0x5a build/zoul/remote-reva/obj/board-buttons.o
 .comment       0x0000000000000059       0x5a build/zoul/remote-reva/obj/zoul-sensors.o
 .comment       0x0000000000000059       0x5a build/zoul/remote-reva/obj/board.o
 .comment       0x0000000000000059       0x5a build/zoul/remote-reva/obj/antenna-sw.o
 .comment       0x0000000000000059       0x5a build/zoul/remote-reva/obj/soc.o
 .comment       0x0000000000000059       0x5a build/zoul/remote-reva/obj/clock.o
 .comment       0x0000000000000059       0x5a build/zoul/remote-reva/obj/rtimer-arch.o
 .comment       0x0000000000000059       0x5a build/zoul/remote-reva/obj/uart.o
 .comment       0x0000000000000059       0x5a build/zoul/remote-reva/obj/watchdog.o
 .comment       0x0000000000000059       0x5a build/zoul/remote-reva/obj/nvic.o
 .comment       0x0000000000000059       0x5a build/zoul/remote-reva/obj/sys-ctrl.o
 .comment       0x0000000000000059       0x5a build/zoul/remote-reva/obj/gpio.o
 .comment       0x0000000000000059       0x5a build/zoul/remote-reva/obj/ioc.o
 .comment       0x0000000000000059       0x5a build/zoul/remote-reva/obj/adc.o
 .comment       0x0000000000000059       0x5a build/zoul/remote-reva/obj/crypto.o
 .comment       0x0000000000000059       0x5a build/zoul/remote-reva/obj/gpio-hal-arch.o
 .comment       0x0000000000000059       0x5a build/zoul/remote-reva/obj/cc2538-rf.o
 .comment       0x0000000000000059       0x5a build/zoul/remote-reva/obj/udma.o
 .comment       0x0000000000000059       0x5a build/zoul/remote-reva/obj/lpm.o
 .comment       0x0000000000000059       0x5a build/zoul/remote-reva/obj/int-master.o
 .comment       0x0000000000000059       0x5a build/zoul/remote-reva/obj/pka.o
 .comment       0x0000000000000059       0x5a build/zoul/remote-reva/obj/dbg.o
 .comment       0x0000000000000059       0x5a build/zoul/remote-reva/obj/ieee-addr.o
 .comment       0x0000000000000059       0x5a build/zoul/remote-reva/obj/cc2538-temp-sensor.o
 .comment       0x0000000000000059       0x5a build/zoul/remote-reva/obj/vdd3-sensor.o
 .comment       0x0000000000000059       0x5a build/zoul/remote-reva/obj/contiki-main.o
 .comment       0x0000000000000059       0x5a build/zoul/remote-reva/obj/autostart.o
 .comment       0x0000000000000059       0x5a build/zoul/remote-reva/obj/log.o
 .comment       0x0000000000000059       0x5a build/zoul/remote-reva/obj/energest.o
 .comment       0x0000000000000059       0x5a build/zoul/remote-reva/obj/etimer.o
 .comment       0x0000000000000059       0x5a build/zoul/remote-reva/obj/node-id.o
 .comment       0x0000000000000059       0x5a build/zoul/remote-reva/obj/ctimer.o
 .comment       0x0000000000000059       0x5a build/zoul/remote-reva/obj/rtimer.o
 .comment       0x0000000000000059       0x5a build/zoul/remote-reva/obj/process.o
 .comment       0x0000000000000059       0x5a build/zoul/remote-reva/obj/timer.o
 .comment       0x0000000000000059       0x5a build/zoul/remote-reva/obj/stack-check.o
 .comment       0x0000000000000059       0x5a build/zoul/remote-reva/obj/sensors.o
 .comment       0x0000000000000059       0x5a build/zoul/remote-reva/obj/list.o
 .comment       0x0000000000000059       0x5a build/zoul/remote-reva/obj/memb.o
 .comment       0x0000000000000059       0x5a build/zoul/remote-reva/obj/random.o
 .comment       0x0000000000000059       0x5a build/zoul/remote-reva/obj/ringbuf.o
 .comment       0x0000000000000059       0x5a build/zoul/remote-reva/obj/button-hal.o
 .comment       0x0000000000000059       0x5a build/zoul/remote-reva/obj/serial-line.o
 .comment       0x0000000000000059       0x5a build/zoul/remote-reva/obj/gpio-hal.o
 .comment       0x0000000000000059       0x5a build/zoul/remote-reva/obj/queuebuf.o
 .comment       0x0000000000000059       0x5a build/zoul/remote-reva/obj/packetbuf.o
 .comment       0x0000000000000059       0x5a build/zoul/remote-reva/obj/netstack.o
 .comment       0x0000000000000059       0x5a build/zoul/remote-reva/obj/linkaddr.o
 .comment       0x0000000000000059       0x5a build/zoul/remote-reva/obj/mac-sequence.o
 .comment       0x0000000000000059       0x5a build/zoul/remote-reva/obj/mac.o
 .comment       0x0000000000000059       0x5a build/zoul/remote-reva/obj/framer-802154.o
 .comment       0x0000000000000059       0x5a build/zoul/remote-reva/obj/frame802154.o
 .comment       0x0000000000000059       0x5a build/zoul/remote-reva/obj/strformat.o
 .comment       0x0000000000000059       0x5a build/zoul/remote-reva/obj/printf.o
 .comment       0x0000000000000059       0x5a build/zoul/remote-reva/obj/putchar.o
 .comment       0x0000000000000059       0x5a build/zoul/remote-reva/obj/csma-security.o
 .comment       0x0000000000000059       0x5a build/zoul/remote-reva/obj/csma.o
 .comment       0x0000000000000059       0x5a build/zoul/remote-reva/obj/csma-output.o
 .comment       0x0000000000000059       0x5a build/zoul/remote-reva/obj/nullnet.o
 .comment       0x0000000000000059       0x5a build/zoul/remote-reva/obj/nullrouting.o
 .comment       0x0000000000000059       0x5a node_DHT22_DB2.o
 .comment       0x0000000000000059       0x5a /usr/lib/gcc/arm-none-eabi/9.2.1/thumb/v7-m/nofp/libgcc.a(_udivmoddi4.o)
 .comment       0x0000000000000059       0x4e /usr/lib/gcc/arm-none-eabi/9.2.1/../../../arm-none-eabi/lib/thumb/v7-m/nofp/libc.a(lib_a-memcmp.o)
                                         0x4f (size before relaxing)
 .comment       0x00000000000000a7       0x4f /usr/lib/gcc/arm-none-eabi/9.2.1/../../../arm-none-eabi/lib/thumb/v7-m/nofp/libc.a(lib_a-memset.o)

.ARM.attributes
                0x0000000000000000       0x2b
 .ARM.attributes
                0x0000000000000000       0x2d build/zoul/remote-reva/obj/startup-gcc.o
 .ARM.attributes
                0x000000000000002d       0x2d build/zoul/remote-reva/obj/dht22.o
 .ARM.attributes
                0x000000000000005a       0x2d build/zoul/remote-reva/obj/platform.o
 .ARM.attributes
                0x0000000000000087       0x33 build/zoul/remote-reva/obj/leds-arch.o
 .ARM.attributes
                0x00000000000000ba       0x2d build/zoul/remote-reva/obj/leds.o
 .ARM.attributes
                0x00000000000000e7       0x33 build/zoul/remote-reva/obj/board-buttons.o
 .ARM.attributes
                0x000000000000011a       0x33 build/zoul/remote-reva/obj/zoul-sensors.o
 .ARM.attributes
                0x000000000000014d       0x2d build/zoul/remote-reva/obj/board.o
 .ARM.attributes
                0x000000000000017a       0x2d build/zoul/remote-reva/obj/antenna-sw.o
 .ARM.attributes
                0x00000000000001a7       0x2d build/zoul/remote-reva/obj/soc.o
 .ARM.attributes
                0x00000000000001d4       0x2d build/zoul/remote-reva/obj/clock.o
 .ARM.attributes
                0x0000000000000201       0x2d build/zoul/remote-reva/obj/rtimer-arch.o
 .ARM.attributes
                0x000000000000022e       0x2d build/zoul/remote-reva/obj/uart.o
 .ARM.attributes
                0x000000000000025b       0x2d build/zoul/remote-reva/obj/watchdog.o
 .ARM.attributes
                0x0000000000000288       0x2d build/zoul/remote-reva/obj/nvic.o
 .ARM.attributes
                0x00000000000002b5       0x2d build/zoul/remote-reva/obj/sys-ctrl.o
 .ARM.attributes
                0x00000000000002e2       0x2d build/zoul/remote-reva/obj/gpio.o
 .ARM.attributes
                0x000000000000030f       0x2d build/zoul/remote-reva/obj/ioc.o
 .ARM.attributes
                0x000000000000033c       0x2d build/zoul/remote-reva/obj/adc.o
 .ARM.attributes
                0x0000000000000369       0x2d build/zoul/remote-reva/obj/crypto.o
 .ARM.attributes
                0x0000000000000396       0x2d build/zoul/remote-reva/obj/gpio-hal-arch.o
 .ARM.attributes
                0x00000000000003c3       0x2d build/zoul/remote-reva/obj/cc2538-rf.o
 .ARM.attributes
                0x00000000000003f0       0x2d build/zoul/remote-reva/obj/udma.o
 .ARM.attributes
                0x000000000000041d       0x2d build/zoul/remote-reva/obj/lpm.o
 .ARM.attributes
                0x000000000000044a       0x2d build/zoul/remote-reva/obj/int-master.o
 .ARM.attributes
                0x0000000000000477       0x2d build/zoul/remote-reva/obj/pka.o
 .ARM.attributes
                0x00000000000004a4       0x2d build/zoul/remote-reva/obj/dbg.o
 .ARM.attributes
                0x00000000000004d1       0x2d build/zoul/remote-reva/obj/ieee-addr.o
 .ARM.attributes
                0x00000000000004fe       0x2d build/zoul/remote-reva/obj/cc2538-temp-sensor.o
 .ARM.attributes
                0x000000000000052b       0x2d build/zoul/remote-reva/obj/vdd3-sensor.o
 .ARM.attributes
                0x0000000000000558       0x2d build/zoul/remote-reva/obj/contiki-main.o
 .ARM.attributes
                0x0000000000000585       0x2d build/zoul/remote-reva/obj/autostart.o
 .ARM.attributes
                0x00000000000005b2       0x2d build/zoul/remote-reva/obj/log.o
 .ARM.attributes
                0x00000000000005df       0x2d build/zoul/remote-reva/obj/energest.o
 .ARM.attributes
                0x000000000000060c       0x2d build/zoul/remote-reva/obj/etimer.o
 .ARM.attributes
                0x0000000000000639       0x2d build/zoul/remote-reva/obj/node-id.o
 .ARM.attributes
                0x0000000000000666       0x2d build/zoul/remote-reva/obj/ctimer.o
 .ARM.attributes
                0x0000000000000693       0x2d build/zoul/remote-reva/obj/rtimer.o
 .ARM.attributes
                0x00000000000006c0       0x2d build/zoul/remote-reva/obj/process.o
 .ARM.attributes
                0x00000000000006ed       0x2d build/zoul/remote-reva/obj/timer.o
 .ARM.attributes
                0x000000000000071a       0x2d build/zoul/remote-reva/obj/stack-check.o
 .ARM.attributes
                0x0000000000000747       0x2d build/zoul/remote-reva/obj/sensors.o
 .ARM.attributes
                0x0000000000000774       0x2d build/zoul/remote-reva/obj/list.o
 .ARM.attributes
                0x00000000000007a1       0x2d build/zoul/remote-reva/obj/memb.o
 .ARM.attributes
                0x00000000000007ce       0x2d build/zoul/remote-reva/obj/random.o
 .ARM.attributes
                0x00000000000007fb       0x2d build/zoul/remote-reva/obj/ringbuf.o
 .ARM.attributes
                0x0000000000000828       0x2d build/zoul/remote-reva/obj/button-hal.o
 .ARM.attributes
                0x0000000000000855       0x2d build/zoul/remote-reva/obj/serial-line.o
 .ARM.attributes
                0x0000000000000882       0x2d build/zoul/remote-reva/obj/gpio-hal.o
 .ARM.attributes
                0x00000000000008af       0x2d build/zoul/remote-reva/obj/queuebuf.o
 .ARM.attributes
                0x00000000000008dc       0x2d build/zoul/remote-reva/obj/packetbuf.o
 .ARM.attributes
                0x0000000000000909       0x2d build/zoul/remote-reva/obj/netstack.o
 .ARM.attributes
                0x0000000000000936       0x2d build/zoul/remote-reva/obj/linkaddr.o
 .ARM.attributes
                0x0000000000000963       0x2d build/zoul/remote-reva/obj/mac-sequence.o
 .ARM.attributes
                0x0000000000000990       0x2d build/zoul/remote-reva/obj/mac.o
 .ARM.attributes
                0x00000000000009bd       0x2d build/zoul/remote-reva/obj/framer-802154.o
 .ARM.attributes
                0x00000000000009ea       0x2d build/zoul/remote-reva/obj/frame802154.o
 .ARM.attributes
                0x0000000000000a17       0x2d build/zoul/remote-reva/obj/strformat.o
 .ARM.attributes
                0x0000000000000a44       0x2d build/zoul/remote-reva/obj/printf.o
 .ARM.attributes
                0x0000000000000a71       0x2d build/zoul/remote-reva/obj/putchar.o
 .ARM.attributes
                0x0000000000000a9e       0x2d build/zoul/remote-reva/obj/csma-security.o
 .ARM.attributes
                0x0000000000000acb       0x2d build/zoul/remote-reva/obj/csma.o
 .ARM.attributes
                0x0000000000000af8       0x2d build/zoul/remote-reva/obj/csma-output.o
 .ARM.attributes
                0x0000000000000b25       0x2d build/zoul/remote-reva/obj/nullnet.o
 .ARM.attributes
                0x0000000000000b52       0x2d build/zoul/remote-reva/obj/nullrouting.o
 .ARM.attributes
                0x0000000000000b7f       0x2d node_DHT22_DB2.o
 .ARM.attributes
                0x0000000000000bac       0x1d /usr/lib/gcc/arm-none-eabi/9.2.1/thumb/v7-m/nofp/libgcc.a(_aeabi_uldivmod.o)
 .ARM.attributes
                0x0000000000000bc9       0x2d /usr/lib/gcc/arm-none-eabi/9.2.1/thumb/v7-m/nofp/libgcc.a(_udivmoddi4.o)
 .ARM.attributes
                0x0000000000000bf6       0x1d /usr/lib/gcc/arm-none-eabi/9.2.1/thumb/v7-m/nofp/libgcc.a(_dvmd_tls.o)
 .ARM.attributes
                0x0000000000000c13       0x2d /usr/lib/gcc/arm-none-eabi/9.2.1/../../../arm-none-eabi/lib/thumb/v7-m/nofp/libc.a(lib_a-memcmp.o)
 .ARM.attributes
                0x0000000000000c40       0x1b /usr/lib/gcc/arm-none-eabi/9.2.1/../../../arm-none-eabi/lib/thumb/v7-m/nofp/libc.a(lib_a-memcpy.o)
 .ARM.attributes
                0x0000000000000c5b       0x2d /usr/lib/gcc/arm-none-eabi/9.2.1/../../../arm-none-eabi/lib/thumb/v7-m/nofp/libc.a(lib_a-memset.o)

.debug_line     0x0000000000000000      0xbe0
 .debug_line    0x0000000000000000       0x60 /usr/lib/gcc/arm-none-eabi/9.2.1/thumb/v7-m/nofp/libgcc.a(_aeabi_uldivmod.o)
 .debug_line    0x0000000000000060      0x620 /usr/lib/gcc/arm-none-eabi/9.2.1/thumb/v7-m/nofp/libgcc.a(_udivmoddi4.o)
 .debug_line    0x0000000000000680       0x60 /usr/lib/gcc/arm-none-eabi/9.2.1/thumb/v7-m/nofp/libgcc.a(_dvmd_tls.o)
 .debug_line    0x00000000000006e0      0x1d4 /usr/lib/gcc/arm-none-eabi/9.2.1/../../../arm-none-eabi/lib/thumb/v7-m/nofp/libc.a(lib_a-memcmp.o)
 .debug_line    0x00000000000008b4       0xc1 /usr/lib/gcc/arm-none-eabi/9.2.1/../../../arm-none-eabi/lib/thumb/v7-m/nofp/libc.a(lib_a-memcpy.o)
 .debug_line    0x0000000000000975      0x26b /usr/lib/gcc/arm-none-eabi/9.2.1/../../../arm-none-eabi/lib/thumb/v7-m/nofp/libc.a(lib_a-memset.o)

.debug_info     0x0000000000000000     0x26d1
 .debug_info    0x0000000000000000       0x26 /usr/lib/gcc/arm-none-eabi/9.2.1/thumb/v7-m/nofp/libgcc.a(_aeabi_uldivmod.o)
 .debug_info    0x0000000000000026      0xd7c /usr/lib/gcc/arm-none-eabi/9.2.1/thumb/v7-m/nofp/libgcc.a(_udivmoddi4.o)
 .debug_info    0x0000000000000da2       0x26 /usr/lib/gcc/arm-none-eabi/9.2.1/thumb/v7-m/nofp/libgcc.a(_dvmd_tls.o)
 .debug_info    0x0000000000000dc8      0x9c2 /usr/lib/gcc/arm-none-eabi/9.2.1/../../../arm-none-eabi/lib/thumb/v7-m/nofp/libc.a(lib_a-memcmp.o)
 .debug_info    0x000000000000178a       0x26 /usr/lib/gcc/arm-none-eabi/9.2.1/../../../arm-none-eabi/lib/thumb/v7-m/nofp/libc.a(lib_a-memcpy.o)
 .debug_info    0x00000000000017b0      0xf21 /usr/lib/gcc/arm-none-eabi/9.2.1/../../../arm-none-eabi/lib/thumb/v7-m/nofp/libc.a(lib_a-memset.o)

.debug_abbrev   0x0000000000000000      0x602
 .debug_abbrev  0x0000000000000000       0x14 /usr/lib/gcc/arm-none-eabi/9.2.1/thumb/v7-m/nofp/libgcc.a(_aeabi_uldivmod.o)
 .debug_abbrev  0x0000000000000014      0x1c2 /usr/lib/gcc/arm-none-eabi/9.2.1/thumb/v7-m/nofp/libgcc.a(_udivmoddi4.o)
 .debug_abbrev  0x00000000000001d6       0x14 /usr/lib/gcc/arm-none-eabi/9.2.1/thumb/v7-m/nofp/libgcc.a(_dvmd_tls.o)
 .debug_abbrev  0x00000000000001ea      0x1ed /usr/lib/gcc/arm-none-eabi/9.2.1/../../../arm-none-eabi/lib/thumb/v7-m/nofp/libc.a(lib_a-memcmp.o)
 .debug_abbrev  0x00000000000003d7       0x14 /usr/lib/gcc/arm-none-eabi/9.2.1/../../../arm-none-eabi/lib/thumb/v7-m/nofp/libc.a(lib_a-memcpy.o)
 .debug_abbrev  0x00000000000003eb      0x217 /usr/lib/gcc/arm-none-eabi/9.2.1/../../../arm-none-eabi/lib/thumb/v7-m/nofp/libc.a(lib_a-memset.o)

.debug_aranges  0x0000000000000000       0xc0
 .debug_aranges
                0x0000000000000000       0x20 /usr/lib/gcc/arm-none-eabi/9.2.1/thumb/v7-m/nofp/libgcc.a(_aeabi_uldivmod.o)
 .debug_aranges
                0x0000000000000020       0x20 /usr/lib/gcc/arm-none-eabi/9.2.1/thumb/v7-m/nofp/libgcc.a(_udivmoddi4.o)
 .debug_aranges
                0x0000000000000040       0x20 /usr/lib/gcc/arm-none-eabi/9.2.1/thumb/v7-m/nofp/libgcc.a(_dvmd_tls.o)
 .debug_aranges
                0x0000000000000060       0x20 /usr/lib/gcc/arm-none-eabi/9.2.1/../../../arm-none-eabi/lib/thumb/v7-m/nofp/libc.a(lib_a-memcmp.o)
 .debug_aranges
                0x0000000000000080       0x20 /usr/lib/gcc/arm-none-eabi/9.2.1/../../../arm-none-eabi/lib/thumb/v7-m/nofp/libc.a(lib_a-memcpy.o)
 .debug_aranges
                0x00000000000000a0       0x20 /usr/lib/gcc/arm-none-eabi/9.2.1/../../../arm-none-eabi/lib/thumb/v7-m/nofp/libc.a(lib_a-memset.o)

.debug_str      0x0000000000000000     0x1a4d
 .debug_str     0x0000000000000000       0x9f /usr/lib/gcc/arm-none-eabi/9.2.1/thumb/v7-m/nofp/libgcc.a(_aeabi_uldivmod.o)
 .debug_str     0x000000000000009f     0x1139 /usr/lib/gcc/arm-none-eabi/9.2.1/thumb/v7-m/nofp/libgcc.a(_udivmoddi4.o)
                                       0x11de (size before relaxing)
 .debug_str     0x00000000000011d8       0x30 /usr/lib/gcc/arm-none-eabi/9.2.1/thumb/v7-m/nofp/libgcc.a(_dvmd_tls.o)
                                         0xa3 (size before relaxing)
 .debug_str     0x0000000000001208      0x4e0 /usr/lib/gcc/arm-none-eabi/9.2.1/../../../arm-none-eabi/lib/thumb/v7-m/nofp/libc.a(lib_a-memcmp.o)
                                        0x59c (size before relaxing)
 .debug_str     0x00000000000016e8       0xa1 /usr/lib/gcc/arm-none-eabi/9.2.1/../../../arm-none-eabi/lib/thumb/v7-m/nofp/libc.a(lib_a-memcpy.o)
                                         0xad (size before relaxing)
 .debug_str     0x0000000000001789      0x2c4 /usr/lib/gcc/arm-none-eabi/9.2.1/../../../arm-none-eabi/lib/thumb/v7-m/nofp/libc.a(lib_a-memset.o)
                                        0x8c5 (size before relaxing)

.debug_frame    0x0000000000000000       0xd0
 .debug_frame   0x0000000000000000       0x2c /usr/lib/gcc/arm-none-eabi/9.2.1/thumb/v7-m/nofp/libgcc.a(_aeabi_uldivmod.o)
 .debug_frame   0x000000000000002c       0x34 /usr/lib/gcc/arm-none-eabi/9.2.1/thumb/v7-m/nofp/libgcc.a(_udivmoddi4.o)
 .debug_frame   0x0000000000000060       0x38 /usr/lib/gcc/arm-none-eabi/9.2.1/../../../arm-none-eabi/lib/thumb/v7-m/nofp/libc.a(lib_a-memcmp.o)
 .debug_frame   0x0000000000000098       0x38 /usr/lib/gcc/arm-none-eabi/9.2.1/../../../arm-none-eabi/lib/thumb/v7-m/nofp/libc.a(lib_a-memset.o)

.debug_loc      0x0000000000000000     0x134d
 .debug_loc     0x0000000000000000      0xf86 /usr/lib/gcc/arm-none-eabi/9.2.1/thumb/v7-m/nofp/libgcc.a(_udivmoddi4.o)
 .debug_loc     0x0000000000000f86      0x196 /usr/lib/gcc/arm-none-eabi/9.2.1/../../../arm-none-eabi/lib/thumb/v7-m/nofp/libc.a(lib_a-memcmp.o)
 .debug_loc     0x000000000000111c      0x231 /usr/lib/gcc/arm-none-eabi/9.2.1/../../../arm-none-eabi/lib/thumb/v7-m/nofp/libc.a(lib_a-memset.o)

.debug_ranges   0x0000000000000000       0xf0
 .debug_ranges  0x0000000000000000       0xf0 /usr/lib/gcc/arm-none-eabi/9.2.1/thumb/v7-m/nofp/libgcc.a(_udivmoddi4.o)

Cross Reference Table

Symbol                                            File
MQ131_sensor                                      build/zoul/remote-reva/obj/MQ1312.o
MQ_calibrate                                      build/zoul/remote-reva/obj/MQ1312.o
MQ_convert                                        build/zoul/remote-reva/obj/MQ1312.o
MQ_enableDebug                                    build/zoul/remote-reva/obj/MQ1312.o
MQ_getEnvCorrectRatio                             build/zoul/remote-reva/obj/MQ1312.o
MQ_getO3                                          build/zoul/remote-reva/obj/MQ1312.o
MQ_getR0                                          build/zoul/remote-reva/obj/MQ1312.o
MQ_getTimeToRead                                  build/zoul/remote-reva/obj/MQ1312.o
MQ_isTimeToRead                                   build/zoul/remote-reva/obj/MQ1312.o
MQ_readRs                                         build/zoul/remote-reva/obj/MQ1312.o
MQ_sample                                         build/zoul/remote-reva/obj/MQ1312.o
MQ_setEnv                                         build/zoul/remote-reva/obj/MQ1312.o
MQ_setR0                                          build/zoul/remote-reva/obj/MQ1312.o
MQ_setTimeToRead                                  build/zoul/remote-reva/obj/MQ1312.o
MQ_startHeater                                    build/zoul/remote-reva/obj/MQ1312.o
MQ_stopHeater                                     build/zoul/remote-reva/obj/MQ1312.o
MQbegin                                           build/zoul/remote-reva/obj/MQ1312.o
__adddf3                                          /usr/lib/gcc/arm-none-eabi/9.2.1/thumb/v7-m/nofp/libgcc.a(_arm_addsubdf3.o)
__addsf3                                          /usr/lib/gcc/arm-none-eabi/9.2.1/thumb/v7-m/nofp/libgcc.a(_arm_addsubsf3.o)
__aeabi_cdcmpeq                                   /usr/lib/gcc/arm-none-eabi/9.2.1/thumb/v7-m/nofp/libgcc.a(_arm_cmpdf2.o)
__aeabi_cdcmple                                   /usr/lib/gcc/arm-none-eabi/9.2.1/thumb/v7-m/nofp/libgcc.a(_arm_cmpdf2.o)
__aeabi_cdrcmple                                  /usr/lib/gcc/arm-none-eabi/9.2.1/thumb/v7-m/nofp/libgcc.a(_arm_cmpdf2.o)
__aeabi_cfcmpeq                                   /usr/lib/gcc/arm-none-eabi/9.2.1/thumb/v7-m/nofp/libgcc.a(_arm_cmpsf2.o)
__aeabi_cfcmple                                   /usr/lib/gcc/arm-none-eabi/9.2.1/thumb/v7-m/nofp/libgcc.a(_arm_cmpsf2.o)
__aeabi_cfrcmple                                  /usr/lib/gcc/arm-none-eabi/9.2.1/thumb/v7-m/nofp/libgcc.a(_arm_cmpsf2.o)
__aeabi_d2f                                       /usr/lib/gcc/arm-none-eabi/9.2.1/thumb/v7-m/nofp/libgcc.a(_arm_truncdfsf2.o)
                                                  build/zoul/remote-reva/obj/multigas.o
                                                  build/zoul/remote-reva/obj/MQ1312.o
__aeabi_dadd                                      /usr/lib/gcc/arm-none-eabi/9.2.1/thumb/v7-m/nofp/libgcc.a(_arm_addsubdf3.o)
                                                  /usr/lib/gcc/arm-none-eabi/9.2.1/../../../arm-none-eabi/lib/thumb/v7-m/nofp/libm.a(lib_a-s_scalbn.o)
                                                  /usr/lib/gcc/arm-none-eabi/9.2.1/../../../arm-none-eabi/lib/thumb/v7-m/nofp/libm.a(lib_a-s_rint.o)
                                                  /usr/lib/gcc/arm-none-eabi/9.2.1/../../../arm-none-eabi/lib/thumb/v7-m/nofp/libm.a(lib_a-e_sqrt.o)
                                                  /usr/lib/gcc/arm-none-eabi/9.2.1/../../../arm-none-eabi/lib/thumb/v7-m/nofp/libm.a(lib_a-e_pow.o)
                                                  build/zoul/remote-reva/obj/MQ1312.o
__aeabi_dcmpeq                                    /usr/lib/gcc/arm-none-eabi/9.2.1/thumb/v7-m/nofp/libgcc.a(_arm_cmpdf2.o)
                                                  /usr/lib/gcc/arm-none-eabi/9.2.1/../../../arm-none-eabi/lib/thumb/v7-m/nofp/libm.a(lib_a-w_pow.o)
__aeabi_dcmpge                                    /usr/lib/gcc/arm-none-eabi/9.2.1/thumb/v7-m/nofp/libgcc.a(_arm_cmpdf2.o)
                                                  /usr/lib/gcc/arm-none-eabi/9.2.1/../../../arm-none-eabi/lib/thumb/v7-m/nofp/libm.a(lib_a-e_pow.o)
__aeabi_dcmpgt                                    /usr/lib/gcc/arm-none-eabi/9.2.1/thumb/v7-m/nofp/libgcc.a(_arm_cmpdf2.o)
                                                  /usr/lib/gcc/arm-none-eabi/9.2.1/../../../arm-none-eabi/lib/thumb/v7-m/nofp/libm.a(lib_a-e_pow.o)
__aeabi_dcmple                                    /usr/lib/gcc/arm-none-eabi/9.2.1/thumb/v7-m/nofp/libgcc.a(_arm_cmpdf2.o)
__aeabi_dcmplt                                    /usr/lib/gcc/arm-none-eabi/9.2.1/thumb/v7-m/nofp/libgcc.a(_arm_cmpdf2.o)
                                                  /usr/lib/gcc/arm-none-eabi/9.2.1/../../../arm-none-eabi/lib/thumb/v7-m/nofp/libm.a(lib_a-w_pow.o)
__aeabi_dcmpun                                    /usr/lib/gcc/arm-none-eabi/9.2.1/thumb/v7-m/nofp/libgcc.a(_arm_unorddf2.o)
                                                  /usr/lib/gcc/arm-none-eabi/9.2.1/../../../arm-none-eabi/lib/thumb/v7-m/nofp/libm.a(lib_a-w_pow.o)
__aeabi_ddiv                                      /usr/lib/gcc/arm-none-eabi/9.2.1/thumb/v7-m/nofp/libgcc.a(_arm_muldivdf3.o)
                                                  /usr/lib/gcc/arm-none-eabi/9.2.1/../../../arm-none-eabi/lib/thumb/v7-m/nofp/libm.a(lib_a-e_sqrt.o)
                                                  /usr/lib/gcc/arm-none-eabi/9.2.1/../../../arm-none-eabi/lib/thumb/v7-m/nofp/libm.a(lib_a-e_pow.o)
                                                  /usr/lib/gcc/arm-none-eabi/9.2.1/../../../arm-none-eabi/lib/thumb/v7-m/nofp/libm.a(lib_a-w_pow.o)
                                                  build/zoul/remote-reva/obj/multigas.o
                                                  build/zoul/remote-reva/obj/MQ1312.o
__aeabi_dmul                                      /usr/lib/gcc/arm-none-eabi/9.2.1/thumb/v7-m/nofp/libgcc.a(_arm_muldivdf3.o)
                                                  /usr/lib/gcc/arm-none-eabi/9.2.1/thumb/v7-m/nofp/libgcc.a(_arm_muldf3.o)
                                                  /usr/lib/gcc/arm-none-eabi/9.2.1/../../../arm-none-eabi/lib/thumb/v7-m/nofp/libm.a(lib_a-s_scalbn.o)
                                                  /usr/lib/gcc/arm-none-eabi/9.2.1/../../../arm-none-eabi/lib/thumb/v7-m/nofp/libm.a(lib_a-e_sqrt.o)
                                                  /usr/lib/gcc/arm-none-eabi/9.2.1/../../../arm-none-eabi/lib/thumb/v7-m/nofp/libm.a(lib_a-e_pow.o)
                                                  build/zoul/remote-reva/obj/multigas.o
                                                  build/zoul/remote-reva/obj/MQ1312.o
__aeabi_drsub                                     /usr/lib/gcc/arm-none-eabi/9.2.1/thumb/v7-m/nofp/libgcc.a(_arm_addsubdf3.o)
__aeabi_dsub                                      /usr/lib/gcc/arm-none-eabi/9.2.1/thumb/v7-m/nofp/libgcc.a(_arm_addsubdf3.o)
                                                  /usr/lib/gcc/arm-none-eabi/9.2.1/../../../arm-none-eabi/lib/thumb/v7-m/nofp/libm.a(lib_a-s_rint.o)
                                                  /usr/lib/gcc/arm-none-eabi/9.2.1/../../../arm-none-eabi/lib/thumb/v7-m/nofp/libm.a(lib_a-e_sqrt.o)